###############################################################################
#
# IAR ELF Linker V3.10.1.201 for STM8                     11/Aug/2023  14:56:13
# Copyright 2010-2017 IAR Systems AB.
#
#    Output file  =  
#        E:\PROJECT\gas\client_stm8\SENSOR_send\SENSORMDK\Debug\Exe\templproj.out
#    Map file     =  
#        E:\PROJECT\gas\client_stm8\SENSOR_send\SENSORMDK\Debug\List\templproj.map
#    Command line =  
#        -f C:\Users\admin\AppData\Local\Temp\EW3B43.tmp
#        (E:\PROJECT\gas\client_stm8\SENSOR_send\SENSORMDK\Debug\Obj\ActiveHalt.o
#        E:\PROJECT\gas\client_stm8\SENSOR_send\SENSORMDK\Debug\Obj\adc.o
#        E:\PROJECT\gas\client_stm8\SENSOR_send\SENSORMDK\Debug\Obj\Crc.o
#        E:\PROJECT\gas\client_stm8\SENSOR_send\SENSORMDK\Debug\Obj\data.o
#        E:\PROJECT\gas\client_stm8\SENSOR_send\SENSORMDK\Debug\Obj\delay.o
#        E:\PROJECT\gas\client_stm8\SENSOR_send\SENSORMDK\Debug\Obj\ETC.o
#        E:\PROJECT\gas\client_stm8\SENSOR_send\SENSORMDK\Debug\Obj\Extdata.o
#        E:\PROJECT\gas\client_stm8\SENSOR_send\SENSORMDK\Debug\Obj\HX712.o
#        E:\PROJECT\gas\client_stm8\SENSOR_send\SENSORMDK\Debug\Obj\main.o
#        E:\PROJECT\gas\client_stm8\SENSOR_send\SENSORMDK\Debug\Obj\program.o
#        E:\PROJECT\gas\client_stm8\SENSOR_send\SENSORMDK\Debug\Obj\Rfm64.o
#        E:\PROJECT\gas\client_stm8\SENSOR_send\SENSORMDK\Debug\Obj\rtc.o
#        E:\PROJECT\gas\client_stm8\SENSOR_send\SENSORMDK\Debug\Obj\SPI.o
#        E:\PROJECT\gas\client_stm8\SENSOR_send\SENSORMDK\Debug\Obj\sprintf.o
#        E:\PROJECT\gas\client_stm8\SENSOR_send\SENSORMDK\Debug\Obj\stm8l15x_adc.o
#        E:\PROJECT\gas\client_stm8\SENSOR_send\SENSORMDK\Debug\Obj\stm8l15x_clk.o
#        E:\PROJECT\gas\client_stm8\SENSOR_send\SENSORMDK\Debug\Obj\stm8l15x_exti.o
#        E:\PROJECT\gas\client_stm8\SENSOR_send\SENSORMDK\Debug\Obj\stm8l15x_flash.o
#        E:\PROJECT\gas\client_stm8\SENSOR_send\SENSORMDK\Debug\Obj\stm8l15x_gpio.o
#        E:\PROJECT\gas\client_stm8\SENSOR_send\SENSORMDK\Debug\Obj\stm8l15x_i2c.o
#        E:\PROJECT\gas\client_stm8\SENSOR_send\SENSORMDK\Debug\Obj\stm8l15x_it.o
#        E:\PROJECT\gas\client_stm8\SENSOR_send\SENSORMDK\Debug\Obj\stm8l15x_itc.o
#        E:\PROJECT\gas\client_stm8\SENSOR_send\SENSORMDK\Debug\Obj\stm8l15x_pwr.o
#        E:\PROJECT\gas\client_stm8\SENSOR_send\SENSORMDK\Debug\Obj\stm8l15x_rtc.o
#        E:\PROJECT\gas\client_stm8\SENSOR_send\SENSORMDK\Debug\Obj\stm8l15x_spi.o
#        E:\PROJECT\gas\client_stm8\SENSOR_send\SENSORMDK\Debug\Obj\stm8l15x_tim1.o
#        E:\PROJECT\gas\client_stm8\SENSOR_send\SENSORMDK\Debug\Obj\stm8l15x_tim2.o
#        E:\PROJECT\gas\client_stm8\SENSOR_send\SENSORMDK\Debug\Obj\stm8l15x_tim3.o
#        E:\PROJECT\gas\client_stm8\SENSOR_send\SENSORMDK\Debug\Obj\stm8l15x_tim4.o
#        E:\PROJECT\gas\client_stm8\SENSOR_send\SENSORMDK\Debug\Obj\stm8l15x_tim5.o
#        E:\PROJECT\gas\client_stm8\SENSOR_send\SENSORMDK\Debug\Obj\stm8l15x_usart.o
#        E:\PROJECT\gas\client_stm8\SENSOR_send\SENSORMDK\Debug\Obj\timer.o
#        E:\PROJECT\gas\client_stm8\SENSOR_send\SENSORMDK\Debug\Obj\USART.o
#        --redirect _Printf=_PrintfFull --redirect _Scanf=_ScanfFull -o
#        E:\PROJECT\gas\client_stm8\SENSOR_send\SENSORMDK\Debug\Exe\templproj.out
#        --map
#        E:\PROJECT\gas\client_stm8\SENSOR_send\SENSORMDK\Debug\List\templproj.map
#        --config "D:\IAR Systems\Embedded Workbench
#        8.0\stm8\config\lnkstm8l151g6.icf" --config_def _CSTACK_SIZE=0x100
#        --config_def _HEAP_SIZE=0x100 --entry __iar_program_start --debug_lib)
#
###############################################################################

*******************************************************************************
*** RUNTIME MODEL ATTRIBUTES
***

__Heap_Handler             = Basic
__SystemLibrary            = DLib
__code_model               = small
__core                     = stm8
__data_model               = medium
__dlib_file_descriptor     = 1
__dlib_full_locale_support = 1
__rt_version               = 4


*******************************************************************************
*** PLACEMENT SUMMARY
***

"A0":  place at start of [0x000000-0x0000ff] { rw section .vregs };
"A1":  place at end of [0x000000-0x0007ff] { block CSTACK };
"P2":  place in [from 0x000000 to 0x0007ff] {
          block HEAP, rw section __DLIB_PERTHREAD, rw section .far.bss,
          rw section .far.data, rw section .far.noinit,
          rw section .far_func.textrw, rw section .huge.bss,
          rw section .huge.data, rw section .huge.noinit,
          rw section .huge_func.textrw, rw section .iar.dynexit,
          rw section .near.bss, rw section .near.data, rw section .near.noinit,
          rw section .near_func.textrw };
"A2":  place at start of [0x008000-0x00ffff] { block INTVEC };
"P3":  place in [from 0x008000 to 0x00ffff] {
          ro section __DLIB_PERTHREAD_init, ro section .far.data_init,
          ro section .far_func.textrw_init, ro section .huge.data_init,
          ro section .huge_func.textrw_init, ro section .iar.init_table,
          ro section .init_array, ro section .near.data_init,
          ro section .near.rodata, ro section .near_func.text,
          ro section .near_func.textrw_init, ro section .tiny.data_init,
          ro section .tiny.rodata_init };
"P4":  place in [from 0x008000 to 0x00ffff] {
          ro section .far.rodata, ro section .far_func.text };
"P5":  place in [from 0x008000 to 0x00ffff] {
          ro section .huge.rodata, ro section .huge_func.text };
do not initialize {
   rw section .eeprom.noinit, rw section .far.noinit, rw section .huge.noinit,
   rw section .near.noinit, rw section .tiny.noinit, rw section .vregs };
initialize by copy {
   rw section .far.bss, rw section .far.data, rw section .far_func.textrw,
   rw section .huge.bss, rw section .huge.data, rw section .huge_func.textrw,
   rw section .iar.dynexit, rw section .near.bss, rw section .near.data,
   rw section .near_func.textrw, rw section .tiny.bss, rw section .tiny.data,
   ro section .tiny.rodata };

  Section            Kind      Address    Size  Object
  -------            ----      -------    ----  ------
"A0":                                     0x10
  .vregs             uninit   0x000000    0x10  vregs.o [4]
                            - 0x000010    0x10

"P2", part 1 of 2:                         0xc
  P2-1                        0x000010     0xc  <Init block>
    .near.data       inited   0x000010     0x4  data.o [1]
    .near.data       inited   0x000014     0x1  program.o [1]
    .near.data       inited   0x000015     0x1  Rfm64.o [1]
    .near.data       inited   0x000016     0x2  stm8l15x_it.o [1]
    .near.data       inited   0x000018     0x4  rand.o [4]
                            - 0x00001c     0xc

"P2", part 2 of 2:                       0x117
  .near.bss          zero     0x00001c    0x80  rand.o [4]
  .near.bss          zero     0x00009c    0x2c  data.o [1]
  .near.bss          zero     0x0000c8    0x21  Rfm64.o [1]
  .near.bss          zero     0x0000e9    0x20  Extdata.o [1]
  .near.bss          zero     0x000109     0x4  rand.o [4]
  .near.bss          zero     0x00010d     0x3  Extdata.o [1]
  .near.bss          zero     0x000110     0x3  main.o [1]
  .near.bss          zero     0x000113     0x2  data.o [1]
  .near.bss          zero     0x000115     0x2  data.o [1]
  .near.bss          zero     0x000117     0x2  Extdata.o [1]
  .near.bss          zero     0x000119     0x2  Extdata.o [1]
  .near.bss          zero     0x00011b     0x2  stm8l15x_it.o [1]
  .near.bss          zero     0x00011d     0x2  stm8l15x_it.o [1]
  .near.bss          zero     0x00011f     0x2  timer.o [1]
  .near.bss          zero     0x000121     0x2  rand.o [4]
  .near.bss          zero     0x000123     0x2  rand.o [4]
  .near.bss          zero     0x000125     0x2  rand.o [4]
  .near.bss          zero     0x000127     0x2  rand.o [4]
  .near.bss          zero     0x000129     0x1  data.o [1]
  .near.bss          zero     0x00012a     0x1  data.o [1]
  .near.bss          zero     0x00012b     0x1  data.o [1]
  .near.bss          zero     0x00012c     0x1  data.o [1]
  .near.bss          zero     0x00012d     0x1  data.o [1]
  .near.bss          zero     0x00012e     0x1  program.o [1]
  .near.bss          zero     0x00012f     0x1  program.o [1]
  .near.bss          zero     0x000130     0x1  program.o [1]
  .near.bss          zero     0x000131     0x1  Rfm64.o [1]
  .near.bss          zero     0x000132     0x1  rand.o [4]
                            - 0x000133   0x117

"A1":                                    0x100
  CSTACK                      0x000700   0x100  <Block>
    CSTACK           uninit   0x000700   0x100  <Block tail>
                            - 0x000800   0x100

"A2":                                     0x80
  INTVEC                      0x008000    0x80  <Block>
    .intvec          const    0x008000    0x80  interrupt.o [4]
                            - 0x008080    0x80

"P3-P5":                                0x1f90
  .near.rodata       const    0x008080   0x200  Crc.o [1]
  .near_func.text    ro code  0x008280   0x1c3  Rfm64.o [1]
  .near_func.text    ro code  0x008443   0x14f  long.o [4]
  .near_func.text    ro code  0x008592   0x12d  main.o [1]
  .near_func.text    ro code  0x0086bf   0x127  data.o [1]
  .near_func.text    ro code  0x0087e6    0xe2  program.o [1]
  .near_func.text    ro code  0x0088c8    0xd2  vreg_util.o [4]
  .near_func.text    ro code  0x00899a    0xc4  program.o [1]
  .near_func.text    ro code  0x008a5e    0xc2  Extdata.o [1]
  .near_func.text    ro code  0x008b20    0xbf  data.o [1]
  .near_func.text    ro code  0x008bdf    0x98  stm8l15x_clk.o [1]
  .near_func.text    ro code  0x008c77    0x95  Extdata.o [1]
  .near_func.text    ro code  0x008d0c    0x94  rand.o [4]
  .near_func.text    ro code  0x008da0    0x8e  stm8l15x_clk.o [1]
  .near_func.text    ro code  0x008e2e    0x8e  stm8l15x_gpio.o [1]
  .near_func.text    ro code  0x008ebc    0x83  HX712.o [1]
  .near_func.text    ro code  0x008f3f    0x82  HX712.o [1]
  .near_func.text    ro code  0x008fc1    0x7d  data.o [1]
  .near_func.text    ro code  0x00903e    0x7c  Rfm64.o [1]
  .near_func.text    ro code  0x0090ba    0x77  data.o [1]
  .near_func.text    ro code  0x009131    0x6d  data.o [1]
  .near_func.text    ro code  0x00919e    0x6a  Rfm64.o [1]
  .near_func.text    ro code  0x009208    0x65  data.o [1]
  .near_func.text    ro code  0x00926d    0x65  program.o [1]
  .near_func.text    ro code  0x0092d2    0x65  stm8l15x_tim3.o [1]
  .near_func.text    ro code  0x009337    0x64  Rfm64.o [1]
  .near_func.text    ro code  0x00939b    0x63  Rfm64.o [1]
  .near_func.text    ro code  0x0093fe    0x61  stm8l15x_flash.o [1]
  .near_func.text    ro code  0x00945f    0x5f  Rfm64.o [1]
  .near_func.text    ro code  0x0094be    0x5e  HX712.o [1]
  .near_func.text    ro code  0x00951c    0x55  stm8l15x_adc.o [1]
  .near_func.text    ro code  0x009571    0x49  ActiveHalt.o [1]
  .near_func.text    ro code  0x0095ba    0x46  Extdata.o [1]
  .near_func.text    ro code  0x009600    0x46  program.o [1]
  .near_func.text    ro code  0x009646    0x43  Rfm64.o [1]
  .near_func.text    ro code  0x009689    0x43  rtc.o [1]
  .near_func.text    ro code  0x0096cc    0x43  SPI.o [1]
  .near_func.text    ro code  0x00970f    0x41  stm8l15x_clk.o [1]
  .near_func.text    ro code  0x009750    0x40  ActiveHalt.o [1]
  .near_func.text    ro code  0x009790    0x40  Extdata.o [1]
  .near_func.text    ro code  0x0097d0    0x40  stm8l15x_rtc.o [1]
  .near_func.text    ro code  0x009810    0x3f  stm8l15x_it.o [1]
  .near_func.text    ro code  0x00984f    0x3d  Extdata.o [1]
  .near_func.text    ro code  0x00988c    0x3b  stm8l15x_rtc.o [1]
  .near_func.text    ro code  0x0098c7    0x37  Crc.o [1]
  .near_func.text    ro code  0x0098fe    0x37  stm8l15x_it.o [1]
  .near_func.text    ro code  0x009935    0x35  stm8l15x_usart.o [1]
  .near_func.text    ro code  0x00996a    0x34  data.o [1]
  .near_func.text    ro code  0x00999e    0x34  long_util.o [4]
  .near_func.text    ro code  0x0099d2    0x32  HX712.o [1]
  .near_func.text    ro code  0x009a04    0x32  HX712.o [1]
  .near_func.text    ro code  0x009a36    0x2f  ETC.o [1]
  .near_func.text    ro code  0x009a65    0x2d  Crc.o [1]
  .near.rodata       const    0x009a92    0x28  Rfm64.o [1]
  .near_func.text    ro code  0x009aba    0x28  delay.o [1]
  .near_func.text    ro code  0x009ae2    0x28  program.o [1]
  .near_func.text    ro code  0x009b0a    0x28  init_small.o [4]
  .near_func.text    ro code  0x009b32    0x27  program.o [1]
  .near_func.text    ro code  0x009b59    0x27  stm8l15x_usart.o [1]
  .near_func.text    ro code  0x009b80    0x26  rtc.o [1]
  .near_func.text    ro code  0x009ba6    0x25  data.o [1]
  .near_func.text    ro code  0x009bcb    0x25  data.o [1]
  .near_func.text    ro code  0x009bf0    0x23  stm8l15x_rtc.o [1]
  .near_func.text    ro code  0x009c13    0x22  data.o [1]
  .near_func.text    ro code  0x009c35    0x21  ETC.o [1]
  .iar.init_table    const    0x009c56    0x12  - Linker created -
  .near.rodata       const    0x009c68    0x20  program.o [1]
  .near_func.text    ro code  0x009c88    0x1f  data.o [1]
  .near_func.text    ro code  0x009ca7    0x1f  memcpy.o [4]
  .near_func.text    ro code  0x009cc6    0x1e  init_small.o [4]
  .near_func.text    ro code  0x009ce4    0x1d  data.o [1]
  .near_func.text    ro code  0x009d01    0x1d  data.o [1]
  .near_func.text    ro code  0x009d1e    0x1d  short.o [4]
  .near_func.text    ro code  0x009d3b    0x1b  stm8l15x_it.o [1]
  .near_func.text    ro code  0x009d56    0x1a  rand.o [4]
  .near_func.text    ro code  0x009d70    0x19  stm8l15x_flash.o [1]
  .near_func.text    ro code  0x009d89    0x18  stm8l15x_flash.o [1]
  .near_func.text    ro code  0x009da1    0x17  data.o [1]
  .near_func.text    ro code  0x009db8    0x17  HX712.o [1]
  .near_func.text    ro code  0x009dcf    0x16  memset.o [4]
  .near_func.text    ro code  0x009de5    0x15  data.o [1]
  .near_func.text    ro code  0x009dfa    0x15  stm8l15x_rtc.o [1]
  .near_func.text    ro code  0x009e0f    0x14  init.o [4]
  .near_func.text    ro code  0x009e23    0x14  __dbg_xxexit.o [3]
  .near_func.text    ro code  0x009e37    0x13  program.o [1]
  .near_func.text    ro code  0x009e4a    0x13  stm8l15x_gpio.o [1]
  .near_func.text    ro code  0x009e5d    0x13  stm8l15x_gpio.o [1]
  .near_func.text    ro code  0x009e70    0x13  cstartup.o [4]
  .near_func.text    ro code  0x009e83    0x12  program.o [1]
  .near_func.text    ro code  0x009e95    0x12  stm8l15x_gpio.o [1]
  .near_func.text    ro code  0x009ea7    0x10  data.o [1]
  .near_func.text    ro code  0x009eb7    0x10  program.o [1]
  .near_func.text    ro code  0x009ec7     0xf  delay.o [1]
  .near_func.text    ro code  0x009ed6     0xf  stm8l15x_flash.o [1]
  .near.rodata       const    0x009ee5     0xe  data.o [1]
  .near_func.text    ro code  0x009ef3     0xe  stm8l15x_clk.o [1]
  .near_func.text    ro code  0x009f01     0xe  stm8l15x_clk.o [1]
  .near_func.text    ro code  0x009f0f     0xe  stm8l15x_clk.o [1]
  .near_func.text    ro code  0x009f1d     0xe  stm8l15x_pwr.o [1]
  .near_func.text    ro code  0x009f2b     0xe  stm8l15x_pwr.o [1]
  .near_func.text    ro code  0x009f39     0xd  ActiveHalt.o [1]
  .near_func.text    ro code  0x009f46     0xd  move.o [4]
  .near_func.text    ro code  0x009f53     0xc  stm8l15x_rtc.o [1]
  Initializer bytes  const    0x009f5f     0xc  <for P2-1>
  .near_func.text    ro code  0x009f6b     0xb  ETC.o [1]
  .near_func.text    ro code  0x009f76     0xb  stm8l15x_flash.o [1]
  .near_func.text    ro code  0x009f81     0xb  dc_util.o [4]
  .near_func.text    ro code  0x009f8c     0xa  stm8l15x_clk.o [1]
  .near_func.text    ro code  0x009f96     0x9  data.o [1]
  .near_func.text    ro code  0x009f9f     0x9  stm8l15x_tim3.o [1]
  .near_func.text    ro code  0x009fa8     0x9  rand.o [4]
  .near_func.text    ro code  0x009fb1     0x8  stm8l15x_gpio.o [1]
  .near_func.text    ro code  0x009fb9     0x7  stm8l15x_gpio.o [1]
  .near_func.text    ro code  0x009fc0     0x6  stm8l15x_usart.o [1]
  .near_func.text    ro code  0x009fc6     0x5  cexit.o [4]
  .near_func.text    ro code  0x009fcb     0x4  stm8l15x_clk.o [1]
  .near_func.text    ro code  0x009fcf     0x4  stm8l15x_clk.o [1]
  .near_func.text    ro code  0x009fd3     0x4  stm8l15x_clk.o [1]
  .near_func.text    ro code  0x009fd7     0x4  stm8l15x_flash.o [1]
  .near_func.text    ro code  0x009fdb     0x4  stm8l15x_flash.o [1]
  .near_func.text    ro code  0x009fdf     0x4  timer.o [1]
  .near_func.text    ro code  0x009fe3     0x3  stm8l15x_usart.o [1]
  .near_func.text    ro code  0x009fe6     0x3  interrupt.o [4]
  .near_func.text    ro code  0x009fe9     0x3  low_level_init.o [4]
  .near_func.text    ro code  0x009fec     0x3  exit.o [4]
  .near_func.text    ro code  0x009fef     0x3  unhandled_exception.o [4]
  .near_func.text    ro code  0x009ff2     0x1  data.o [1]
  .near_func.text    ro code  0x009ff3     0x1  stm8l15x_it.o [1]
  .near_func.text    ro code  0x009ff4     0x1  stm8l15x_it.o [1]
  .near_func.text    ro code  0x009ff5     0x1  stm8l15x_it.o [1]
  .near_func.text    ro code  0x009ff6     0x1  stm8l15x_it.o [1]
  .near_func.text    ro code  0x009ff7     0x1  stm8l15x_it.o [1]
  .near_func.text    ro code  0x009ff8     0x1  stm8l15x_it.o [1]
  .near_func.text    ro code  0x009ff9     0x1  stm8l15x_it.o [1]
  .near_func.text    ro code  0x009ffa     0x1  stm8l15x_it.o [1]
  .near_func.text    ro code  0x009ffb     0x1  stm8l15x_it.o [1]
  .near_func.text    ro code  0x009ffc     0x1  stm8l15x_it.o [1]
  .near_func.text    ro code  0x009ffd     0x1  stm8l15x_it.o [1]
  .near_func.text    ro code  0x009ffe     0x1  stm8l15x_it.o [1]
  .near_func.text    ro code  0x009fff     0x1  stm8l15x_it.o [1]
  .near_func.text    ro code  0x00a000     0x1  stm8l15x_it.o [1]
  .near_func.text    ro code  0x00a001     0x1  stm8l15x_it.o [1]
  .near_func.text    ro code  0x00a002     0x1  stm8l15x_it.o [1]
  .near_func.text    ro code  0x00a003     0x1  stm8l15x_it.o [1]
  .near_func.text    ro code  0x00a004     0x1  stm8l15x_it.o [1]
  .near_func.text    ro code  0x00a005     0x1  stm8l15x_it.o [1]
  .near_func.text    ro code  0x00a006     0x1  stm8l15x_it.o [1]
  .near_func.text    ro code  0x00a007     0x1  stm8l15x_it.o [1]
  .near_func.text    ro code  0x00a008     0x1  stm8l15x_it.o [1]
  .near_func.text    ro code  0x00a009     0x1  stm8l15x_it.o [1]
  .near_func.text    ro code  0x00a00a     0x1  stm8l15x_it.o [1]
  .near_func.text    ro code  0x00a00b     0x1  stm8l15x_it.o [1]
  .near_func.text    ro code  0x00a00c     0x1  stm8l15x_it.o [1]
  .near_func.text    ro code  0x00a00d     0x1  stm8l15x_it.o [1]
  .near_func.text    ro code  0x00a00e     0x1  timer.o [1]
  .near_func.text    ro code  0x00a00f     0x1  __dbg_break.o [3]
                            - 0x00a010  0x1f90


*******************************************************************************
*** INIT TABLE
***

          Address   Size
          -------   ----
Zero (__iar_zero_init2)
    1 destination range, total size 0x117:
          0x00001c  0x117

Copy (__iar_copy_init2)
    1 source range, total size 0xc:
          0x009f5f    0xc
    1 destination range, total size 0xc:
          0x000010    0xc



*******************************************************************************
*** MODULE SUMMARY
***

    Module                 ro code  ro data  rw data
    ------                 -------  -------  -------
E:\PROJECT\gas\client_stm8\SENSOR_send\SENSORMDK\Debug\Obj: [1]
    ActiveHalt.o               150
    Crc.o                      100      512
    ETC.o                       91
    Extdata.o                  538                39
    HX712.o                    478
    Rfm64.o                  1 042       41       35
    SPI.o                       67
    data.o                   1 259       18       57
    delay.o                     55
    main.o                     301                 3
    program.o                  725       33        4
    rtc.o                      105
    stm8l15x_adc.o              85
    stm8l15x_clk.o             423
    stm8l15x_flash.o           180
    stm8l15x_gpio.o            213
    stm8l15x_it.o              172        2        6
    stm8l15x_pwr.o              28
    stm8l15x_rtc.o             191
    stm8l15x_tim3.o            110
    stm8l15x_usart.o           101
    timer.o                      5                 2
    ------------------------------------------------
    Total:                   6 419      606      146

command line: [2]
    ------------------------------------------------
    Total:

dbgstm8smd.a: [3]
    __dbg_break.o                1
    __dbg_xxexit.o              20
    ------------------------------------------------
    Total:                      21

dlstm8smf.a: [4]
    cexit.o                      5
    cstartup.o                  19
    dc_util.o                   11
    exit.o                       3
    init.o                      20
    init_small.o                70
    interrupt.o                  3      128
    long.o                     335
    long_util.o                 52
    low_level_init.o             3
    memcpy.o                    31
    memset.o                    22
    move.o                      13
    rand.o                     183        4      145
    short.o                     29
    unhandled_exception.o        3
    vreg_util.o                210
    vregs.o                                       16
    ------------------------------------------------
    Total:                   1 012      132      161

    Linker created                       18      256
----------------------------------------------------
    Grand Total:             7 452      756      563


*******************************************************************************
*** ENTRY LIST
***

Entry                    Address   Size  Type      Object
-----                    -------   ----  ----      ------
.iar.init_table$$Base   0x009c56          --   Gb  - Linker created -
.iar.init_table$$Limit  0x009c68          --   Gb  - Linker created -
?add32_l0_l0_0x         0x008483         Code  Gb  long.o [4]
?add32_l0_l0_dl         0x00847e         Code  Gb  long.o [4]
?and32_l0_l0_0x         0x008533         Code  Gb  long.o [4]
?and32_l0_l0_l1         0x008530         Code  Gb  long.o [4]
?b0                     0x000000         Data  Gb  vregs.o [4]
?b1                     0x000001         Data  Gb  vregs.o [4]
?b10                    0x00000a         Data  Gb  vregs.o [4]
?b11                    0x00000b         Data  Gb  vregs.o [4]
?b12                    0x00000c         Data  Gb  vregs.o [4]
?b13                    0x00000d         Data  Gb  vregs.o [4]
?b14                    0x00000e         Data  Gb  vregs.o [4]
?b15                    0x00000f         Data  Gb  vregs.o [4]
?b2                     0x000002         Data  Gb  vregs.o [4]
?b3                     0x000003         Data  Gb  vregs.o [4]
?b4                     0x000004         Data  Gb  vregs.o [4]
?b5                     0x000005         Data  Gb  vregs.o [4]
?b6                     0x000006         Data  Gb  vregs.o [4]
?b7                     0x000007         Data  Gb  vregs.o [4]
?b8                     0x000008         Data  Gb  vregs.o [4]
?b9                     0x000009         Data  Gb  vregs.o [4]
?dc32_px                0x009f81         Code  Gb  dc_util.o [4]
?dec32_0x_0x            0x00846a         Code  Gb  long.o [4]
?dec32_l1_l1            0x00845b         Code  Gb  long.o [4]
?dec32_l2_l2            0x008460         Code  Gb  long.o [4]
?dec32_l3_l3            0x008465         Code  Gb  long.o [4]
?e0                     0x000001         Data  Gb  vregs.o [4]
?e1                     0x000005         Data  Gb  vregs.o [4]
?e2                     0x000009         Data  Gb  vregs.o [4]
?e3                     0x00000d         Data  Gb  vregs.o [4]
?epilogue_l2            0x008957         Code  Gb  vreg_util.o [4]
?epilogue_l2_l3         0x008954         Code  Gb  vreg_util.o [4]
?epilogue_w4            0x00895b         Code  Gb  vreg_util.o [4]
?inc32_0x_0x            0x00844d         Code  Gb  long.o [4]
?inc32_l0_l0            0x008443         Code  Gb  long.o [4]
?inc32_l2_l2            0x008448         Code  Gb  long.o [4]
?l0                     0x000000         Data  Gb  vregs.o [4]
?l1                     0x000004         Data  Gb  vregs.o [4]
?l2                     0x000008         Data  Gb  vregs.o [4]
?l3                     0x00000c         Data  Gb  vregs.o [4]
?load32_0x_l0           0x0099b6         Code  Gb  long_util.o [4]
?load32_0x_l1           0x0099c4         Code  Gb  long_util.o [4]
?load32_l0_0x           0x00999e         Code  Gb  long_util.o [4]
?load32_l1_0x           0x0099aa         Code  Gb  long_util.o [4]
?mov_e0_e2              0x008969         Code  Gb  vreg_util.o [4]
?mov_e1_e0              0x008976         Code  Gb  vreg_util.o [4]
?mov_e1_e2              0x008983         Code  Gb  vreg_util.o [4]
?mov_e2_e0              0x008990         Code  Gb  vreg_util.o [4]
?mov_l0_l2              0x008966         Code  Gb  vreg_util.o [4]
?mov_l1_l0              0x008973         Code  Gb  vreg_util.o [4]
?mov_l1_l2              0x008980         Code  Gb  vreg_util.o [4]
?mov_l2_l0              0x00898d         Code  Gb  vreg_util.o [4]
?mov_w1_w5              0x00896c         Code  Gb  vreg_util.o [4]
?mov_w2_w1              0x00895f         Code  Gb  vreg_util.o [4]
?mov_w3_w1              0x008979         Code  Gb  vreg_util.o [4]
?mov_w3_w5              0x008986         Code  Gb  vreg_util.o [4]
?mov_w5_w1              0x008993         Code  Gb  vreg_util.o [4]
?move1616_v_x_y_a       0x009f46         Code  Gb  move.o [4]
?mul32_l0_l0_0x         0x00849e         Code  Gb  long.o [4]
?mul32_l0_l0_dl         0x00849b         Code  Gb  long.o [4]
?mul32_l0_l0_l1         0x0084a7         Code  Gb  long.o [4]
?or32_l0_l0_0x          0x00854e         Code  Gb  long.o [4]
?or32_l0_l0_l1          0x00854b         Code  Gb  long.o [4]
?pop_l0                 0x008920         Code  Gb  vreg_util.o [4]
?pop_l1                 0x00892b         Code  Gb  vreg_util.o [4]
?pop_l2                 0x008936         Code  Gb  vreg_util.o [4]
?pop_l3                 0x008941         Code  Gb  vreg_util.o [4]
?pop_w4                 0x0088e0         Code  Gb  vreg_util.o [4]
?push_l0                0x0088ef         Code  Gb  vreg_util.o [4]
?push_l1                0x0088f4         Code  Gb  vreg_util.o [4]
?push_l2                0x0088f9         Code  Gb  vreg_util.o [4]
?push_l3                0x0088fe         Code  Gb  vreg_util.o [4]
?push_w4                0x0088c8         Code  Gb  vreg_util.o [4]
?sll16_x_x_a            0x009d2e         Code  Gb  short.o [4]
?sll32_0x_0x_a          0x008584         Code  Gb  long.o [4]
?sll32_l0_l0_a          0x008581         Code  Gb  long.o [4]
?smod16_y_x_y           0x009d1e         Code  Gb  short.o [4]
?srl16_x_x_4            0x009d36         Code  Gb  short.o [4]
?ucmp32_c_l0_l1         0x008525         Code  Gb  long.o [4]
?w0                     0x000000         Data  Gb  vregs.o [4]
?w1                     0x000002         Data  Gb  vregs.o [4]
?w2                     0x000004         Data  Gb  vregs.o [4]
?w3                     0x000006         Data  Gb  vregs.o [4]
?w4                     0x000008         Data  Gb  vregs.o [4]
?w5                     0x00000a         Data  Gb  vregs.o [4]
?w6                     0x00000c         Data  Gb  vregs.o [4]
?w7                     0x00000e         Data  Gb  vregs.o [4]
?xor32_l0_l0_0x         0x008569         Code  Gb  long.o [4]
?xor32_l0_l0_l1         0x008566         Code  Gb  long.o [4]
ADC1_COMP_IRQHandler    0x00a004    0x1  Code  Gb  stm8l15x_it.o [1]
ADC_DeInit              0x00951c   0x55  Code  Gb  stm8l15x_adc.o [1]
Active_Halt_Colse       0x009750   0x40  Code  Gb  ActiveHalt.o [1]
Active_Halt_Open        0x009f39    0xd  Code  Gb  ActiveHalt.o [1]
Awaken                  0x00012c    0x1  Data  Gb  data.o [1]
Bat_Check               0x009600   0x46  Code  Lc  program.o [1]
Bat_Check_Prestate      0x00012f    0x1  Data  Gb  program.o [1]
Bat_Check_state         0x00012b    0x1  Data  Gb  data.o [1]
BuildPacket             0x009646   0x43  Code  Gb  Rfm64.o [1]
BuildPacket::counter    0x000131    0x1  Data  Lc  Rfm64.o [1]
CLK_Config              0x009b80   0x26  Code  Gb  rtc.o [1]
CLK_DeInit              0x00970f   0x41  Code  Gb  stm8l15x_clk.o [1]
CLK_GetFlagStatus       0x008bdf   0x98  Code  Gb  stm8l15x_clk.o [1]
CLK_GetSYSCLKSource     0x009fcf    0x4  Code  Gb  stm8l15x_clk.o [1]
CLK_HSICmd              0x009ef3    0xe  Code  Gb  stm8l15x_clk.o [1]
CLK_LSICmd              0x009f01    0xe  Code  Gb  stm8l15x_clk.o [1]
CLK_PeripheralClockConfig
                        0x008da0   0x8e  Code  Gb  stm8l15x_clk.o [1]
CLK_RTCClockConfig      0x009f8c    0xa  Code  Gb  stm8l15x_clk.o [1]
CLK_SYSCLKDivConfig     0x009fd3    0x4  Code  Gb  stm8l15x_clk.o [1]
CLK_SYSCLKSourceConfig  0x009fcb    0x4  Code  Gb  stm8l15x_clk.o [1]
CLK_SYSCLKSourceSwitchCmd
                        0x009f0f    0xe  Code  Gb  stm8l15x_clk.o [1]
CSTACK$$Base            0x000700          --   Gb  - Linker created -
CSTACK$$Limit           0x000800          --   Gb  - Linker created -
CheckID                 0x00012d    0x1  Data  Gb  data.o [1]
Cooker_AFN_Handle       0x008a5e   0xc2  Code  Gb  Extdata.o [1]
Cooker_SendGas_CTRL     0x0095ba   0x46  Code  Gb  Extdata.o [1]
Cooker_SendSetIdResult  0x00984f   0x3d  Code  Gb  Extdata.o [1]
Cooker_TimeGet          0x009fdf    0x4  Code  Gb  timer.o [1]
DMA1_CHANNEL0_1_IRQHandler
                        0x009ff5    0x1  Code  Gb  stm8l15x_it.o [1]
DMA1_CHANNEL2_3_IRQHandler
                        0x009ff6    0x1  Code  Gb  stm8l15x_it.o [1]
EXTI0_IRQHandler        0x009ffa    0x1  Code  Gb  stm8l15x_it.o [1]
EXTI1_IRQHandler        0x009ffb    0x1  Code  Gb  stm8l15x_it.o [1]
EXTI2_IRQHandler        0x009ffc    0x1  Code  Gb  stm8l15x_it.o [1]
EXTI3_IRQHandler        0x009ffd    0x1  Code  Gb  stm8l15x_it.o [1]
EXTI4_IRQHandler        0x009ffe    0x1  Code  Gb  stm8l15x_it.o [1]
EXTI5_IRQHandler        0x009fff    0x1  Code  Gb  stm8l15x_it.o [1]
EXTI6_IRQHandler        0x00a000    0x1  Code  Gb  stm8l15x_it.o [1]
EXTI7_IRQHandler        0x00a001    0x1  Code  Gb  stm8l15x_it.o [1]
EXTIB_G_IRQHandler      0x009ff8    0x1  Code  Gb  stm8l15x_it.o [1]
EXTID_H_IRQHandler      0x009ff9    0x1  Code  Gb  stm8l15x_it.o [1]
EXTIE_F_PVD_IRQHandler  0x009ff7    0x1  Code  Gb  stm8l15x_it.o [1]
FLASH_GetFlagStatus     0x009d89   0x18  Code  Gb  stm8l15x_flash.o [1]
FLASH_IRQHandler        0x009ff4    0x1  Code  Gb  stm8l15x_it.o [1]
FLASH_Lock              0x009f76    0xb  Code  Gb  stm8l15x_flash.o [1]
FLASH_ProgramByte       0x009fd7    0x4  Code  Gb  stm8l15x_flash.o [1]
FLASH_ReadByte          0x009fdb    0x4  Code  Gb  stm8l15x_flash.o [1]
FLASH_ReadNByte         0x009790   0x40  Code  Gb  Extdata.o [1]
FLASH_SetProgrammingTime
                        0x009ed6    0xf  Code  Gb  stm8l15x_flash.o [1]
FLASH_Unlock            0x009d70   0x19  Code  Gb  stm8l15x_flash.o [1]
FLASH_WaitForLastOperation
                        0x0093fe   0x61  Code  Gb  stm8l15x_flash.o [1]
FLASH_WriteNByte        0x008c77   0x95  Code  Gb  Extdata.o [1]
FirstPower_CheckService
                        0x0087e6   0xe2  Code  Gb  program.o [1]
GPIO_DeInit             0x009e4a   0x13  Code  Gb  stm8l15x_gpio.o [1]
GPIO_Init               0x008e2e   0x8e  Code  Gb  stm8l15x_gpio.o [1]
GPIO_Init_Colse         0x009571   0x49  Code  Gb  ActiveHalt.o [1]
GPIO_Initial            0x0096cc   0x43  Code  Gb  SPI.o [1]
GPIO_ReadInputDataBit   0x009e5d   0x13  Code  Gb  stm8l15x_gpio.o [1]
GPIO_ResetBits          0x009fb1    0x8  Code  Gb  stm8l15x_gpio.o [1]
GPIO_SetBits            0x009fb9    0x7  Code  Gb  stm8l15x_gpio.o [1]
GPIO_WriteBit           0x009e95   0x12  Code  Gb  stm8l15x_gpio.o [1]
Gas_Check               0x00926d   0x65  Code  Lc  program.o [1]
Gas_Check_Prestate      0x000130    0x1  Data  Gb  program.o [1]
Gas_Pressure_state      0x00012a    0x1  Data  Gb  data.o [1]
Gas_check_Times         0x00012e    0x1  Data  Gb  program.o [1]
Gas_check_flag          0x000014    0x1  Data  Gb  program.o [1]
GetMasterId             0x009da1   0x17  Code  Gb  data.o [1]
HX712_GPIO_INIT         0x009db8   0x17  Code  Gb  HX712.o [1]
HX712_Init_Mode         0x0094be   0x5e  Code  Gb  HX712.o [1]
HardWare_Init           0x009b32   0x27  Code  Gb  program.o [1]
I2C1_SPI2_IRQHandler    0x00a00d    0x1  Code  Gb  stm8l15x_it.o [1]
INTVEC$$Base            0x008000          --   Gb  - Linker created -
INTVEC$$Limit           0x008080          --   Gb  - Linker created -
InitSX1212              0x009337   0x64  Code  Gb  Rfm64.o [1]
LCD_AES_IRQHandler      0x00a002    0x1  Code  Gb  stm8l15x_it.o [1]
LowPowerStart           0x009ae2   0x28  Code  Gb  program.o [1]
LowPowerStop            0x009e83   0x12  Code  Gb  program.o [1]
MasterParse_Addr        0x009c13   0x22  Code  Lc  data.o [1]
MasterParse_Check       0x009131   0x6d  Code  Lc  data.o [1]
MasterParse_Cmd         0x009de5   0x15  Code  Lc  data.o [1]
MasterParse_Header      0x009ea7   0x10  Code  Lc  data.o [1]
MasterParse_Length      0x009f96    0x9  Code  Lc  data.o [1]
MasterParse_Nop         0x009ff2    0x1  Code  Lc  data.o [1]
MasterParse_Payload     0x00996a   0x34  Code  Lc  data.o [1]
Master_Ack              0x00010d    0x3  Data  Gb  Extdata.o [1]
Master_data_Prase       0x008fc1   0x7d  Code  Gb  data.o [1]
Master_data_Prase::delay
                        0x000115    0x2  Data  Lc  data.o [1]
PWR_FastWakeUpCmd       0x009f1d    0xe  Code  Gb  stm8l15x_pwr.o [1]
PWR_UltraLowPowerCmd    0x009f2b    0xe  Code  Gb  stm8l15x_pwr.o [1]
Power_CurState          0x00011b    0x2  Data  Gb  stm8l15x_it.o [1]
Power_PreState          0x00011d    0x2  Data  Gb  stm8l15x_it.o [1]
READ_Level              0x009a36   0x2f  Code  Gb  ETC.o [1]
RF_Pkt                  0x0000c8   0x21  Data  Gb  Rfm64.o [1]
RTC_CSSLSE_IRQHandler   0x009810   0x3f  Code  Gb  stm8l15x_it.o [1]
RTC_ClearITPendingBit   0x009f53    0xc  Code  Gb  stm8l15x_rtc.o [1]
RTC_Config              0x009689   0x43  Code  Gb  rtc.o [1]
RTC_ITConfig            0x00988c   0x3b  Code  Gb  stm8l15x_rtc.o [1]
RTC_SetWakeUpCounter    0x009dfa   0x15  Code  Gb  stm8l15x_rtc.o [1]
RTC_WakeUpClockConfig   0x009bf0   0x23  Code  Gb  stm8l15x_rtc.o [1]
RTC_WakeUpCmd           0x0097d0   0x40  Code  Gb  stm8l15x_rtc.o [1]
Rcv_MasterAck           0x009208   0x65  Code  Gb  data.o [1]
Rcv_MasterDataParse     0x008b20   0xbf  Code  Gb  data.o [1]
ReadCount               0x008f3f   0x82  Code  Lc  HX712.o [1]
ReadVoltage             0x008ebc   0x83  Code  Lc  HX712.o [1]
ReceiveRfFrame          0x00903e   0x7c  Code  Gb  Rfm64.o [1]
Region$$Table$$Base     0x009c56          --   Gb  - Linker created -
Region$$Table$$Limit    0x009c68          --   Gb  - Linker created -
RegistersCfg            0x009a92   0x28  Data  Lc  Rfm64.o [1]
SPI1_IRQHandler         0x00a00b    0x1  Code  Gb  stm8l15x_it.o [1]
SWITCH_CSS_BREAK_DAC_IRQHandler
                        0x00a003    0x1  Code  Gb  stm8l15x_it.o [1]
SendRfFrame             0x00919e   0x6a  Code  Gb  Rfm64.o [1]
SetRFMode               0x008280  0x1c3  Code  Gb  Rfm64.o [1]
SetRFMode::pre_mode     0x000015    0x1  Data  Lc  Rfm64.o [1]
Shutdown_GasSend        0x009eb7   0x10  Code  Gb  program.o [1]
SlaveGasCTRL            0x000119    0x2  Data  Gb  Extdata.o [1]
SlaveSendSetIdResult    0x000117    0x2  Data  Gb  Extdata.o [1]
Slave_BackupId          0x0000e9   0x20  Data  Lc  Extdata.o [1]
Slave_GasBat_SendService
                        0x00899a   0xc4  Code  Gb  program.o [1]
Slave_Load              0x0086bf  0x127  Code  Gb  data.o [1]
Slave_Send_BatState     0x009d01   0x1d  Code  Gb  data.o [1]
Slave_Send_GasCtrl      0x0090ba   0x77  Code  Gb  data.o [1]
Slave_Send_GasState     0x009ce4   0x1d  Code  Gb  data.o [1]
Slave_Service           0x009e37   0x13  Code  Gb  program.o [1]
Slave_WirelessSendLoad  0x009c88   0x1f  Code  Gb  data.o [1]
Sleep_times             0x000016    0x2  Data  Gb  stm8l15x_it.o [1]
SpiInOut                0x00945f   0x5f  Code  Lc  Rfm64.o [1]
TEV_CTRL_INIT           0x009c35   0x21  Code  Gb  ETC.o [1]
TEV_GPIO_INIT           0x009f6b    0xb  Code  Gb  ETC.o [1]
TIM1_CC_IRQHandler      0x00a009    0x1  Code  Gb  stm8l15x_it.o [1]
TIM1_UPD_OVF_TRG_COM_IRQHandler
                        0x00a008    0x1  Code  Gb  stm8l15x_it.o [1]
TIM2_CC_USART2_RX_IRQHandler
                        0x00a006    0x1  Code  Gb  stm8l15x_it.o [1]
TIM2_UPD_OVF_TRG_BRK_USART2_TX_IRQHandler
                        0x00a005    0x1  Code  Gb  stm8l15x_it.o [1]
TIM3_CC_USART3_RX_IRQHandler
                        0x00a007    0x1  Code  Gb  stm8l15x_it.o [1]
TIM3_ClearITPendingBit  0x009f9f    0x9  Code  Gb  stm8l15x_tim3.o [1]
TIM3_DeInit             0x0092d2   0x65  Code  Gb  stm8l15x_tim3.o [1]
TIM3_Handle             0x00a00e    0x1  Code  Gb  timer.o [1]
TIM3_UPD_OVF_TRG_BRK_USART3_TX_IRQHandler
                        0x009d3b   0x1b  Code  Gb  stm8l15x_it.o [1]
TIM4_UPD_OVF_TRG_IRQHandler
                        0x00a00a    0x1  Code  Gb  stm8l15x_it.o [1]
TRAP_IRQHandler         0x009ff3    0x1  Code  Gb  stm8l15x_it.o [1]
USART1_RX_TIM5_CC_IRQHandler
                        0x0098fe   0x37  Code  Gb  stm8l15x_it.o [1]
USART1_TX_TIM5_UPD_OVF_TRG_BRK_IRQHandler
                        0x00a00c    0x1  Code  Gb  stm8l15x_it.o [1]
USART_DeInit            0x009b59   0x27  Code  Gb  stm8l15x_usart.o [1]
USART_GetFlagStatus     0x009935   0x35  Code  Gb  stm8l15x_usart.o [1]
USART_ReceiveData8      0x009fe3    0x3  Code  Gb  stm8l15x_usart.o [1]
USART_SendData8         0x009fc0    0x6  Code  Gb  stm8l15x_usart.o [1]
Updata_Awaken_Config    0x009ba6   0x25  Code  Lc  data.o [1]
Updata_Normal_Config    0x009bcb   0x25  Code  Lc  data.o [1]
_Rand_idx               0x000109    0x4  Data  Lc  rand.o [4]
_Rand_rv                0x00001c   0x80  Data  Lc  rand.o [4]
_Randinit               0x000132    0x1  Data  Gb  rand.o [4]
_Randseed               0x000018    0x4  Data  Gb  rand.o [4]
_SpiConfig              0x00939b   0x63  Code  Gb  Rfm64.o [1]
__DebugBreak            0x00a00f    0x1  Code  Gb  __dbg_break.o [3]
__exit                  0x009e23   0x14  Code  Gb  __dbg_xxexit.o [3]
__iar_Tls_setup__Rand_idx
                        0x000125    0x2  Data  Lc  rand.o [4]
__iar_Tls_setup__Rand_rv
                        0x000127    0x2  Data  Lc  rand.o [4]
__iar_Tls_setup__Randinit
                        0x000121    0x2  Data  Gb  rand.o [4]
__iar_Tls_setup__Randseed
                        0x000123    0x2  Data  Gb  rand.o [4]
__iar_copy_init2        0x009b0a         Code  Gb  init_small.o [4]
__iar_data_init2        0x009e0f   0x14  Code  Gb  init.o [4]
__iar_program_start     0x009e70         Code  Gb  cstartup.o [4]
__iar_unhandled_exception
                        0x009fef         Code  Gb  unhandled_exception.o [4]
__iar_zero_init2        0x009cc6         Code  Gb  init_small.o [4]
__intvec                0x008000         Data  Gb  interrupt.o [4]
__low_level_init        0x009fe9    0x3  Code  Gb  low_level_init.o [4]
_exit                   0x009fc6         Code  Gb  cexit.o [4]
_interrupt_1            0x009ff3         Code  Gb  stm8l15x_it.o [1]
_interrupt_10           0x009ffa         Code  Gb  stm8l15x_it.o [1]
_interrupt_11           0x009ffb         Code  Gb  stm8l15x_it.o [1]
_interrupt_12           0x009ffc         Code  Gb  stm8l15x_it.o [1]
_interrupt_13           0x009ffd         Code  Gb  stm8l15x_it.o [1]
_interrupt_14           0x009ffe         Code  Gb  stm8l15x_it.o [1]
_interrupt_15           0x009fff         Code  Gb  stm8l15x_it.o [1]
_interrupt_16           0x00a000         Code  Gb  stm8l15x_it.o [1]
_interrupt_17           0x00a001         Code  Gb  stm8l15x_it.o [1]
_interrupt_18           0x00a002         Code  Gb  stm8l15x_it.o [1]
_interrupt_19           0x00a003         Code  Gb  stm8l15x_it.o [1]
_interrupt_20           0x00a004         Code  Gb  stm8l15x_it.o [1]
_interrupt_21           0x00a005         Code  Gb  stm8l15x_it.o [1]
_interrupt_22           0x00a006         Code  Gb  stm8l15x_it.o [1]
_interrupt_23           0x009d3b         Code  Gb  stm8l15x_it.o [1]
_interrupt_24           0x00a007         Code  Gb  stm8l15x_it.o [1]
_interrupt_25           0x00a008         Code  Gb  stm8l15x_it.o [1]
_interrupt_26           0x00a009         Code  Gb  stm8l15x_it.o [1]
_interrupt_27           0x00a00a         Code  Gb  stm8l15x_it.o [1]
_interrupt_28           0x00a00b         Code  Gb  stm8l15x_it.o [1]
_interrupt_29           0x00a00c         Code  Gb  stm8l15x_it.o [1]
_interrupt_3            0x009ff4         Code  Gb  stm8l15x_it.o [1]
_interrupt_30           0x0098fe         Code  Gb  stm8l15x_it.o [1]
_interrupt_31           0x00a00d         Code  Gb  stm8l15x_it.o [1]
_interrupt_4            0x009ff5         Code  Gb  stm8l15x_it.o [1]
_interrupt_5            0x009ff6         Code  Gb  stm8l15x_it.o [1]
_interrupt_6            0x009810         Code  Gb  stm8l15x_it.o [1]
_interrupt_7            0x009ff7         Code  Gb  stm8l15x_it.o [1]
_interrupt_8            0x009ff8         Code  Gb  stm8l15x_it.o [1]
_interrupt_9            0x009ff9         Code  Gb  stm8l15x_it.o [1]
a_pfnCooker_Parse       0x009ee5    0xe  Data  Lc  data.o [1]
cmp_buf                 0x0098c7   0x37  Code  Gb  Crc.o [1]
crc16_ccitt_byte        0x009a65   0x2d  Code  Gb  Crc.o [1]
crc16_ccitt_table       0x008080  0x200  Data  Lc  Crc.o [1]
delay_ms                0x009aba   0x28  Code  Gb  delay.o [1]
delay_us                0x009ec7    0xf  Code  Gb  delay.o [1]
exit                    0x009fec    0x3  Code  Gb  exit.o [4]
fun_status              0x000110    0x3  Data  Gb  main.o [1]
mPARSE_State            0x000129    0x1  Data  Lc  data.o [1]
main                    0x008592  0x12d  Code  Gb  main.o [1]
memcpy                  0x009ca7   0x1f  Code  Gb  memcpy.o [4]
memset                  0x009dcf   0x16  Code  Gb  memset.o [4]
rand                    0x008d0c   0x94  Code  Gb  rand.o [4]
tCooker_Entity          0x00009c   0x2c  Data  Lc  data.o [1]
tx_ReadCount            0x0099d2   0x32  Code  Gb  HX712.o [1]
tx_ReadVoltage          0x009a04   0x32  Code  Gb  HX712.o [1]
usCooker_ParseCheck     0x000010    0x4  Data  Lc  data.o [1]
usCooker_ParseLength    0x000113    0x2  Data  Lc  data.o [1]
usSystemTick            0x00011f    0x2  Data  Lc  timer.o [1]


[1] = E:\PROJECT\gas\client_stm8\SENSOR_send\SENSORMDK\Debug\Obj
[2] = command line
[3] = dbgstm8smd.a
[4] = dlstm8smf.a

  7 452 bytes of readonly  code memory
    756 bytes of readonly  data memory
    563 bytes of readwrite data memory

Errors: none
Warnings: none
