###############################################################################
#
# IAR ELF Linker V3.10.1.201 for STM8                     11/Aug/2023  18:03:31
# Copyright 2010-2017 IAR Systems AB.
#
#    Output file  =  
#        E:\PROJECT\gas\client_stm8\SENSOR_send\SENSORMDK\Debug\Exe\templproj.out
#    Map file     =  
#        E:\PROJECT\gas\client_stm8\SENSOR_send\SENSORMDK\Debug\List\templproj.map
#    Command line =  
#        -f C:\Users\admin\AppData\Local\Temp\EWB30.tmp
#        (E:\PROJECT\gas\client_stm8\SENSOR_send\SENSORMDK\Debug\Obj\ActiveHalt.o
#        E:\PROJECT\gas\client_stm8\SENSOR_send\SENSORMDK\Debug\Obj\adc.o
#        E:\PROJECT\gas\client_stm8\SENSOR_send\SENSORMDK\Debug\Obj\Crc.o
#        E:\PROJECT\gas\client_stm8\SENSOR_send\SENSORMDK\Debug\Obj\data.o
#        E:\PROJECT\gas\client_stm8\SENSOR_send\SENSORMDK\Debug\Obj\delay.o
#        E:\PROJECT\gas\client_stm8\SENSOR_send\SENSORMDK\Debug\Obj\ETC.o
#        E:\PROJECT\gas\client_stm8\SENSOR_send\SENSORMDK\Debug\Obj\Extdata.o
#        E:\PROJECT\gas\client_stm8\SENSOR_send\SENSORMDK\Debug\Obj\HX712.o
#        E:\PROJECT\gas\client_stm8\SENSOR_send\SENSORMDK\Debug\Obj\main.o
#        E:\PROJECT\gas\client_stm8\SENSOR_send\SENSORMDK\Debug\Obj\program.o
#        E:\PROJECT\gas\client_stm8\SENSOR_send\SENSORMDK\Debug\Obj\Rfm64.o
#        E:\PROJECT\gas\client_stm8\SENSOR_send\SENSORMDK\Debug\Obj\rtc.o
#        E:\PROJECT\gas\client_stm8\SENSOR_send\SENSORMDK\Debug\Obj\SPI.o
#        E:\PROJECT\gas\client_stm8\SENSOR_send\SENSORMDK\Debug\Obj\sprintf.o
#        E:\PROJECT\gas\client_stm8\SENSOR_send\SENSORMDK\Debug\Obj\stm8l15x_adc.o
#        E:\PROJECT\gas\client_stm8\SENSOR_send\SENSORMDK\Debug\Obj\stm8l15x_clk.o
#        E:\PROJECT\gas\client_stm8\SENSOR_send\SENSORMDK\Debug\Obj\stm8l15x_exti.o
#        E:\PROJECT\gas\client_stm8\SENSOR_send\SENSORMDK\Debug\Obj\stm8l15x_flash.o
#        E:\PROJECT\gas\client_stm8\SENSOR_send\SENSORMDK\Debug\Obj\stm8l15x_gpio.o
#        E:\PROJECT\gas\client_stm8\SENSOR_send\SENSORMDK\Debug\Obj\stm8l15x_i2c.o
#        E:\PROJECT\gas\client_stm8\SENSOR_send\SENSORMDK\Debug\Obj\stm8l15x_it.o
#        E:\PROJECT\gas\client_stm8\SENSOR_send\SENSORMDK\Debug\Obj\stm8l15x_itc.o
#        E:\PROJECT\gas\client_stm8\SENSOR_send\SENSORMDK\Debug\Obj\stm8l15x_pwr.o
#        E:\PROJECT\gas\client_stm8\SENSOR_send\SENSORMDK\Debug\Obj\stm8l15x_rtc.o
#        E:\PROJECT\gas\client_stm8\SENSOR_send\SENSORMDK\Debug\Obj\stm8l15x_spi.o
#        E:\PROJECT\gas\client_stm8\SENSOR_send\SENSORMDK\Debug\Obj\stm8l15x_tim1.o
#        E:\PROJECT\gas\client_stm8\SENSOR_send\SENSORMDK\Debug\Obj\stm8l15x_tim2.o
#        E:\PROJECT\gas\client_stm8\SENSOR_send\SENSORMDK\Debug\Obj\stm8l15x_tim3.o
#        E:\PROJECT\gas\client_stm8\SENSOR_send\SENSORMDK\Debug\Obj\stm8l15x_tim4.o
#        E:\PROJECT\gas\client_stm8\SENSOR_send\SENSORMDK\Debug\Obj\stm8l15x_tim5.o
#        E:\PROJECT\gas\client_stm8\SENSOR_send\SENSORMDK\Debug\Obj\stm8l15x_usart.o
#        E:\PROJECT\gas\client_stm8\SENSOR_send\SENSORMDK\Debug\Obj\timer.o
#        E:\PROJECT\gas\client_stm8\SENSOR_send\SENSORMDK\Debug\Obj\USART.o
#        --redirect _Printf=_PrintfFull --redirect _Scanf=_ScanfFull -o
#        E:\PROJECT\gas\client_stm8\SENSOR_send\SENSORMDK\Debug\Exe\templproj.out
#        --map
#        E:\PROJECT\gas\client_stm8\SENSOR_send\SENSORMDK\Debug\List\templproj.map
#        --config "D:\IAR Systems\Embedded Workbench
#        8.0\stm8\config\lnkstm8l151g6.icf" --config_def _CSTACK_SIZE=0x100
#        --config_def _HEAP_SIZE=0x100 --entry __iar_program_start --debug_lib)
#
###############################################################################

*******************************************************************************
*** RUNTIME MODEL ATTRIBUTES
***

__Heap_Handler             = Basic
__SystemLibrary            = DLib
__code_model               = small
__core                     = stm8
__data_model               = medium
__dlib_file_descriptor     = 1
__dlib_full_locale_support = 1
__rt_version               = 4


*******************************************************************************
*** PLACEMENT SUMMARY
***

"A0":  place at start of [0x000000-0x0000ff] { rw section .vregs };
"A1":  place at end of [0x000000-0x0007ff] { block CSTACK };
"P2":  place in [from 0x000000 to 0x0007ff] {
          block HEAP, rw section __DLIB_PERTHREAD, rw section .far.bss,
          rw section .far.data, rw section .far.noinit,
          rw section .far_func.textrw, rw section .huge.bss,
          rw section .huge.data, rw section .huge.noinit,
          rw section .huge_func.textrw, rw section .iar.dynexit,
          rw section .near.bss, rw section .near.data, rw section .near.noinit,
          rw section .near_func.textrw };
"A2":  place at start of [0x008000-0x00ffff] { block INTVEC };
"P3":  place in [from 0x008000 to 0x00ffff] {
          ro section __DLIB_PERTHREAD_init, ro section .far.data_init,
          ro section .far_func.textrw_init, ro section .huge.data_init,
          ro section .huge_func.textrw_init, ro section .iar.init_table,
          ro section .init_array, ro section .near.data_init,
          ro section .near.rodata, ro section .near_func.text,
          ro section .near_func.textrw_init, ro section .tiny.data_init,
          ro section .tiny.rodata_init };
"P4":  place in [from 0x008000 to 0x00ffff] {
          ro section .far.rodata, ro section .far_func.text };
"P5":  place in [from 0x008000 to 0x00ffff] {
          ro section .huge.rodata, ro section .huge_func.text };
do not initialize {
   rw section .eeprom.noinit, rw section .far.noinit, rw section .huge.noinit,
   rw section .near.noinit, rw section .tiny.noinit, rw section .vregs };
initialize by copy {
   rw section .far.bss, rw section .far.data, rw section .far_func.textrw,
   rw section .huge.bss, rw section .huge.data, rw section .huge_func.textrw,
   rw section .iar.dynexit, rw section .near.bss, rw section .near.data,
   rw section .near_func.textrw, rw section .tiny.bss, rw section .tiny.data,
   ro section .tiny.rodata };

  Section            Kind      Address    Size  Object
  -------            ----      -------    ----  ------
"A0":                                     0x10
  .vregs             uninit   0x000000    0x10  vregs.o [4]
                            - 0x000010    0x10

"P2", part 1 of 2:                        0x10
  P2-1                        0x000010    0x10  <Init block>
    .near.data       inited   0x000010     0x4  data.o [1]
    .near.data       inited   0x000014     0x2  main.o [1]
    .near.data       inited   0x000016     0x1  program.o [1]
    .near.data       inited   0x000017     0x1  Rfm64.o [1]
    .near.data       inited   0x000018     0x2  stm8l15x_it.o [1]
    .near.data       inited   0x00001a     0x2  stm8l15x_it.o [1]
    .near.data       inited   0x00001c     0x4  rand.o [4]
                            - 0x000020    0x10

"P2", part 2 of 2:                       0x118
  .near.bss          zero     0x000020    0x80  rand.o [4]
  .near.bss          zero     0x0000a0    0x2c  data.o [1]
  .near.bss          zero     0x0000cc    0x21  Rfm64.o [1]
  .near.bss          zero     0x0000ed    0x20  Extdata.o [1]
  .near.bss          zero     0x00010d     0x4  rand.o [4]
  .near.bss          zero     0x000111     0x3  Extdata.o [1]
  .near.bss          zero     0x000114     0x3  main.o [1]
  .near.bss          zero     0x000117     0x2  data.o [1]
  .near.bss          zero     0x000119     0x2  data.o [1]
  .near.bss          zero     0x00011b     0x2  Extdata.o [1]
  .near.bss          zero     0x00011d     0x2  Extdata.o [1]
  .near.bss          zero     0x00011f     0x2  stm8l15x_it.o [1]
  .near.bss          zero     0x000121     0x2  stm8l15x_it.o [1]
  .near.bss          zero     0x000123     0x2  timer.o [1]
  .near.bss          zero     0x000125     0x2  rand.o [4]
  .near.bss          zero     0x000127     0x2  rand.o [4]
  .near.bss          zero     0x000129     0x2  rand.o [4]
  .near.bss          zero     0x00012b     0x2  rand.o [4]
  .near.bss          zero     0x00012d     0x1  data.o [1]
  .near.bss          zero     0x00012e     0x1  data.o [1]
  .near.bss          zero     0x00012f     0x1  data.o [1]
  .near.bss          zero     0x000130     0x1  data.o [1]
  .near.bss          zero     0x000131     0x1  data.o [1]
  .near.bss          zero     0x000132     0x1  main.o [1]
  .near.bss          zero     0x000133     0x1  program.o [1]
  .near.bss          zero     0x000134     0x1  program.o [1]
  .near.bss          zero     0x000135     0x1  program.o [1]
  .near.bss          zero     0x000136     0x1  Rfm64.o [1]
  .near.bss          zero     0x000137     0x1  rand.o [4]
                            - 0x000138   0x118

"A1":                                    0x100
  CSTACK                      0x000700   0x100  <Block>
    CSTACK           uninit   0x000700   0x100  <Block tail>
                            - 0x000800   0x100

"A2":                                     0x80
  INTVEC                      0x008000    0x80  <Block>
    .intvec          const    0x008000    0x80  interrupt.o [4]
                            - 0x008080    0x80

"P3-P5":                                0x1fcc
  .near.rodata       const    0x008080   0x200  Crc.o [1]
  .near_func.text    ro code  0x008280   0x1c3  Rfm64.o [1]
  .near_func.text    ro code  0x008443   0x14f  long.o [4]
  .near_func.text    ro code  0x008592   0x14b  main.o [1]
  .near_func.text    ro code  0x0086dd   0x127  data.o [1]
  .near_func.text    ro code  0x008804    0xe2  program.o [1]
  .near_func.text    ro code  0x0088e6    0xd2  vreg_util.o [4]
  .near_func.text    ro code  0x0089b8    0xc2  Extdata.o [1]
  .near_func.text    ro code  0x008a7a    0xbf  data.o [1]
  .near_func.text    ro code  0x008b39    0xbd  program.o [1]
  .near_func.text    ro code  0x008bf6    0x98  stm8l15x_clk.o [1]
  .near_func.text    ro code  0x008c8e    0x95  Extdata.o [1]
  .near_func.text    ro code  0x008d23    0x94  rand.o [4]
  .near_func.text    ro code  0x008db7    0x8e  stm8l15x_clk.o [1]
  .near_func.text    ro code  0x008e45    0x8e  stm8l15x_gpio.o [1]
  .near_func.text    ro code  0x008ed3    0x83  HX712.o [1]
  .near_func.text    ro code  0x008f56    0x82  HX712.o [1]
  .near_func.text    ro code  0x008fd8    0x7d  data.o [1]
  .near_func.text    ro code  0x009055    0x7c  Rfm64.o [1]
  .near_func.text    ro code  0x0090d1    0x77  data.o [1]
  .near_func.text    ro code  0x009148    0x6d  data.o [1]
  .near_func.text    ro code  0x0091b5    0x6a  Rfm64.o [1]
  .near_func.text    ro code  0x00921f    0x65  data.o [1]
  .near_func.text    ro code  0x009284    0x65  program.o [1]
  .near_func.text    ro code  0x0092e9    0x65  stm8l15x_tim3.o [1]
  .near_func.text    ro code  0x00934e    0x64  Rfm64.o [1]
  .near_func.text    ro code  0x0093b2    0x63  Rfm64.o [1]
  .near_func.text    ro code  0x009415    0x61  stm8l15x_flash.o [1]
  .near_func.text    ro code  0x009476    0x5f  Rfm64.o [1]
  .near_func.text    ro code  0x0094d5    0x5e  HX712.o [1]
  .near_func.text    ro code  0x009533    0x55  stm8l15x_adc.o [1]
  .near_func.text    ro code  0x009588    0x52  program.o [1]
  .near_func.text    ro code  0x0095da    0x4a  stm8l15x_it.o [1]
  .near_func.text    ro code  0x009624    0x49  ActiveHalt.o [1]
  .near_func.text    ro code  0x00966d    0x46  Extdata.o [1]
  .near_func.text    ro code  0x0096b3    0x43  Rfm64.o [1]
  .near_func.text    ro code  0x0096f6    0x43  rtc.o [1]
  .near_func.text    ro code  0x009739    0x43  SPI.o [1]
  .near_func.text    ro code  0x00977c    0x41  stm8l15x_clk.o [1]
  .near_func.text    ro code  0x0097bd    0x40  ActiveHalt.o [1]
  .near_func.text    ro code  0x0097fd    0x40  Extdata.o [1]
  .near_func.text    ro code  0x00983d    0x40  stm8l15x_rtc.o [1]
  .near_func.text    ro code  0x00987d    0x3d  Extdata.o [1]
  .near_func.text    ro code  0x0098ba    0x3b  stm8l15x_rtc.o [1]
  .near_func.text    ro code  0x0098f5    0x37  Crc.o [1]
  .near_func.text    ro code  0x00992c    0x37  stm8l15x_it.o [1]
  .near_func.text    ro code  0x009963    0x35  stm8l15x_usart.o [1]
  .near_func.text    ro code  0x009998    0x34  data.o [1]
  .near_func.text    ro code  0x0099cc    0x34  long_util.o [4]
  .near_func.text    ro code  0x009a00    0x32  HX712.o [1]
  .near_func.text    ro code  0x009a32    0x32  HX712.o [1]
  .near_func.text    ro code  0x009a64    0x2f  ETC.o [1]
  .near_func.text    ro code  0x009a93    0x2d  Crc.o [1]
  .near_func.text    ro code  0x009ac0    0x2d  program.o [1]
  .near.rodata       const    0x009aed    0x28  Rfm64.o [1]
  .near_func.text    ro code  0x009b15    0x28  delay.o [1]
  .near_func.text    ro code  0x009b3d    0x28  program.o [1]
  .near_func.text    ro code  0x009b65    0x28  init_small.o [4]
  .near_func.text    ro code  0x009b8d    0x27  program.o [1]
  .near_func.text    ro code  0x009bb4    0x27  stm8l15x_usart.o [1]
  .near_func.text    ro code  0x009bdb    0x26  rtc.o [1]
  .near_func.text    ro code  0x009c01    0x25  data.o [1]
  .near_func.text    ro code  0x009c26    0x25  data.o [1]
  .near_func.text    ro code  0x009c4b    0x23  stm8l15x_rtc.o [1]
  .near_func.text    ro code  0x009c6e    0x22  data.o [1]
  .near_func.text    ro code  0x009c90    0x21  ETC.o [1]
  .iar.init_table    const    0x009cb1    0x12  - Linker created -
  .near.rodata       const    0x009cc3    0x20  program.o [1]
  .near_func.text    ro code  0x009ce3    0x1f  data.o [1]
  .near_func.text    ro code  0x009d02    0x1f  memcpy.o [4]
  .near_func.text    ro code  0x009d21    0x1e  init_small.o [4]
  .near_func.text    ro code  0x009d3f    0x1d  data.o [1]
  .near_func.text    ro code  0x009d5c    0x1d  data.o [1]
  .near_func.text    ro code  0x009d79    0x1d  short.o [4]
  .near_func.text    ro code  0x009d96    0x1b  stm8l15x_it.o [1]
  .near_func.text    ro code  0x009db1    0x1a  rand.o [4]
  .near_func.text    ro code  0x009dcb    0x19  stm8l15x_flash.o [1]
  .near_func.text    ro code  0x009de4    0x18  stm8l15x_flash.o [1]
  .near_func.text    ro code  0x009dfc    0x17  data.o [1]
  .near_func.text    ro code  0x009e13    0x17  HX712.o [1]
  .near_func.text    ro code  0x009e2a    0x16  memset.o [4]
  .near_func.text    ro code  0x009e40    0x15  data.o [1]
  .near_func.text    ro code  0x009e55    0x15  stm8l15x_rtc.o [1]
  .near_func.text    ro code  0x009e6a    0x14  init.o [4]
  .near_func.text    ro code  0x009e7e    0x14  __dbg_xxexit.o [3]
  .near_func.text    ro code  0x009e92    0x13  stm8l15x_gpio.o [1]
  .near_func.text    ro code  0x009ea5    0x13  stm8l15x_gpio.o [1]
  .near_func.text    ro code  0x009eb8    0x13  cstartup.o [4]
  .near_func.text    ro code  0x009ecb    0x12  program.o [1]
  .near_func.text    ro code  0x009edd    0x12  stm8l15x_gpio.o [1]
  .near_func.text    ro code  0x009eef    0x10  data.o [1]
  Initializer bytes  const    0x009eff    0x10  <for P2-1>
  .near_func.text    ro code  0x009f0f     0xf  delay.o [1]
  .near_func.text    ro code  0x009f1e     0xf  stm8l15x_flash.o [1]
  .near.rodata       const    0x009f2d     0xe  data.o [1]
  .near_func.text    ro code  0x009f3b     0xe  stm8l15x_clk.o [1]
  .near_func.text    ro code  0x009f49     0xe  stm8l15x_clk.o [1]
  .near_func.text    ro code  0x009f57     0xe  stm8l15x_clk.o [1]
  .near_func.text    ro code  0x009f65     0xe  stm8l15x_pwr.o [1]
  .near_func.text    ro code  0x009f73     0xe  stm8l15x_pwr.o [1]
  .near_func.text    ro code  0x009f81     0xd  ActiveHalt.o [1]
  .near_func.text    ro code  0x009f8e     0xd  move.o [4]
  .near_func.text    ro code  0x009f9b     0xc  stm8l15x_rtc.o [1]
  .near_func.text    ro code  0x009fa7     0xb  ETC.o [1]
  .near_func.text    ro code  0x009fb2     0xb  stm8l15x_flash.o [1]
  .near_func.text    ro code  0x009fbd     0xb  dc_util.o [4]
  .near_func.text    ro code  0x009fc8     0xa  stm8l15x_clk.o [1]
  .near_func.text    ro code  0x009fd2     0x9  data.o [1]
  .near_func.text    ro code  0x009fdb     0x9  stm8l15x_tim3.o [1]
  .near_func.text    ro code  0x009fe4     0x9  rand.o [4]
  .near_func.text    ro code  0x009fed     0x8  stm8l15x_gpio.o [1]
  .near_func.text    ro code  0x009ff5     0x7  stm8l15x_gpio.o [1]
  .near_func.text    ro code  0x009ffc     0x6  stm8l15x_usart.o [1]
  .near_func.text    ro code  0x00a002     0x5  cexit.o [4]
  .near_func.text    ro code  0x00a007     0x4  stm8l15x_clk.o [1]
  .near_func.text    ro code  0x00a00b     0x4  stm8l15x_clk.o [1]
  .near_func.text    ro code  0x00a00f     0x4  stm8l15x_clk.o [1]
  .near_func.text    ro code  0x00a013     0x4  stm8l15x_flash.o [1]
  .near_func.text    ro code  0x00a017     0x4  stm8l15x_flash.o [1]
  .near_func.text    ro code  0x00a01b     0x4  timer.o [1]
  .near_func.text    ro code  0x00a01f     0x3  stm8l15x_usart.o [1]
  .near_func.text    ro code  0x00a022     0x3  interrupt.o [4]
  .near_func.text    ro code  0x00a025     0x3  low_level_init.o [4]
  .near_func.text    ro code  0x00a028     0x3  exit.o [4]
  .near_func.text    ro code  0x00a02b     0x3  unhandled_exception.o [4]
  .near_func.text    ro code  0x00a02e     0x1  data.o [1]
  .near_func.text    ro code  0x00a02f     0x1  stm8l15x_it.o [1]
  .near_func.text    ro code  0x00a030     0x1  stm8l15x_it.o [1]
  .near_func.text    ro code  0x00a031     0x1  stm8l15x_it.o [1]
  .near_func.text    ro code  0x00a032     0x1  stm8l15x_it.o [1]
  .near_func.text    ro code  0x00a033     0x1  stm8l15x_it.o [1]
  .near_func.text    ro code  0x00a034     0x1  stm8l15x_it.o [1]
  .near_func.text    ro code  0x00a035     0x1  stm8l15x_it.o [1]
  .near_func.text    ro code  0x00a036     0x1  stm8l15x_it.o [1]
  .near_func.text    ro code  0x00a037     0x1  stm8l15x_it.o [1]
  .near_func.text    ro code  0x00a038     0x1  stm8l15x_it.o [1]
  .near_func.text    ro code  0x00a039     0x1  stm8l15x_it.o [1]
  .near_func.text    ro code  0x00a03a     0x1  stm8l15x_it.o [1]
  .near_func.text    ro code  0x00a03b     0x1  stm8l15x_it.o [1]
  .near_func.text    ro code  0x00a03c     0x1  stm8l15x_it.o [1]
  .near_func.text    ro code  0x00a03d     0x1  stm8l15x_it.o [1]
  .near_func.text    ro code  0x00a03e     0x1  stm8l15x_it.o [1]
  .near_func.text    ro code  0x00a03f     0x1  stm8l15x_it.o [1]
  .near_func.text    ro code  0x00a040     0x1  stm8l15x_it.o [1]
  .near_func.text    ro code  0x00a041     0x1  stm8l15x_it.o [1]
  .near_func.text    ro code  0x00a042     0x1  stm8l15x_it.o [1]
  .near_func.text    ro code  0x00a043     0x1  stm8l15x_it.o [1]
  .near_func.text    ro code  0x00a044     0x1  stm8l15x_it.o [1]
  .near_func.text    ro code  0x00a045     0x1  stm8l15x_it.o [1]
  .near_func.text    ro code  0x00a046     0x1  stm8l15x_it.o [1]
  .near_func.text    ro code  0x00a047     0x1  stm8l15x_it.o [1]
  .near_func.text    ro code  0x00a048     0x1  stm8l15x_it.o [1]
  .near_func.text    ro code  0x00a049     0x1  stm8l15x_it.o [1]
  .near_func.text    ro code  0x00a04a     0x1  timer.o [1]
  .near_func.text    ro code  0x00a04b     0x1  __dbg_break.o [3]
                            - 0x00a04c  0x1fcc


*******************************************************************************
*** INIT TABLE
***

          Address   Size
          -------   ----
Zero (__iar_zero_init2)
    1 destination range, total size 0x118:
          0x000020  0x118

Copy (__iar_copy_init2)
    1 source range, total size 0x10:
          0x009eff   0x10
    1 destination range, total size 0x10:
          0x000010   0x10



*******************************************************************************
*** MODULE SUMMARY
***

    Module                 ro code  ro data  rw data
    ------                 -------  -------  -------
E:\PROJECT\gas\client_stm8\SENSOR_send\SENSORMDK\Debug\Obj: [1]
    ActiveHalt.o               150
    Crc.o                      100      512
    ETC.o                       91
    Extdata.o                  538                39
    HX712.o                    478
    Rfm64.o                  1 042       41       35
    SPI.o                       67
    data.o                   1 259       18       57
    delay.o                     55
    main.o                     331        2        6
    program.o                  740       33        4
    rtc.o                      105
    stm8l15x_adc.o              85
    stm8l15x_clk.o             423
    stm8l15x_flash.o           180
    stm8l15x_gpio.o            213
    stm8l15x_it.o              183        4        8
    stm8l15x_pwr.o              28
    stm8l15x_rtc.o             191
    stm8l15x_tim3.o            110
    stm8l15x_usart.o           101
    timer.o                      5                 2
    ------------------------------------------------
    Total:                   6 475      610      151

command line: [2]
    ------------------------------------------------
    Total:

dbgstm8smd.a: [3]
    __dbg_break.o                1
    __dbg_xxexit.o              20
    ------------------------------------------------
    Total:                      21

dlstm8smf.a: [4]
    cexit.o                      5
    cstartup.o                  19
    dc_util.o                   11
    exit.o                       3
    init.o                      20
    init_small.o                70
    interrupt.o                  3      128
    long.o                     335
    long_util.o                 52
    low_level_init.o             3
    memcpy.o                    31
    memset.o                    22
    move.o                      13
    rand.o                     183        4      145
    short.o                     29
    unhandled_exception.o        3
    vreg_util.o                210
    vregs.o                                       16
    ------------------------------------------------
    Total:                   1 012      132      161

    Linker created                       18      256
----------------------------------------------------
    Grand Total:             7 508      760      568


*******************************************************************************
*** ENTRY LIST
***

Entry                    Address   Size  Type      Object
-----                    -------   ----  ----      ------
.iar.init_table$$Base   0x009cb1          --   Gb  - Linker created -
.iar.init_table$$Limit  0x009cc3          --   Gb  - Linker created -
?add32_l0_l0_0x         0x008483         Code  Gb  long.o [4]
?add32_l0_l0_dl         0x00847e         Code  Gb  long.o [4]
?and32_l0_l0_0x         0x008533         Code  Gb  long.o [4]
?and32_l0_l0_l1         0x008530         Code  Gb  long.o [4]
?b0                     0x000000         Data  Gb  vregs.o [4]
?b1                     0x000001         Data  Gb  vregs.o [4]
?b10                    0x00000a         Data  Gb  vregs.o [4]
?b11                    0x00000b         Data  Gb  vregs.o [4]
?b12                    0x00000c         Data  Gb  vregs.o [4]
?b13                    0x00000d         Data  Gb  vregs.o [4]
?b14                    0x00000e         Data  Gb  vregs.o [4]
?b15                    0x00000f         Data  Gb  vregs.o [4]
?b2                     0x000002         Data  Gb  vregs.o [4]
?b3                     0x000003         Data  Gb  vregs.o [4]
?b4                     0x000004         Data  Gb  vregs.o [4]
?b5                     0x000005         Data  Gb  vregs.o [4]
?b6                     0x000006         Data  Gb  vregs.o [4]
?b7                     0x000007         Data  Gb  vregs.o [4]
?b8                     0x000008         Data  Gb  vregs.o [4]
?b9                     0x000009         Data  Gb  vregs.o [4]
?dc32_px                0x009fbd         Code  Gb  dc_util.o [4]
?dec32_0x_0x            0x00846a         Code  Gb  long.o [4]
?dec32_l1_l1            0x00845b         Code  Gb  long.o [4]
?dec32_l2_l2            0x008460         Code  Gb  long.o [4]
?dec32_l3_l3            0x008465         Code  Gb  long.o [4]
?e0                     0x000001         Data  Gb  vregs.o [4]
?e1                     0x000005         Data  Gb  vregs.o [4]
?e2                     0x000009         Data  Gb  vregs.o [4]
?e3                     0x00000d         Data  Gb  vregs.o [4]
?epilogue_l2            0x008975         Code  Gb  vreg_util.o [4]
?epilogue_l2_l3         0x008972         Code  Gb  vreg_util.o [4]
?epilogue_w4            0x008979         Code  Gb  vreg_util.o [4]
?inc32_0x_0x            0x00844d         Code  Gb  long.o [4]
?inc32_l0_l0            0x008443         Code  Gb  long.o [4]
?inc32_l2_l2            0x008448         Code  Gb  long.o [4]
?l0                     0x000000         Data  Gb  vregs.o [4]
?l1                     0x000004         Data  Gb  vregs.o [4]
?l2                     0x000008         Data  Gb  vregs.o [4]
?l3                     0x00000c         Data  Gb  vregs.o [4]
?load32_0x_l0           0x0099e4         Code  Gb  long_util.o [4]
?load32_0x_l1           0x0099f2         Code  Gb  long_util.o [4]
?load32_l0_0x           0x0099cc         Code  Gb  long_util.o [4]
?load32_l1_0x           0x0099d8         Code  Gb  long_util.o [4]
?mov_e0_e2              0x008987         Code  Gb  vreg_util.o [4]
?mov_e1_e0              0x008994         Code  Gb  vreg_util.o [4]
?mov_e1_e2              0x0089a1         Code  Gb  vreg_util.o [4]
?mov_e2_e0              0x0089ae         Code  Gb  vreg_util.o [4]
?mov_l0_l2              0x008984         Code  Gb  vreg_util.o [4]
?mov_l1_l0              0x008991         Code  Gb  vreg_util.o [4]
?mov_l1_l2              0x00899e         Code  Gb  vreg_util.o [4]
?mov_l2_l0              0x0089ab         Code  Gb  vreg_util.o [4]
?mov_w1_w5              0x00898a         Code  Gb  vreg_util.o [4]
?mov_w2_w1              0x00897d         Code  Gb  vreg_util.o [4]
?mov_w3_w1              0x008997         Code  Gb  vreg_util.o [4]
?mov_w3_w5              0x0089a4         Code  Gb  vreg_util.o [4]
?mov_w5_w1              0x0089b1         Code  Gb  vreg_util.o [4]
?move1616_v_x_y_a       0x009f8e         Code  Gb  move.o [4]
?mul32_l0_l0_0x         0x00849e         Code  Gb  long.o [4]
?mul32_l0_l0_dl         0x00849b         Code  Gb  long.o [4]
?mul32_l0_l0_l1         0x0084a7         Code  Gb  long.o [4]
?or32_l0_l0_0x          0x00854e         Code  Gb  long.o [4]
?or32_l0_l0_l1          0x00854b         Code  Gb  long.o [4]
?pop_l0                 0x00893e         Code  Gb  vreg_util.o [4]
?pop_l1                 0x008949         Code  Gb  vreg_util.o [4]
?pop_l2                 0x008954         Code  Gb  vreg_util.o [4]
?pop_l3                 0x00895f         Code  Gb  vreg_util.o [4]
?pop_w4                 0x0088fe         Code  Gb  vreg_util.o [4]
?push_l0                0x00890d         Code  Gb  vreg_util.o [4]
?push_l1                0x008912         Code  Gb  vreg_util.o [4]
?push_l2                0x008917         Code  Gb  vreg_util.o [4]
?push_l3                0x00891c         Code  Gb  vreg_util.o [4]
?push_w4                0x0088e6         Code  Gb  vreg_util.o [4]
?sll16_x_x_a            0x009d89         Code  Gb  short.o [4]
?sll32_0x_0x_a          0x008584         Code  Gb  long.o [4]
?sll32_l0_l0_a          0x008581         Code  Gb  long.o [4]
?smod16_y_x_y           0x009d79         Code  Gb  short.o [4]
?srl16_x_x_4            0x009d91         Code  Gb  short.o [4]
?ucmp32_c_l0_l1         0x008525         Code  Gb  long.o [4]
?w0                     0x000000         Data  Gb  vregs.o [4]
?w1                     0x000002         Data  Gb  vregs.o [4]
?w2                     0x000004         Data  Gb  vregs.o [4]
?w3                     0x000006         Data  Gb  vregs.o [4]
?w4                     0x000008         Data  Gb  vregs.o [4]
?w5                     0x00000a         Data  Gb  vregs.o [4]
?w6                     0x00000c         Data  Gb  vregs.o [4]
?w7                     0x00000e         Data  Gb  vregs.o [4]
?xor32_l0_l0_0x         0x008569         Code  Gb  long.o [4]
?xor32_l0_l0_l1         0x008566         Code  Gb  long.o [4]
ADC1_COMP_IRQHandler    0x00a040    0x1  Code  Gb  stm8l15x_it.o [1]
ADC_DeInit              0x009533   0x55  Code  Gb  stm8l15x_adc.o [1]
Active_Halt_Colse       0x0097bd   0x40  Code  Gb  ActiveHalt.o [1]
Active_Halt_Open        0x009f81    0xd  Code  Gb  ActiveHalt.o [1]
Awaken                  0x000130    0x1  Data  Gb  data.o [1]
Bat_Check               0x009588   0x52  Code  Lc  program.o [1]
Bat_Check_Prestate      0x000134    0x1  Data  Gb  program.o [1]
Bat_Check_state         0x00012f    0x1  Data  Gb  data.o [1]
Bat_Checktimes          0x00001a    0x2  Data  Gb  stm8l15x_it.o [1]
Bat_CtrlValve           0x000014    0x2  Data  Gb  main.o [1]
BuildPacket             0x0096b3   0x43  Code  Gb  Rfm64.o [1]
BuildPacket::counter    0x000136    0x1  Data  Lc  Rfm64.o [1]
CLK_Config              0x009bdb   0x26  Code  Gb  rtc.o [1]
CLK_DeInit              0x00977c   0x41  Code  Gb  stm8l15x_clk.o [1]
CLK_GetFlagStatus       0x008bf6   0x98  Code  Gb  stm8l15x_clk.o [1]
CLK_GetSYSCLKSource     0x00a00b    0x4  Code  Gb  stm8l15x_clk.o [1]
CLK_HSICmd              0x009f3b    0xe  Code  Gb  stm8l15x_clk.o [1]
CLK_LSICmd              0x009f49    0xe  Code  Gb  stm8l15x_clk.o [1]
CLK_PeripheralClockConfig
                        0x008db7   0x8e  Code  Gb  stm8l15x_clk.o [1]
CLK_RTCClockConfig      0x009fc8    0xa  Code  Gb  stm8l15x_clk.o [1]
CLK_SYSCLKDivConfig     0x00a00f    0x4  Code  Gb  stm8l15x_clk.o [1]
CLK_SYSCLKSourceConfig  0x00a007    0x4  Code  Gb  stm8l15x_clk.o [1]
CLK_SYSCLKSourceSwitchCmd
                        0x009f57    0xe  Code  Gb  stm8l15x_clk.o [1]
CSTACK$$Base            0x000700          --   Gb  - Linker created -
CSTACK$$Limit           0x000800          --   Gb  - Linker created -
CheckID                 0x000131    0x1  Data  Gb  data.o [1]
Cooker_AFN_Handle       0x0089b8   0xc2  Code  Gb  Extdata.o [1]
Cooker_SendGas_CTRL     0x00966d   0x46  Code  Gb  Extdata.o [1]
Cooker_SendSetIdResult  0x00987d   0x3d  Code  Gb  Extdata.o [1]
Cooker_TimeGet          0x00a01b    0x4  Code  Gb  timer.o [1]
DMA1_CHANNEL0_1_IRQHandler
                        0x00a031    0x1  Code  Gb  stm8l15x_it.o [1]
DMA1_CHANNEL2_3_IRQHandler
                        0x00a032    0x1  Code  Gb  stm8l15x_it.o [1]
EXTI0_IRQHandler        0x00a036    0x1  Code  Gb  stm8l15x_it.o [1]
EXTI1_IRQHandler        0x00a037    0x1  Code  Gb  stm8l15x_it.o [1]
EXTI2_IRQHandler        0x00a038    0x1  Code  Gb  stm8l15x_it.o [1]
EXTI3_IRQHandler        0x00a039    0x1  Code  Gb  stm8l15x_it.o [1]
EXTI4_IRQHandler        0x00a03a    0x1  Code  Gb  stm8l15x_it.o [1]
EXTI5_IRQHandler        0x00a03b    0x1  Code  Gb  stm8l15x_it.o [1]
EXTI6_IRQHandler        0x00a03c    0x1  Code  Gb  stm8l15x_it.o [1]
EXTI7_IRQHandler        0x00a03d    0x1  Code  Gb  stm8l15x_it.o [1]
EXTIB_G_IRQHandler      0x00a034    0x1  Code  Gb  stm8l15x_it.o [1]
EXTID_H_IRQHandler      0x00a035    0x1  Code  Gb  stm8l15x_it.o [1]
EXTIE_F_PVD_IRQHandler  0x00a033    0x1  Code  Gb  stm8l15x_it.o [1]
FLASH_GetFlagStatus     0x009de4   0x18  Code  Gb  stm8l15x_flash.o [1]
FLASH_IRQHandler        0x00a030    0x1  Code  Gb  stm8l15x_it.o [1]
FLASH_Lock              0x009fb2    0xb  Code  Gb  stm8l15x_flash.o [1]
FLASH_ProgramByte       0x00a013    0x4  Code  Gb  stm8l15x_flash.o [1]
FLASH_ReadByte          0x00a017    0x4  Code  Gb  stm8l15x_flash.o [1]
FLASH_ReadNByte         0x0097fd   0x40  Code  Gb  Extdata.o [1]
FLASH_SetProgrammingTime
                        0x009f1e    0xf  Code  Gb  stm8l15x_flash.o [1]
FLASH_Unlock            0x009dcb   0x19  Code  Gb  stm8l15x_flash.o [1]
FLASH_WaitForLastOperation
                        0x009415   0x61  Code  Gb  stm8l15x_flash.o [1]
FLASH_WriteNByte        0x008c8e   0x95  Code  Gb  Extdata.o [1]
FirstPower_CheckService
                        0x008804   0xe2  Code  Gb  program.o [1]
GPIO_DeInit             0x009e92   0x13  Code  Gb  stm8l15x_gpio.o [1]
GPIO_Init               0x008e45   0x8e  Code  Gb  stm8l15x_gpio.o [1]
GPIO_Init_Colse         0x009624   0x49  Code  Gb  ActiveHalt.o [1]
GPIO_Initial            0x009739   0x43  Code  Gb  SPI.o [1]
GPIO_ReadInputDataBit   0x009ea5   0x13  Code  Gb  stm8l15x_gpio.o [1]
GPIO_ResetBits          0x009fed    0x8  Code  Gb  stm8l15x_gpio.o [1]
GPIO_SetBits            0x009ff5    0x7  Code  Gb  stm8l15x_gpio.o [1]
GPIO_WriteBit           0x009edd   0x12  Code  Gb  stm8l15x_gpio.o [1]
GasValue_Charge         0x000132    0x1  Data  Gb  main.o [1]
Gas_Check               0x009284   0x65  Code  Lc  program.o [1]
Gas_Check_Prestate      0x000135    0x1  Data  Gb  program.o [1]
Gas_Pressure_state      0x00012e    0x1  Data  Gb  data.o [1]
Gas_check_Times         0x000133    0x1  Data  Gb  program.o [1]
Gas_check_flag          0x000016    0x1  Data  Gb  program.o [1]
GetMasterId             0x009dfc   0x17  Code  Gb  data.o [1]
HX712_GPIO_INIT         0x009e13   0x17  Code  Gb  HX712.o [1]
HX712_Init_Mode         0x0094d5   0x5e  Code  Gb  HX712.o [1]
HardWare_Init           0x009b8d   0x27  Code  Gb  program.o [1]
I2C1_SPI2_IRQHandler    0x00a049    0x1  Code  Gb  stm8l15x_it.o [1]
INTVEC$$Base            0x008000          --   Gb  - Linker created -
INTVEC$$Limit           0x008080          --   Gb  - Linker created -
InitSX1212              0x00934e   0x64  Code  Gb  Rfm64.o [1]
LCD_AES_IRQHandler      0x00a03e    0x1  Code  Gb  stm8l15x_it.o [1]
LowPowerStart           0x009b3d   0x28  Code  Gb  program.o [1]
LowPowerStop            0x009ecb   0x12  Code  Gb  program.o [1]
MasterParse_Addr        0x009c6e   0x22  Code  Lc  data.o [1]
MasterParse_Check       0x009148   0x6d  Code  Lc  data.o [1]
MasterParse_Cmd         0x009e40   0x15  Code  Lc  data.o [1]
MasterParse_Header      0x009eef   0x10  Code  Lc  data.o [1]
MasterParse_Length      0x009fd2    0x9  Code  Lc  data.o [1]
MasterParse_Nop         0x00a02e    0x1  Code  Lc  data.o [1]
MasterParse_Payload     0x009998   0x34  Code  Lc  data.o [1]
Master_Ack              0x000111    0x3  Data  Gb  Extdata.o [1]
Master_data_Prase       0x008fd8   0x7d  Code  Gb  data.o [1]
Master_data_Prase::delay
                        0x000119    0x2  Data  Lc  data.o [1]
PWR_FastWakeUpCmd       0x009f65    0xe  Code  Gb  stm8l15x_pwr.o [1]
PWR_UltraLowPowerCmd    0x009f73    0xe  Code  Gb  stm8l15x_pwr.o [1]
Power_CurState          0x00011f    0x2  Data  Gb  stm8l15x_it.o [1]
Power_PreState          0x000121    0x2  Data  Gb  stm8l15x_it.o [1]
READ_Level              0x009a64   0x2f  Code  Gb  ETC.o [1]
RF_Pkt                  0x0000cc   0x21  Data  Gb  Rfm64.o [1]
RTC_CSSLSE_IRQHandler   0x0095da   0x4a  Code  Gb  stm8l15x_it.o [1]
RTC_ClearITPendingBit   0x009f9b    0xc  Code  Gb  stm8l15x_rtc.o [1]
RTC_Config              0x0096f6   0x43  Code  Gb  rtc.o [1]
RTC_ITConfig            0x0098ba   0x3b  Code  Gb  stm8l15x_rtc.o [1]
RTC_SetWakeUpCounter    0x009e55   0x15  Code  Gb  stm8l15x_rtc.o [1]
RTC_WakeUpClockConfig   0x009c4b   0x23  Code  Gb  stm8l15x_rtc.o [1]
RTC_WakeUpCmd           0x00983d   0x40  Code  Gb  stm8l15x_rtc.o [1]
Rcv_MasterAck           0x00921f   0x65  Code  Gb  data.o [1]
Rcv_MasterDataParse     0x008a7a   0xbf  Code  Gb  data.o [1]
ReadCount               0x008f56   0x82  Code  Lc  HX712.o [1]
ReadVoltage             0x008ed3   0x83  Code  Lc  HX712.o [1]
ReceiveRfFrame          0x009055   0x7c  Code  Gb  Rfm64.o [1]
Region$$Table$$Base     0x009cb1          --   Gb  - Linker created -
Region$$Table$$Limit    0x009cc3          --   Gb  - Linker created -
RegistersCfg            0x009aed   0x28  Data  Lc  Rfm64.o [1]
SPI1_IRQHandler         0x00a047    0x1  Code  Gb  stm8l15x_it.o [1]
SWITCH_CSS_BREAK_DAC_IRQHandler
                        0x00a03f    0x1  Code  Gb  stm8l15x_it.o [1]
SendRfFrame             0x0091b5   0x6a  Code  Gb  Rfm64.o [1]
SetRFMode               0x008280  0x1c3  Code  Gb  Rfm64.o [1]
SetRFMode::pre_mode     0x000017    0x1  Data  Lc  Rfm64.o [1]
SlaveGasCTRL            0x00011d    0x2  Data  Gb  Extdata.o [1]
SlaveSendSetIdResult    0x00011b    0x2  Data  Gb  Extdata.o [1]
Slave_BackupId          0x0000ed   0x20  Data  Lc  Extdata.o [1]
Slave_GasBat_SendService
                        0x008b39   0xbd  Code  Gb  program.o [1]
Slave_Load              0x0086dd  0x127  Code  Gb  data.o [1]
Slave_Send_BatState     0x009d5c   0x1d  Code  Gb  data.o [1]
Slave_Send_GasCtrl      0x0090d1   0x77  Code  Gb  data.o [1]
Slave_Send_GasState     0x009d3f   0x1d  Code  Gb  data.o [1]
Slave_Service           0x009ac0   0x2d  Code  Gb  program.o [1]
Slave_WirelessSendLoad  0x009ce3   0x1f  Code  Gb  data.o [1]
Sleep_times             0x000018    0x2  Data  Gb  stm8l15x_it.o [1]
SpiInOut                0x009476   0x5f  Code  Lc  Rfm64.o [1]
TEV_CTRL_INIT           0x009c90   0x21  Code  Gb  ETC.o [1]
TEV_GPIO_INIT           0x009fa7    0xb  Code  Gb  ETC.o [1]
TIM1_CC_IRQHandler      0x00a045    0x1  Code  Gb  stm8l15x_it.o [1]
TIM1_UPD_OVF_TRG_COM_IRQHandler
                        0x00a044    0x1  Code  Gb  stm8l15x_it.o [1]
TIM2_CC_USART2_RX_IRQHandler
                        0x00a042    0x1  Code  Gb  stm8l15x_it.o [1]
TIM2_UPD_OVF_TRG_BRK_USART2_TX_IRQHandler
                        0x00a041    0x1  Code  Gb  stm8l15x_it.o [1]
TIM3_CC_USART3_RX_IRQHandler
                        0x00a043    0x1  Code  Gb  stm8l15x_it.o [1]
TIM3_ClearITPendingBit  0x009fdb    0x9  Code  Gb  stm8l15x_tim3.o [1]
TIM3_DeInit             0x0092e9   0x65  Code  Gb  stm8l15x_tim3.o [1]
TIM3_Handle             0x00a04a    0x1  Code  Gb  timer.o [1]
TIM3_UPD_OVF_TRG_BRK_USART3_TX_IRQHandler
                        0x009d96   0x1b  Code  Gb  stm8l15x_it.o [1]
TIM4_UPD_OVF_TRG_IRQHandler
                        0x00a046    0x1  Code  Gb  stm8l15x_it.o [1]
TRAP_IRQHandler         0x00a02f    0x1  Code  Gb  stm8l15x_it.o [1]
USART1_RX_TIM5_CC_IRQHandler
                        0x00992c   0x37  Code  Gb  stm8l15x_it.o [1]
USART1_TX_TIM5_UPD_OVF_TRG_BRK_IRQHandler
                        0x00a048    0x1  Code  Gb  stm8l15x_it.o [1]
USART_DeInit            0x009bb4   0x27  Code  Gb  stm8l15x_usart.o [1]
USART_GetFlagStatus     0x009963   0x35  Code  Gb  stm8l15x_usart.o [1]
USART_ReceiveData8      0x00a01f    0x3  Code  Gb  stm8l15x_usart.o [1]
USART_SendData8         0x009ffc    0x6  Code  Gb  stm8l15x_usart.o [1]
Updata_Awaken_Config    0x009c01   0x25  Code  Lc  data.o [1]
Updata_Normal_Config    0x009c26   0x25  Code  Lc  data.o [1]
_Rand_idx               0x00010d    0x4  Data  Lc  rand.o [4]
_Rand_rv                0x000020   0x80  Data  Lc  rand.o [4]
_Randinit               0x000137    0x1  Data  Gb  rand.o [4]
_Randseed               0x00001c    0x4  Data  Gb  rand.o [4]
_SpiConfig              0x0093b2   0x63  Code  Gb  Rfm64.o [1]
__DebugBreak            0x00a04b    0x1  Code  Gb  __dbg_break.o [3]
__exit                  0x009e7e   0x14  Code  Gb  __dbg_xxexit.o [3]
__iar_Tls_setup__Rand_idx
                        0x000129    0x2  Data  Lc  rand.o [4]
__iar_Tls_setup__Rand_rv
                        0x00012b    0x2  Data  Lc  rand.o [4]
__iar_Tls_setup__Randinit
                        0x000125    0x2  Data  Gb  rand.o [4]
__iar_Tls_setup__Randseed
                        0x000127    0x2  Data  Gb  rand.o [4]
__iar_copy_init2        0x009b65         Code  Gb  init_small.o [4]
__iar_data_init2        0x009e6a   0x14  Code  Gb  init.o [4]
__iar_program_start     0x009eb8         Code  Gb  cstartup.o [4]
__iar_unhandled_exception
                        0x00a02b         Code  Gb  unhandled_exception.o [4]
__iar_zero_init2        0x009d21         Code  Gb  init_small.o [4]
__intvec                0x008000         Data  Gb  interrupt.o [4]
__low_level_init        0x00a025    0x3  Code  Gb  low_level_init.o [4]
_exit                   0x00a002         Code  Gb  cexit.o [4]
_interrupt_1            0x00a02f         Code  Gb  stm8l15x_it.o [1]
_interrupt_10           0x00a036         Code  Gb  stm8l15x_it.o [1]
_interrupt_11           0x00a037         Code  Gb  stm8l15x_it.o [1]
_interrupt_12           0x00a038         Code  Gb  stm8l15x_it.o [1]
_interrupt_13           0x00a039         Code  Gb  stm8l15x_it.o [1]
_interrupt_14           0x00a03a         Code  Gb  stm8l15x_it.o [1]
_interrupt_15           0x00a03b         Code  Gb  stm8l15x_it.o [1]
_interrupt_16           0x00a03c         Code  Gb  stm8l15x_it.o [1]
_interrupt_17           0x00a03d         Code  Gb  stm8l15x_it.o [1]
_interrupt_18           0x00a03e         Code  Gb  stm8l15x_it.o [1]
_interrupt_19           0x00a03f         Code  Gb  stm8l15x_it.o [1]
_interrupt_20           0x00a040         Code  Gb  stm8l15x_it.o [1]
_interrupt_21           0x00a041         Code  Gb  stm8l15x_it.o [1]
_interrupt_22           0x00a042         Code  Gb  stm8l15x_it.o [1]
_interrupt_23           0x009d96         Code  Gb  stm8l15x_it.o [1]
_interrupt_24           0x00a043         Code  Gb  stm8l15x_it.o [1]
_interrupt_25           0x00a044         Code  Gb  stm8l15x_it.o [1]
_interrupt_26           0x00a045         Code  Gb  stm8l15x_it.o [1]
_interrupt_27           0x00a046         Code  Gb  stm8l15x_it.o [1]
_interrupt_28           0x00a047         Code  Gb  stm8l15x_it.o [1]
_interrupt_29           0x00a048         Code  Gb  stm8l15x_it.o [1]
_interrupt_3            0x00a030         Code  Gb  stm8l15x_it.o [1]
_interrupt_30           0x00992c         Code  Gb  stm8l15x_it.o [1]
_interrupt_31           0x00a049         Code  Gb  stm8l15x_it.o [1]
_interrupt_4            0x00a031         Code  Gb  stm8l15x_it.o [1]
_interrupt_5            0x00a032         Code  Gb  stm8l15x_it.o [1]
_interrupt_6            0x0095da         Code  Gb  stm8l15x_it.o [1]
_interrupt_7            0x00a033         Code  Gb  stm8l15x_it.o [1]
_interrupt_8            0x00a034         Code  Gb  stm8l15x_it.o [1]
_interrupt_9            0x00a035         Code  Gb  stm8l15x_it.o [1]
a_pfnCooker_Parse       0x009f2d    0xe  Data  Lc  data.o [1]
cmp_buf                 0x0098f5   0x37  Code  Gb  Crc.o [1]
crc16_ccitt_byte        0x009a93   0x2d  Code  Gb  Crc.o [1]
crc16_ccitt_table       0x008080  0x200  Data  Lc  Crc.o [1]
delay_ms                0x009b15   0x28  Code  Gb  delay.o [1]
delay_us                0x009f0f    0xf  Code  Gb  delay.o [1]
exit                    0x00a028    0x3  Code  Gb  exit.o [4]
fun_status              0x000114    0x3  Data  Gb  main.o [1]
mPARSE_State            0x00012d    0x1  Data  Lc  data.o [1]
main                    0x008592  0x14b  Code  Gb  main.o [1]
memcpy                  0x009d02   0x1f  Code  Gb  memcpy.o [4]
memset                  0x009e2a   0x16  Code  Gb  memset.o [4]
rand                    0x008d23   0x94  Code  Gb  rand.o [4]
tCooker_Entity          0x0000a0   0x2c  Data  Lc  data.o [1]
tx_ReadCount            0x009a00   0x32  Code  Gb  HX712.o [1]
tx_ReadVoltage          0x009a32   0x32  Code  Gb  HX712.o [1]
usCooker_ParseCheck     0x000010    0x4  Data  Lc  data.o [1]
usCooker_ParseLength    0x000117    0x2  Data  Lc  data.o [1]
usSystemTick            0x000123    0x2  Data  Lc  timer.o [1]


[1] = E:\PROJECT\gas\client_stm8\SENSOR_send\SENSORMDK\Debug\Obj
[2] = command line
[3] = dbgstm8smd.a
[4] = dlstm8smf.a

  7 508 bytes of readonly  code memory
    760 bytes of readonly  data memory
    568 bytes of readwrite data memory

Errors: none
Warnings: none
