###############################################################################
#
# IAR ELF Linker V3.10.1.201 for STM8                     05/Jun/2023  09:53:47
# Copyright 2010-2017 IAR Systems AB.
#
#    Output file  =  
#        E:\PROJECT\gas\client_stm8\SENSOR_send\SENSORMDK\Debug\Exe\templproj.out
#    Map file     =  
#        E:\PROJECT\gas\client_stm8\SENSOR_send\SENSORMDK\Debug\List\templproj.map
#    Command line =  
#        -f C:\Users\admin\AppData\Local\Temp\EWEE22.tmp
#        (E:\PROJECT\gas\client_stm8\SENSOR_send\SENSORMDK\Debug\Obj\ActiveHalt.o
#        E:\PROJECT\gas\client_stm8\SENSOR_send\SENSORMDK\Debug\Obj\adc.o
#        E:\PROJECT\gas\client_stm8\SENSOR_send\SENSORMDK\Debug\Obj\Crc.o
#        E:\PROJECT\gas\client_stm8\SENSOR_send\SENSORMDK\Debug\Obj\data.o
#        E:\PROJECT\gas\client_stm8\SENSOR_send\SENSORMDK\Debug\Obj\delay.o
#        E:\PROJECT\gas\client_stm8\SENSOR_send\SENSORMDK\Debug\Obj\ETC.o
#        E:\PROJECT\gas\client_stm8\SENSOR_send\SENSORMDK\Debug\Obj\Extdata.o
#        E:\PROJECT\gas\client_stm8\SENSOR_send\SENSORMDK\Debug\Obj\HX712.o
#        E:\PROJECT\gas\client_stm8\SENSOR_send\SENSORMDK\Debug\Obj\main.o
#        E:\PROJECT\gas\client_stm8\SENSOR_send\SENSORMDK\Debug\Obj\program.o
#        E:\PROJECT\gas\client_stm8\SENSOR_send\SENSORMDK\Debug\Obj\Rfm64.o
#        E:\PROJECT\gas\client_stm8\SENSOR_send\SENSORMDK\Debug\Obj\rtc.o
#        E:\PROJECT\gas\client_stm8\SENSOR_send\SENSORMDK\Debug\Obj\SPI.o
#        E:\PROJECT\gas\client_stm8\SENSOR_send\SENSORMDK\Debug\Obj\sprintf.o
#        E:\PROJECT\gas\client_stm8\SENSOR_send\SENSORMDK\Debug\Obj\stm8l15x_adc.o
#        E:\PROJECT\gas\client_stm8\SENSOR_send\SENSORMDK\Debug\Obj\stm8l15x_clk.o
#        E:\PROJECT\gas\client_stm8\SENSOR_send\SENSORMDK\Debug\Obj\stm8l15x_exti.o
#        E:\PROJECT\gas\client_stm8\SENSOR_send\SENSORMDK\Debug\Obj\stm8l15x_flash.o
#        E:\PROJECT\gas\client_stm8\SENSOR_send\SENSORMDK\Debug\Obj\stm8l15x_gpio.o
#        E:\PROJECT\gas\client_stm8\SENSOR_send\SENSORMDK\Debug\Obj\stm8l15x_i2c.o
#        E:\PROJECT\gas\client_stm8\SENSOR_send\SENSORMDK\Debug\Obj\stm8l15x_it.o
#        E:\PROJECT\gas\client_stm8\SENSOR_send\SENSORMDK\Debug\Obj\stm8l15x_itc.o
#        E:\PROJECT\gas\client_stm8\SENSOR_send\SENSORMDK\Debug\Obj\stm8l15x_pwr.o
#        E:\PROJECT\gas\client_stm8\SENSOR_send\SENSORMDK\Debug\Obj\stm8l15x_rtc.o
#        E:\PROJECT\gas\client_stm8\SENSOR_send\SENSORMDK\Debug\Obj\stm8l15x_spi.o
#        E:\PROJECT\gas\client_stm8\SENSOR_send\SENSORMDK\Debug\Obj\stm8l15x_tim1.o
#        E:\PROJECT\gas\client_stm8\SENSOR_send\SENSORMDK\Debug\Obj\stm8l15x_tim2.o
#        E:\PROJECT\gas\client_stm8\SENSOR_send\SENSORMDK\Debug\Obj\stm8l15x_tim3.o
#        E:\PROJECT\gas\client_stm8\SENSOR_send\SENSORMDK\Debug\Obj\stm8l15x_tim4.o
#        E:\PROJECT\gas\client_stm8\SENSOR_send\SENSORMDK\Debug\Obj\stm8l15x_tim5.o
#        E:\PROJECT\gas\client_stm8\SENSOR_send\SENSORMDK\Debug\Obj\stm8l15x_usart.o
#        E:\PROJECT\gas\client_stm8\SENSOR_send\SENSORMDK\Debug\Obj\timer.o
#        E:\PROJECT\gas\client_stm8\SENSOR_send\SENSORMDK\Debug\Obj\USART.o
#        --redirect _Printf=_PrintfFull --redirect _Scanf=_ScanfFull -o
#        E:\PROJECT\gas\client_stm8\SENSOR_send\SENSORMDK\Debug\Exe\templproj.out
#        --map
#        E:\PROJECT\gas\client_stm8\SENSOR_send\SENSORMDK\Debug\List\templproj.map
#        --config "D:\IAR Systems\Embedded Workbench
#        8.0\stm8\config\lnkstm8l151g6.icf" --config_def _CSTACK_SIZE=0x100
#        --config_def _HEAP_SIZE=0x100 --entry __iar_program_start --debug_lib)
#
###############################################################################

*******************************************************************************
*** RUNTIME MODEL ATTRIBUTES
***

__Heap_Handler             = Basic
__SystemLibrary            = DLib
__code_model               = small
__core                     = stm8
__data_model               = medium
__dlib_file_descriptor     = 1
__dlib_full_locale_support = 1
__rt_version               = 4


*******************************************************************************
*** PLACEMENT SUMMARY
***

"A0":  place at start of [0x000000-0x0000ff] { rw section .vregs };
"A1":  place at end of [0x000000-0x0007ff] { block CSTACK };
"P2":  place in [from 0x000000 to 0x0007ff] {
          block HEAP, rw section __DLIB_PERTHREAD, rw section .far.bss,
          rw section .far.data, rw section .far.noinit,
          rw section .far_func.textrw, rw section .huge.bss,
          rw section .huge.data, rw section .huge.noinit,
          rw section .huge_func.textrw, rw section .iar.dynexit,
          rw section .near.bss, rw section .near.data, rw section .near.noinit,
          rw section .near_func.textrw };
"A2":  place at start of [0x008000-0x00ffff] { block INTVEC };
"P3":  place in [from 0x008000 to 0x00ffff] {
          ro section __DLIB_PERTHREAD_init, ro section .far.data_init,
          ro section .far_func.textrw_init, ro section .huge.data_init,
          ro section .huge_func.textrw_init, ro section .iar.init_table,
          ro section .init_array, ro section .near.data_init,
          ro section .near.rodata, ro section .near_func.text,
          ro section .near_func.textrw_init, ro section .tiny.data_init,
          ro section .tiny.rodata_init };
"P4":  place in [from 0x008000 to 0x00ffff] {
          ro section .far.rodata, ro section .far_func.text };
"P5":  place in [from 0x008000 to 0x00ffff] {
          ro section .huge.rodata, ro section .huge_func.text };
do not initialize {
   rw section .eeprom.noinit, rw section .far.noinit, rw section .huge.noinit,
   rw section .near.noinit, rw section .tiny.noinit, rw section .vregs };
initialize by copy {
   rw section .far.bss, rw section .far.data, rw section .far_func.textrw,
   rw section .huge.bss, rw section .huge.data, rw section .huge_func.textrw,
   rw section .iar.dynexit, rw section .near.bss, rw section .near.data,
   rw section .near_func.textrw, rw section .tiny.bss, rw section .tiny.data,
   ro section .tiny.rodata };

  Section            Kind      Address    Size  Object
  -------            ----      -------    ----  ------
"A0":                                     0x10
  .vregs             uninit   0x000000    0x10  vregs.o [4]
                            - 0x000010    0x10

"P2", part 1 of 3:                        0x35
  P2-1                        0x000010    0x35  <Init block>
    .near.data       inited   0x000010     0x4  data.o [1]
    .near.data       inited   0x000014     0x1  Rfm64.o [1]
    .near.data       inited   0x000015     0x2  timer.o [1]
    .near.data       inited   0x000017    0x2e  localeconv.o [4]
                            - 0x000045    0x35

"P2", part 2 of 3:                       0x100
  HEAP                        0x000045   0x100  <Block>
    HEAP             uninit   0x000045   0x100  <Block tail>
                            - 0x000145   0x100

"P2", part 3 of 3:                       0x14c
  .near.bss          zero     0x000145    0xab  USART.o [1]
  .near.bss          zero     0x0001f0    0x2c  data.o [1]
  .near.bss          zero     0x00021c    0x21  Rfm64.o [1]
  .near.bss          zero     0x00023d    0x20  Extdata.o [1]
  .near.bss          zero     0x00025d     0xe  setlocale.o [4]
  .near.bss          zero     0x00026b     0x4  xxmemxmalloc.o [4]
  .near.bss          zero     0x00026f     0x2  data.o [1]
  .near.bss          zero     0x000271     0x2  data.o [1]
  .near.bss          zero     0x000273     0x2  Extdata.o [1]
  .near.bss          zero     0x000275     0x2  Extdata.o [1]
  .near.bss          zero     0x000277     0x2  stm8l15x_it.o [1]
  .near.bss          zero     0x000279     0x2  stm8l15x_it.o [1]
  .near.bss          zero     0x00027b     0x2  stm8l15x_it.o [1]
  .near.bss          zero     0x00027d     0x2  timer.o [1]
  .near.bss          zero     0x00027f     0x2  timer.o [1]
  .near.bss          zero     0x000281     0x2  timer.o [1]
  .near.bss          zero     0x000283     0x2  localeconv.o [4]
  .near.bss          zero     0x000285     0x2  setlocale.o [4]
  .near.bss          zero     0x000287     0x2  xgetmemchunk.o [4]
  .near.bss          zero     0x000289     0x1  data.o [1]
  .near.bss          zero     0x00028a     0x1  data.o [1]
  .near.bss          zero     0x00028b     0x1  data.o [1]
  .near.bss          zero     0x00028c     0x1  data.o [1]
  .near.bss          zero     0x00028d     0x1  data.o [1]
  .near.bss          zero     0x00028e     0x1  main.o [1]
  .near.bss          zero     0x00028f     0x1  program.o [1]
  .near.bss          zero     0x000290     0x1  Rfm64.o [1]
                            - 0x000291   0x14c

"A1":                                    0x100
  CSTACK                      0x000700   0x100  <Block>
    CSTACK           uninit   0x000700   0x100  <Block tail>
                            - 0x000800   0x100

"A2":                                     0x80
  INTVEC                      0x008000    0x80  <Block>
    .intvec          const    0x008000    0x80  interrupt.o [4]
                            - 0x008080    0x80

"P3-P5":                                0x3e10
  .near_func.text    ro code  0x008080   0x4fb  xprintffull.o [4]
  .near_func.text    ro code  0x00857b   0x460  float.o [4]
  .near_func.text    ro code  0x0089db   0x40f  xprintffull.o [4]
  .near_func.text    ro code  0x008dea   0x37a  xprintffull.o [4]
  .near_func.text    ro code  0x009164   0x234  xprintffull.o [4]
  .near_func.text    ro code  0x009398   0x224  long.o [4]
  .near.rodata       const    0x0095bc   0x200  Crc.o [1]
  .near_func.text    ro code  0x0097bc   0x1c3  Rfm64.o [1]
  .near_func.text    ro code  0x00997f   0x171  xprintffull.o [4]
  .near_func.text    ro code  0x009af0   0x161  float_libsup.o [4]
  .near_func.text    ro code  0x009c51   0x142  vreg_util.o [4]
  .near_func.text    ro code  0x009d93   0x127  data.o [1]
  .near_func.text    ro code  0x009eba   0x11f  stm8l15x_exti.o [1]
  .near_func.text    ro code  0x009fd9    0xd3  xxmemxfree.o [4]
  .near_func.text    ro code  0x00a0ac    0xcf  stm8l15x_usart.o [1]
  .near_func.text    ro code  0x00a17b    0xc5  data.o [1]
  .near_func.text    ro code  0x00a240    0xa0  main.o [1]
  .near_func.text    ro code  0x00a2e0    0x94  stm8l15x_usart.o [1]
  .near_func.text    ro code  0x00a374    0x92  xxmemxmalloc.o [4]
  .near_func.text    ro code  0x00a406    0x91  stm8l15x_clk.o [1]
  .near_func.text    ro code  0x00a497    0x8e  stm8l15x_clk.o [1]
  .near_func.text    ro code  0x00a525    0x8e  stm8l15x_gpio.o [1]
  .near_func.text    ro code  0x00a5b3    0x83  HX712.o [1]
  .near_func.text    ro code  0x00a636    0x82  HX712.o [1]
  .near_func.text    ro code  0x00a6b8    0x82  long_util.o [4]
  .near_func.text    ro code  0x00a73a    0x7d  data.o [1]
  .near_func.text    ro code  0x00a7b7    0x7c  Rfm64.o [1]
  .near_func.text    ro code  0x00a833    0x73  data.o [1]
  .near_func.text    ro code  0x00a8a6    0x6a  Rfm64.o [1]
  .near_func.text    ro code  0x00a910    0x68  Extdata.o [1]
  .near_func.text    ro code  0x00a978    0x67  Extdata.o [1]
  .near_func.text    ro code  0x00a9df    0x65  program.o [1]
  .near_func.text    ro code  0x00aa44    0x65  stm8l15x_tim3.o [1]
  .near_func.text    ro code  0x00aaa9    0x64  Rfm64.o [1]
  .near_func.text    ro code  0x00ab0d    0x63  Rfm64.o [1]
  .near_func.text    ro code  0x00ab70    0x63  xxmemxmalloc.o [4]
  .near_func.text    ro code  0x00abd3    0x61  stm8l15x_flash.o [1]
  .near_func.text    ro code  0x00ac34    0x5f  Rfm64.o [1]
  .near_func.text    ro code  0x00ac93    0x5e  HX712.o [1]
  .near_func.text    ro code  0x00acf1    0x5e  USART.o [1]
  .near_func.text    ro code  0x00ad4f    0x5d  program.o [1]
  .near_func.text    ro code  0x00adac    0x55  stm8l15x_adc.o [1]
  .near_func.text    ro code  0x00ae01    0x52  Extdata.o [1]
  .near_func.text    ro code  0x00ae53    0x50  program.o [1]
  .near_func.text    ro code  0x00aea3    0x49  ActiveHalt.o [1]
  .near_func.text    ro code  0x00aeec    0x44  short.o [4]
  .near_func.text    ro code  0x00af30    0x43  Rfm64.o [1]
  .near_func.text    ro code  0x00af73    0x43  SPI.o [1]
  .near_func.text    ro code  0x00afb6    0x43  stm8l15x_it.o [1]
  .near_func.text    ro code  0x00aff9    0x43  xprintffull.o [4]
  .near_func.text    ro code  0x00b03c    0x41  Extdata.o [1]
  .near_func.text    ro code  0x00b07d    0x41  stm8l15x_clk.o [1]
  .near_func.text    ro code  0x00b0be    0x41  xprintffull.o [4]
  .near_func.text    ro code  0x00b0ff    0x40  ActiveHalt.o [1]
  .near_func.text    ro code  0x00b13f    0x40  stm8l15x_rtc.o [1]
  .near_func.text    ro code  0x00b17f    0x3e  Extdata.o [1]
  .near_func.text    ro code  0x00b1bd    0x3c  USART.o [1]
  .near_func.text    const    0x00b1f9    0x3c  xprintffull.o [4]
  .near_func.text    ro code  0x00b235    0x37  Crc.o [1]
  .near_func.text    ro code  0x00b26c    0x37  stm8l15x_it.o [1]
  .near_func.text    ro code  0x00b2a3    0x36  xprintffull.o [4]
  .near_func.text    ro code  0x00b2d9    0x35  program.o [1]
  .near_func.text    ro code  0x00b30e    0x35  stm8l15x_usart.o [1]
  Initializer bytes  const    0x00b343    0x35  <for P2-1>
  .near_func.text    ro code  0x00b378    0x34  data.o [1]
  .near_func.text    ro code  0x00b3ac    0x33  xprintffull.o [4]
  .near_func.text    ro code  0x00b3df    0x32  HX712.o [1]
  .near_func.text    ro code  0x00b411    0x32  xencoding_sb.o [4]
  .near_func.text    ro code  0x00b443    0x30  div.o [4]
  .near_func.text    ro code  0x00b473    0x2f  xprintffull.o [4]
  .near_func.text    ro code  0x00b4a2    0x2d  Crc.o [1]
  .near_func.text    ro code  0x00b4cf    0x2d  program.o [1]
  .near_func.text    ro code  0x00b4fc    0x2c  program.o [1]
  .near_func.text    ro code  0x00b528    0x2b  stm8l15x_usart.o [1]
  .near_func.text    ro code  0x00b553    0x2b  timer.o [1]
  .near_func.text    ro code  0x00b57e    0x2a  ETC.o [1]
  .near_func.text    ro code  0x00b5a8    0x2a  timer.o [1]
  .near.rodata       const    0x00b5d2    0x28  Rfm64.o [1]
  .near_func.text    ro code  0x00b5fa    0x28  delay.o [1]
  .near_func.text    ro code  0x00b622    0x28  init_small.o [4]
  .near_func.text    ro code  0x00b64a    0x27  stm8l15x_usart.o [1]
  .near_func.text    ro code  0x00b671    0x26  rtc.o [1]
  .near_func.text    ro code  0x00b697    0x25  ActiveHalt.o [1]
  .near_func.text    ro code  0x00b6bc    0x25  data.o [1]
  .near_func.text    ro code  0x00b6e1    0x25  data.o [1]
  .near_func.text    ro code  0x00b706    0x24  stm8l15x_tim3.o [1]
  .near_func.text    ro code  0x00b72a    0x22  data.o [1]
  .near_func.text    ro code  0x00b74c    0x22  stm8l15x_exti.o [1]
  .near_func.text    ro code  0x00b76e    0x22  stm8l15x_it.o [1]
  .near_func.text    ro code  0x00b790    0x21  xmbtowc.o [4]
  .near_func.text    ro code  0x00b7b1    0x21  memchr.o [4]
  .iar.init_table    const    0x00b7d2    0x12  - Linker created -
  .near_func.text    ro code  0x00b7e4    0x20  HX712.o [1]
  .near_func.text    ro code  0x00b804    0x20  xprintffull.o [4]
  .near_func.text    ro code  0x00b824    0x1f  data.o [1]
  .near_func.text    ro code  0x00b843    0x1f  data.o [1]
  .near_func.text    ro code  0x00b862    0x1f  memcpy.o [4]
  .near_func.text    ro code  0x00b881    0x1f  dc_util.o [4]
  .near_func.text    ro code  0x00b8a0    0x1e  stm8l15x_usart.o [1]
  .near_func.text    ro code  0x00b8be    0x1e  init_small.o [4]
  .near_func.text    ro code  0x00b8dc    0x1d  printf.o [4]
  .near_func.text    ro code  0x00b8f9    0x1d  xprintffull.o [4]
  .near_func.text    ro code  0x00b916    0x1c  xwctomb.o [4]
  .near_func.text    ro code  0x00b932    0x1b  program.o [1]
  .near_func.text    ro code  0x00b94d    0x1b  stm8l15x_it.o [1]
  .near_func.text    ro code  0x00b968    0x1b  USART.o [1]
  .near_func.text    ro code  0x00b983    0x1b  xprout.o [4]
  .near.rodata       const    0x00b99e    0x1a  data.o [1]
  .near_func.text    ro code  0x00b9b8    0x1a  stm8l15x_tim3.o [1]
  .near_func.text    ro code  0x00b9d2    0x19  data.o [1]
  .near_func.text    ro code  0x00b9eb    0x19  stm8l15x_flash.o [1]
  .near_func.text    ro code  0x00ba04    0x19  xgetmemchunk.o [4]
  .near.rodata       const    0x00ba1d    0x18  data.o [1]
  .near.rodata       const    0x00ba35    0x18  Extdata.o [1]
  .near_func.text    ro code  0x00ba4d    0x18  stm8l15x_flash.o [1]
  .near_func.text    ro code  0x00ba65    0x17  data.o [1]
  .near_func.text    ro code  0x00ba7c    0x17  HX712.o [1]
  .near_func.text    ro code  0x00ba93    0x17  xencoding_sb.o [4]
  .near_func.text    ro code  0x00baaa    0x16  memset.o [4]
  .near_func.text    ro code  0x00bac0    0x15  data.o [1]
  .near_func.text    ro code  0x00bad5    0x15  strchr.o [4]
  .near_func.text    ro code  0x00baea    0x14  init.o [4]
  .near_func.text    ro code  0x00bafe    0x14  xprintffull.o [4]
  .near_func.text    ro code  0x00bb12    0x14  xprintffull.o [4]
  .near_func.text    ro code  0x00bb26    0x14  __dbg_xxexit.o [3]
  .near_func.text    ro code  0x00bb3a    0x13  stm8l15x_gpio.o [1]
  .near_func.text    ro code  0x00bb4d    0x13  stm8l15x_gpio.o [1]
  .near_func.text    ro code  0x00bb60    0x13  cstartup.o [4]
  .near_func.text    ro code  0x00bb73    0x12  ETC.o [1]
  .near_func.text    ro code  0x00bb85    0x12  stm8l15x_gpio.o [1]
  .near_func.text    ro code  0x00bb97    0x10  data.o [1]
  .near_func.text    ro code  0x00bba7     0xf  delay.o [1]
  .near_func.text    ro code  0x00bbb6     0xf  stm8l15x_flash.o [1]
  .near.rodata       const    0x00bbc5     0xe  data.o [1]
  .near_func.text    ro code  0x00bbd3     0xe  stm8l15x_clk.o [1]
  .near_func.text    ro code  0x00bbe1     0xe  stm8l15x_clk.o [1]
  .near_func.text    ro code  0x00bbef     0xe  stm8l15x_pwr.o [1]
  .near_func.text    ro code  0x00bbfd     0xe  stm8l15x_pwr.o [1]
  .near_func.text    ro code  0x00bc0b     0xe  stm8l15x_tim3.o [1]
  .near_func.text    ro code  0x00bc19     0xe  stm8l15x_tim3.o [1]
  .near.rodata       const    0x00bc27     0xd  main.o [1]
  .near_func.text    ro code  0x00bc34     0xd  ETC.o [1]
  .near_func.text    ro code  0x00bc41     0xd  move.o [4]
  .near_func.text    ro code  0x00bc4e     0xd  localeconv.o [4]
  .near_func.text    ro code  0x00bc5b     0xd  strlen.o [4]
  .near_func.text    ro code  0x00bc68     0xc  stm8l15x_rtc.o [1]
  .near_func.text    ro code  0x00bc74     0xc  switch.o [4]
  .near_func.text    ro code  0x00bc80     0xc  setlocale.o [4]
  .near_func.text    ro code  0x00bc8c     0xb  stm8l15x_flash.o [1]
  .near_func.text    ro code  0x00bc97     0xb  xprintffull.o [4]
  .near_func.text    ro code  0x00bca2     0xb  xprintffull.o [4]
  .near_func.text    ro code  0x00bcad     0xa  xprintffull.o [4]
  .near_func.text    ro code  0x00bcb7     0xa  xprintffull.o [4]
  .near_func.text    ro code  0x00bcc1     0xa  xprintffull.o [4]
  .near.rodata       const    0x00bccb     0x9  main.o [1]
  .near_func.text    ro code  0x00bcd4     0x9  data.o [1]
  .near_func.text    ro code  0x00bcdd     0x9  stm8l15x_tim3.o [1]
  .near_func.text    ro code  0x00bce6     0x9  xprintffull.o [4]
  .near_func.text    ro code  0x00bcef     0x9  xprintffull.o [4]
  .near_func.text    ro code  0x00bcf8     0x9  xprintffull.o [4]
  .near_func.text    ro code  0x00bd01     0x9  xprintffull.o [4]
  .near_func.text    ro code  0x00bd0a     0x9  xprintffull.o [4]
  .near_func.text    ro code  0x00bd13     0x9  xprintffull.o [4]
  .near.rodata       const    0x00bd1c     0x8  xprintffull.o [4]
  .near.rodata       const    0x00bd24     0x8  xprintffull.o [4]
  .near.rodata       const    0x00bd2c     0x8  xencoding_sb.o [4]
  .near.rodata       const    0x00bd34     0x8  xencoding_sb.o [4]
  .near_func.text    ro code  0x00bd3c     0x8  stm8l15x_gpio.o [1]
  .near_func.text    ro code  0x00bd44     0x8  xprintffull.o [4]
  .near_func.text    ro code  0x00bd4c     0x8  xprintffull.o [4]
  .near_func.text    ro code  0x00bd54     0x8  xprintffull.o [4]
  .near_func.text    ro code  0x00bd5c     0x8  xprintffull.o [4]
  .near_func.text    ro code  0x00bd64     0x8  xprintffull.o [4]
  .near_func.text    ro code  0x00bd6c     0x8  xprintffull.o [4]
  .near_func.text    ro code  0x00bd74     0x8  xprintffull.o [4]
  .near_func.text    ro code  0x00bd7c     0x8  xprintffull.o [4]
  .near.rodata       const    0x00bd84     0x7  xprintffull.o [4]
  .near_func.text    ro code  0x00bd8b     0x7  stm8l15x_gpio.o [1]
  .near_func.text    ro code  0x00bd92     0x7  xprintffull.o [4]
  .near_func.text    ro code  0x00bd99     0x7  xprintffull.o [4]
  .near_func.text    ro code  0x00bda0     0x7  xprintffull.o [4]
  .near_func.text    ro code  0x00bda7     0x7  xprintffull.o [4]
  .near_func.text    ro code  0x00bdae     0x7  xprintffull.o [4]
  .near_func.text    ro code  0x00bdb5     0x7  xxmemxmalloc.o [4]
  .near.rodata       const    0x00bdbc     0x6  localeconv.o [4]
  .near_func.text    ro code  0x00bdc2     0x6  stm8l15x_usart.o [1]
  .near_func.text    ro code  0x00bdc8     0x6  xprintffull.o [4]
  .near_func.text    ro code  0x00bdce     0x6  xprintffull.o [4]
  .near_func.text    ro code  0x00bdd4     0x6  xprintffull.o [4]
  .near_func.text    ro code  0x00bdda     0x6  xprintffull.o [4]
  .near_func.text    ro code  0x00bde0     0x6  xprintffull.o [4]
  .near_func.text    ro code  0x00bde6     0x6  xprintffull.o [4]
  .near_func.text    ro code  0x00bdec     0x6  xprintffull.o [4]
  .near_func.text    ro code  0x00bdf2     0x6  xprintffull.o [4]
  .near_func.text    ro code  0x00bdf8     0x6  xprintffull.o [4]
  .near_func.text    ro code  0x00bdfe     0x6  xmbcurmax.o [4]
  .near.rodata       const    0x00be04     0x5  data.o [1]
  .near.rodata       const    0x00be09     0x5  stm8l15x_clk.o [1]
  .near.rodata       const    0x00be0e     0x5  localeconv.o [4]
  .near_func.text    ro code  0x00be13     0x5  xprintffull.o [4]
  .near_func.text    ro code  0x00be18     0x5  xprintffull.o [4]
  .near_func.text    ro code  0x00be1d     0x5  xprintffull.o [4]
  .near_func.text    ro code  0x00be22     0x5  xprintffull.o [4]
  .near_func.text    ro code  0x00be27     0x5  cexit.o [4]
  .near.rodata       const    0x00be2c     0x4  xprintffull.o [4]
  .near.rodata       const    0x00be30     0x4  xprintffull.o [4]
  .near.rodata       const    0x00be34     0x4  xprintffull.o [4]
  .near.rodata       const    0x00be38     0x4  xprintffull.o [4]
  .near_func.text    ro code  0x00be3c     0x4  stm8l15x_clk.o [1]
  .near_func.text    ro code  0x00be40     0x4  stm8l15x_clk.o [1]
  .near_func.text    ro code  0x00be44     0x4  stm8l15x_clk.o [1]
  .near_func.text    ro code  0x00be48     0x4  stm8l15x_flash.o [1]
  .near_func.text    ro code  0x00be4c     0x4  stm8l15x_flash.o [1]
  .near_func.text    ro code  0x00be50     0x4  timer.o [1]
  .near_func.text    ro code  0x00be54     0x4  xprintffull.o [4]
  .near_func.text    ro code  0x00be58     0x4  xprintffull.o [4]
  .near_func.text    ro code  0x00be5c     0x4  setlocale.o [4]
  .near_func.text    ro code  0x00be60     0x3  stm8l15x_usart.o [1]
  .near_func.text    ro code  0x00be63     0x3  interrupt.o [4]
  .near_func.text    ro code  0x00be66     0x3  low_level_init.o [4]
  .near_func.text    ro code  0x00be69     0x3  exit.o [4]
  .near_func.text    ro code  0x00be6c     0x3  unhandled_exception.o [4]
  .near.rodata       const    0x00be6f     0x2  xprintffull.o [4]
  .near.rodata       const    0x00be71     0x2  localeconv.o [4]
  .near.rodata       const    0x00be73     0x1  localeconv.o [4]
  .near_func.text    ro code  0x00be74     0x1  data.o [1]
  .near_func.text    ro code  0x00be75     0x1  stm8l15x_it.o [1]
  .near_func.text    ro code  0x00be76     0x1  stm8l15x_it.o [1]
  .near_func.text    ro code  0x00be77     0x1  stm8l15x_it.o [1]
  .near_func.text    ro code  0x00be78     0x1  stm8l15x_it.o [1]
  .near_func.text    ro code  0x00be79     0x1  stm8l15x_it.o [1]
  .near_func.text    ro code  0x00be7a     0x1  stm8l15x_it.o [1]
  .near_func.text    ro code  0x00be7b     0x1  stm8l15x_it.o [1]
  .near_func.text    ro code  0x00be7c     0x1  stm8l15x_it.o [1]
  .near_func.text    ro code  0x00be7d     0x1  stm8l15x_it.o [1]
  .near_func.text    ro code  0x00be7e     0x1  stm8l15x_it.o [1]
  .near_func.text    ro code  0x00be7f     0x1  stm8l15x_it.o [1]
  .near_func.text    ro code  0x00be80     0x1  stm8l15x_it.o [1]
  .near_func.text    ro code  0x00be81     0x1  stm8l15x_it.o [1]
  .near_func.text    ro code  0x00be82     0x1  stm8l15x_it.o [1]
  .near_func.text    ro code  0x00be83     0x1  stm8l15x_it.o [1]
  .near_func.text    ro code  0x00be84     0x1  stm8l15x_it.o [1]
  .near_func.text    ro code  0x00be85     0x1  stm8l15x_it.o [1]
  .near_func.text    ro code  0x00be86     0x1  stm8l15x_it.o [1]
  .near_func.text    ro code  0x00be87     0x1  stm8l15x_it.o [1]
  .near_func.text    ro code  0x00be88     0x1  stm8l15x_it.o [1]
  .near_func.text    ro code  0x00be89     0x1  stm8l15x_it.o [1]
  .near_func.text    ro code  0x00be8a     0x1  stm8l15x_it.o [1]
  .near_func.text    ro code  0x00be8b     0x1  stm8l15x_it.o [1]
  .near_func.text    ro code  0x00be8c     0x1  stm8l15x_it.o [1]
  .near_func.text    ro code  0x00be8d     0x1  stm8l15x_it.o [1]
  .near_func.text    ro code  0x00be8e     0x1  stm8l15x_it.o [1]
  .near_func.text    ro code  0x00be8f     0x1  __dbg_break.o [3]
                            - 0x00be90  0x3e10


*******************************************************************************
*** INIT TABLE
***

          Address   Size
          -------   ----
Zero (__iar_zero_init2)
    1 destination range, total size 0x14c:
          0x000145  0x14c

Copy (__iar_copy_init2)
    1 source range, total size 0x35:
          0x00b343   0x35
    1 destination range, total size 0x35:
          0x000010   0x35



*******************************************************************************
*** MODULE SUMMARY
***

    Module                 ro code  ro data  rw data
    ------                 -------  -------  -------
E:\PROJECT\gas\client_stm8\SENSOR_send\SENSORMDK\Debug\Obj: [1]
    ActiveHalt.o               174
    Crc.o                      100      512
    ETC.o                       73
    Extdata.o                  416       24       36
    HX712.o                    460
    Rfm64.o                  1 042       41       35
    SPI.o                       67
    USART.o                    181               171
    data.o                   1 049       73       57
    delay.o                     55
    main.o                     160       22        1
    program.o                  443                 1
    rtc.o                       38
    stm8l15x_adc.o              85
    stm8l15x_clk.o             392        5
    stm8l15x_exti.o            321
    stm8l15x_flash.o           180
    stm8l15x_gpio.o            213
    stm8l15x_it.o              209                 6
    stm8l15x_pwr.o              28
    stm8l15x_rtc.o              76
    stm8l15x_tim3.o            200
    stm8l15x_usart.o           529
    timer.o                     89        2        8
    ------------------------------------------------
    Total:                   6 580      679      315

command line: [2]
    ------------------------------------------------
    Total:

dbgstm8smd.a: [3]
    __dbg_break.o                1
    __dbg_xxexit.o              20
    ------------------------------------------------
    Total:                      21

dlstm8smf.a: [4]
    cexit.o                      5
    cstartup.o                  19
    dc_util.o                   31
    div.o                       48
    exit.o                       3
    float.o                  1 120
    float_libsup.o             353
    init.o                      20
    init_small.o                70
    interrupt.o                  3      128
    localeconv.o                13       60       48
    long.o                     548
    long_util.o                130
    low_level_init.o             3
    memchr.o                    33
    memcpy.o                    31
    memset.o                    22
    move.o                      13
    printf.o                    29
    setlocale.o                 16                16
    short.o                     68
    strchr.o                    21
    strlen.o                    13
    switch.o                    12
    unhandled_exception.o        3
    vreg_util.o                322
    vregs.o                                       16
    xencoding_sb.o              73       16
    xgetmemchunk.o              25                 2
    xmbcurmax.o                  6
    xmbtowc.o                   33
    xprintffull.o            4 809      101
    xprout.o                    27
    xwctomb.o                   28
    xxmemxfree.o               211
    xxmemxmalloc.o             252                 4
    ------------------------------------------------
    Total:                   8 413      305       86

    Linker created                       18      512
----------------------------------------------------
    Grand Total:            15 014    1 002      913


*******************************************************************************
*** ENTRY LIST
***

Entry                    Address   Size  Type      Object
-----                    -------   ----  ----      ------
.iar.init_table$$Base   0x00b7d2          --   Gb  - Linker created -
.iar.init_table$$Limit  0x00b7e4          --   Gb  - Linker created -
?and32_l0_l0_0x         0x00954b         Code  Gb  long.o [4]
?and32_l0_l0_l1         0x009548         Code  Gb  long.o [4]
?b0                     0x000000         Data  Gb  vregs.o [4]
?b1                     0x000001         Data  Gb  vregs.o [4]
?b10                    0x00000a         Data  Gb  vregs.o [4]
?b11                    0x00000b         Data  Gb  vregs.o [4]
?b12                    0x00000c         Data  Gb  vregs.o [4]
?b13                    0x00000d         Data  Gb  vregs.o [4]
?b14                    0x00000e         Data  Gb  vregs.o [4]
?b15                    0x00000f         Data  Gb  vregs.o [4]
?b2                     0x000002         Data  Gb  vregs.o [4]
?b3                     0x000003         Data  Gb  vregs.o [4]
?b4                     0x000004         Data  Gb  vregs.o [4]
?b5                     0x000005         Data  Gb  vregs.o [4]
?b6                     0x000006         Data  Gb  vregs.o [4]
?b7                     0x000007         Data  Gb  vregs.o [4]
?b8                     0x000008         Data  Gb  vregs.o [4]
?b9                     0x000009         Data  Gb  vregs.o [4]
?dc32_l1                0x00b888         Code  Gb  dc_util.o [4]
?dc32_px                0x00b895         Code  Gb  dc_util.o [4]
?dc8_px                 0x00b881         Code  Gb  dc_util.o [4]
?dec32_0x_0x            0x0093ca         Code  Gb  long.o [4]
?dec32_l1_l1            0x0093c0         Code  Gb  long.o [4]
?dec32_l2_l2            0x0093c5         Code  Gb  long.o [4]
?e0                     0x000001         Data  Gb  vregs.o [4]
?e1                     0x000005         Data  Gb  vregs.o [4]
?e2                     0x000009         Data  Gb  vregs.o [4]
?e3                     0x00000d         Data  Gb  vregs.o [4]
?epilogue_l2            0x009cea         Code  Gb  vreg_util.o [4]
?epilogue_l2_l3         0x009ce7         Code  Gb  vreg_util.o [4]
?epilogue_w4            0x009cee         Code  Gb  vreg_util.o [4]
?fadd32_l0_l0_l1        0x00859e         Code  Gb  float.o [4]
?fcastf32s32_l0_l0      0x008896         Code  Gb  float.o [4]
?fcastf32u32_l0_l0      0x0088a1         Code  Gb  float.o [4]
?fcasts32f32_l0_l0      0x008835         Code  Gb  float.o [4]
?fcastu32f32_l0_l0      0x00881e         Code  Gb  float.o [4]
?fcmpge32_c_l0_0x       0x0087bf         Code  Gb  float.o [4]
?fcmpge32_c_l0_dc32     0x0087ba         Code  Gb  float.o [4]
?fcmplt32_c_l0_0x       0x0087c8         Code  Gb  float.o [4]
?fcmplt32_c_l0_dc32     0x0087c3         Code  Gb  float.o [4]
?fdiv32_l0_l0_l1        0x00870c         Code  Gb  float.o [4]
?fmul32_l0_l0_dc32      0x00866c         Code  Gb  float.o [4]
?fmul32_l0_l0_l1        0x008671         Code  Gb  float.o [4]
?fsub32_l0_l0_l1        0x008598         Code  Gb  float.o [4]
?inc32_0x_0x            0x0093b2         Code  Gb  long.o [4]
?inc32_l0_l0            0x0093a8         Code  Gb  long.o [4]
?inc32_l2_l2            0x0093ad         Code  Gb  long.o [4]
?l0                     0x000000         Data  Gb  vregs.o [4]
?l1                     0x000004         Data  Gb  vregs.o [4]
?l2                     0x000008         Data  Gb  vregs.o [4]
?l3                     0x00000c         Data  Gb  vregs.o [4]
?load32_0x_l0           0x00a70d         Code  Gb  long_util.o [4]
?load32_0x_l2           0x00a72c         Code  Gb  long_util.o [4]
?load32_asp_l0          0x00a701         Code  Gb  long_util.o [4]
?load32_asp_l2          0x00a720         Code  Gb  long_util.o [4]
?load32_dbsp_l0         0x00a6fc         Code  Gb  long_util.o [4]
?load32_dbsp_l2         0x00a71b         Code  Gb  long_util.o [4]
?load32_l0_0x           0x00a6c8         Code  Gb  long_util.o [4]
?load32_l0_asp          0x00a6bd         Code  Gb  long_util.o [4]
?load32_l0_dbsp         0x00a6b8         Code  Gb  long_util.o [4]
?load32_l0_xsp          0x00a6bf         Code  Gb  long_util.o [4]
?load32_l1_0x           0x00a6e4         Code  Gb  long_util.o [4]
?load32_l1_asp          0x00a6d9         Code  Gb  long_util.o [4]
?load32_l1_dbsp         0x00a6d4         Code  Gb  long_util.o [4]
?load32_l1_xsp          0x00a6db         Code  Gb  long_util.o [4]
?load32_l2_0x           0x00a6f0         Code  Gb  long_util.o [4]
?load32_xsp_l0          0x00a703         Code  Gb  long_util.o [4]
?load32_xsp_l2          0x00a722         Code  Gb  long_util.o [4]
?mov_e0_e1              0x009d3b         Code  Gb  vreg_util.o [4]
?mov_e0_e2              0x009d48         Code  Gb  vreg_util.o [4]
?mov_e0_e3              0x009d55         Code  Gb  vreg_util.o [4]
?mov_e1_e0              0x009d62         Code  Gb  vreg_util.o [4]
?mov_e1_e2              0x009d6f         Code  Gb  vreg_util.o [4]
?mov_e2_e0              0x009d7c         Code  Gb  vreg_util.o [4]
?mov_e3_e0              0x009d89         Code  Gb  vreg_util.o [4]
?mov_l0_l1              0x009d38         Code  Gb  vreg_util.o [4]
?mov_l0_l2              0x009d45         Code  Gb  vreg_util.o [4]
?mov_l0_l3              0x009d52         Code  Gb  vreg_util.o [4]
?mov_l1_l0              0x009d5f         Code  Gb  vreg_util.o [4]
?mov_l1_l2              0x009d6c         Code  Gb  vreg_util.o [4]
?mov_l2_l0              0x009d79         Code  Gb  vreg_util.o [4]
?mov_l3_l0              0x009d86         Code  Gb  vreg_util.o [4]
?mov_w0_w3              0x009cf2         Code  Gb  vreg_util.o [4]
?mov_w0_w4              0x009cf9         Code  Gb  vreg_util.o [4]
?mov_w0_w5              0x009d00         Code  Gb  vreg_util.o [4]
?mov_w1_w0              0x009d07         Code  Gb  vreg_util.o [4]
?mov_w1_w3              0x009d3e         Code  Gb  vreg_util.o [4]
?mov_w1_w4              0x009d0e         Code  Gb  vreg_util.o [4]
?mov_w1_w5              0x009d4b         Code  Gb  vreg_util.o [4]
?mov_w1_w7              0x009d58         Code  Gb  vreg_util.o [4]
?mov_w2_w0              0x009d15         Code  Gb  vreg_util.o [4]
?mov_w2_w1              0x009d1c         Code  Gb  vreg_util.o [4]
?mov_w3_w1              0x009d65         Code  Gb  vreg_util.o [4]
?mov_w3_w5              0x009d72         Code  Gb  vreg_util.o [4]
?mov_w4_w0              0x009d23         Code  Gb  vreg_util.o [4]
?mov_w4_w1              0x009d2a         Code  Gb  vreg_util.o [4]
?mov_w5_w0              0x009d31         Code  Gb  vreg_util.o [4]
?mov_w5_w1              0x009d7f         Code  Gb  vreg_util.o [4]
?mov_w7_w1              0x009d8c         Code  Gb  vreg_util.o [4]
?move1616_v_x_y_a       0x00bc41         Code  Gb  move.o [4]
?mul16_x_x_w0           0x00aeec         Code  Gb  short.o [4]
?mul32_l0_l0_0x         0x0093e1         Code  Gb  long.o [4]
?mul32_l0_l0_dl         0x0093de         Code  Gb  long.o [4]
?mul32_l0_l0_l1         0x0093ea         Code  Gb  long.o [4]
?neg32_l0_l0            0x009398         Code  Gb  long.o [4]
?pop_l0                 0x009cb3         Code  Gb  vreg_util.o [4]
?pop_l1                 0x009cbe         Code  Gb  vreg_util.o [4]
?pop_l2                 0x009cc9         Code  Gb  vreg_util.o [4]
?pop_l3                 0x009cd4         Code  Gb  vreg_util.o [4]
?pop_w4                 0x009c73         Code  Gb  vreg_util.o [4]
?push_l0                0x009c82         Code  Gb  vreg_util.o [4]
?push_l1                0x009c87         Code  Gb  vreg_util.o [4]
?push_l2                0x009c8c         Code  Gb  vreg_util.o [4]
?push_l3                0x009c91         Code  Gb  vreg_util.o [4]
?push_w0                0x009c51         Code  Gb  vreg_util.o [4]
?push_w1                0x009c56         Code  Gb  vreg_util.o [4]
?push_w4                0x009c5b         Code  Gb  vreg_util.o [4]
?scmp32_c_l0_l1         0x009531         Code  Gb  long.o [4]
?sdiv16_x_x_y           0x00af0a         Code  Gb  short.o [4]
?sdiv32_l0_l0_dl        0x0094dd         Code  Gb  long.o [4]
?sdiv32_l0_l0_l1        0x0094e0         Code  Gb  long.o [4]
?sext32_l0_a            0x0095af         Code  Gb  long.o [4]
?sext32_l0_x            0x0095a4         Code  Gb  long.o [4]
?sll16_x_x_a            0x00af23         Code  Gb  short.o [4]
?sll32_0x_0x_a          0x009581         Code  Gb  long.o [4]
?sll32_l0_l0_a          0x00957e         Code  Gb  long.o [4]
?smod32_l1_l0_l1        0x0094e0         Code  Gb  long.o [4]
?sra32_0x_0x_a          0x009596         Code  Gb  long.o [4]
?sra32_l0_l0_a          0x009593         Code  Gb  long.o [4]
?sra32_l0_l0_db         0x00958f         Code  Gb  long.o [4]
?srl16_x_x_4            0x00af2b         Code  Gb  short.o [4]
?switch8vlt_0x_a_0x     0x00bc74         Code  Gb  switch.o [4]
?ucmp32_c_l0_l1         0x009526         Code  Gb  long.o [4]
?udiv32_l0_l0_dl        0x00946d         Code  Gb  long.o [4]
?udiv32_l0_l0_l1        0x009470         Code  Gb  long.o [4]
?umod32_l1_l0_dl        0x009468         Code  Gb  long.o [4]
?umod32_l1_l0_l1        0x009470         Code  Gb  long.o [4]
?w0                     0x000000         Data  Gb  vregs.o [4]
?w1                     0x000002         Data  Gb  vregs.o [4]
?w2                     0x000004         Data  Gb  vregs.o [4]
?w3                     0x000006         Data  Gb  vregs.o [4]
?w4                     0x000008         Data  Gb  vregs.o [4]
?w5                     0x00000a         Data  Gb  vregs.o [4]
?w6                     0x00000c         Data  Gb  vregs.o [4]
?w7                     0x00000e         Data  Gb  vregs.o [4]
?xor32_l0_l0_0x         0x009566         Code  Gb  long.o [4]
?xor32_l0_l0_l1         0x009563         Code  Gb  long.o [4]
ADC1_COMP_IRQHandler    0x00be85    0x1  Code  Gb  stm8l15x_it.o [1]
ADC_DeInit              0x00adac   0x55  Code  Gb  stm8l15x_adc.o [1]
Active_Halt_Colse       0x00b0ff   0x40  Code  Gb  ActiveHalt.o [1]
Active_Halt_Open        0x00b697   0x25  Code  Gb  ActiveHalt.o [1]
Awaken                  0x00028c    0x1  Data  Gb  data.o [1]
BatCheck_Flag           0x00027b    0x2  Data  Gb  stm8l15x_it.o [1]
Bat_Check               0x00b2d9   0x35  Code  Lc  program.o [1]
Bat_Check_state         0x00028b    0x1  Data  Gb  data.o [1]
BuildPacket             0x00af30   0x43  Code  Gb  Rfm64.o [1]
BuildPacket::counter    0x000290    0x1  Data  Lc  Rfm64.o [1]
CLK_Config              0x00b671   0x26  Code  Gb  rtc.o [1]
CLK_DeInit              0x00b07d   0x41  Code  Gb  stm8l15x_clk.o [1]
CLK_GetClockFreq        0x00a406   0x91  Code  Gb  stm8l15x_clk.o [1]
CLK_GetSYSCLKSource     0x00be40    0x4  Code  Gb  stm8l15x_clk.o [1]
CLK_HSICmd              0x00bbd3    0xe  Code  Gb  stm8l15x_clk.o [1]
CLK_PeripheralClockConfig
                        0x00a497   0x8e  Code  Gb  stm8l15x_clk.o [1]
CLK_SYSCLKDivConfig     0x00be44    0x4  Code  Gb  stm8l15x_clk.o [1]
CLK_SYSCLKSourceConfig  0x00be3c    0x4  Code  Gb  stm8l15x_clk.o [1]
CLK_SYSCLKSourceSwitchCmd
                        0x00bbe1    0xe  Code  Gb  stm8l15x_clk.o [1]
CSTACK$$Base            0x000700          --   Gb  - Linker created -
CSTACK$$Limit           0x000800          --   Gb  - Linker created -
CheckID                 0x00028d    0x1  Data  Gb  data.o [1]
Check_flag              0x00027d    0x2  Data  Gb  timer.o [1]
Cooker_AFN_Handle       0x00a978   0x67  Code  Gb  Extdata.o [1]
Cooker_SendGas_CTRL     0x00ae01   0x52  Code  Gb  Extdata.o [1]
Cooker_SendSetIdResult  0x00b03c   0x41  Code  Gb  Extdata.o [1]
Cooker_TimeGet          0x00be50    0x4  Code  Gb  timer.o [1]
DMA1_CHANNEL0_1_IRQHandler
                        0x00be77    0x1  Code  Gb  stm8l15x_it.o [1]
DMA1_CHANNEL2_3_IRQHandler
                        0x00be78    0x1  Code  Gb  stm8l15x_it.o [1]
D_SystemRun             0x00028e    0x1  Data  Lc  main.o [1]
EXTI0_IRQHandler        0x00be7c    0x1  Code  Gb  stm8l15x_it.o [1]
EXTI1_IRQHandler        0x00afb6   0x43  Code  Gb  stm8l15x_it.o [1]
EXTI2_IRQHandler        0x00be7d    0x1  Code  Gb  stm8l15x_it.o [1]
EXTI3_IRQHandler        0x00be7e    0x1  Code  Gb  stm8l15x_it.o [1]
EXTI4_IRQHandler        0x00be7f    0x1  Code  Gb  stm8l15x_it.o [1]
EXTI5_IRQHandler        0x00be80    0x1  Code  Gb  stm8l15x_it.o [1]
EXTI6_IRQHandler        0x00be81    0x1  Code  Gb  stm8l15x_it.o [1]
EXTI7_IRQHandler        0x00be82    0x1  Code  Gb  stm8l15x_it.o [1]
EXTIB_G_IRQHandler      0x00be7a    0x1  Code  Gb  stm8l15x_it.o [1]
EXTID_H_IRQHandler      0x00be7b    0x1  Code  Gb  stm8l15x_it.o [1]
EXTIE_F_PVD_IRQHandler  0x00be79    0x1  Code  Gb  stm8l15x_it.o [1]
EXTI_ClearITPendingBit  0x00b74c   0x22  Code  Gb  stm8l15x_exti.o [1]
EXTI_SetPinSensitivity  0x009eba  0x11f  Code  Gb  stm8l15x_exti.o [1]
FLASH_GetFlagStatus     0x00ba4d   0x18  Code  Gb  stm8l15x_flash.o [1]
FLASH_IRQHandler        0x00be76    0x1  Code  Gb  stm8l15x_it.o [1]
FLASH_Lock              0x00bc8c    0xb  Code  Gb  stm8l15x_flash.o [1]
FLASH_ProgramByte       0x00be48    0x4  Code  Gb  stm8l15x_flash.o [1]
FLASH_ReadByte          0x00be4c    0x4  Code  Gb  stm8l15x_flash.o [1]
FLASH_ReadNByte         0x00b17f   0x3e  Code  Gb  Extdata.o [1]
FLASH_SetProgrammingTime
                        0x00bbb6    0xf  Code  Gb  stm8l15x_flash.o [1]
FLASH_Unlock            0x00b9eb   0x19  Code  Gb  stm8l15x_flash.o [1]
FLASH_WaitForLastOperation
                        0x00abd3   0x61  Code  Gb  stm8l15x_flash.o [1]
FLASH_WriteNByte        0x00a910   0x68  Code  Gb  Extdata.o [1]
FirstPower_CheckService
                        0x00a9df   0x65  Code  Gb  program.o [1]
GPIO_DeInit             0x00bb3a   0x13  Code  Gb  stm8l15x_gpio.o [1]
GPIO_Init               0x00a525   0x8e  Code  Gb  stm8l15x_gpio.o [1]
GPIO_Init_Colse         0x00aea3   0x49  Code  Gb  ActiveHalt.o [1]
GPIO_Initial            0x00af73   0x43  Code  Gb  SPI.o [1]
GPIO_ReadInputDataBit   0x00bb4d   0x13  Code  Gb  stm8l15x_gpio.o [1]
GPIO_ResetBits          0x00bd3c    0x8  Code  Gb  stm8l15x_gpio.o [1]
GPIO_SetBits            0x00bd8b    0x7  Code  Gb  stm8l15x_gpio.o [1]
GPIO_WriteBit           0x00bb85   0x12  Code  Gb  stm8l15x_gpio.o [1]
Gas_Check               0x00ad4f   0x5d  Code  Lc  program.o [1]
Gas_Pressure_state      0x00028a    0x1  Data  Gb  data.o [1]
Gas_check_Times         0x00028f    0x1  Data  Gb  program.o [1]
GetMasterId             0x00ba65   0x17  Code  Gb  data.o [1]
HEAP$$Base              0x000045          --   Gb  - Linker created -
HEAP$$Limit             0x000145          --   Gb  - Linker created -
HX712_GPIO_INIT         0x00ba7c   0x17  Code  Gb  HX712.o [1]
HX712_Init_Mode         0x00ac93   0x5e  Code  Gb  HX712.o [1]
HardWare_Init           0x00b4cf   0x2d  Code  Gb  program.o [1]
I2C1_SPI2_IRQHandler    0x00be8e    0x1  Code  Gb  stm8l15x_it.o [1]
INTVEC$$Base            0x008000          --   Gb  - Linker created -
INTVEC$$Limit           0x008080          --   Gb  - Linker created -
InitSX1212              0x00aaa9   0x64  Code  Gb  Rfm64.o [1]
LCD_AES_IRQHandler      0x00be83    0x1  Code  Gb  stm8l15x_it.o [1]
LoadInt                 0x00b0be   0x41  Code  Lc  xprintffull.o [4]
LowPowerStart           0x00ae53   0x50  Code  Gb  program.o [1]
LowPowerStop            0x00b932   0x1b  Code  Gb  program.o [1]
MasterParse_Addr        0x00b72a   0x22  Code  Lc  data.o [1]
MasterParse_Check       0x00a833   0x73  Code  Lc  data.o [1]
MasterParse_Cmd         0x00bac0   0x15  Code  Lc  data.o [1]
MasterParse_Header      0x00bb97   0x10  Code  Lc  data.o [1]
MasterParse_Length      0x00bcd4    0x9  Code  Lc  data.o [1]
MasterParse_Nop         0x00be74    0x1  Code  Lc  data.o [1]
MasterParse_Payload     0x00b378   0x34  Code  Lc  data.o [1]
Master_data_Prase       0x00a73a   0x7d  Code  Gb  data.o [1]
Master_data_Prase::delay
                        0x000271    0x2  Data  Lc  data.o [1]
PWR_FastWakeUpCmd       0x00bbef    0xe  Code  Gb  stm8l15x_pwr.o [1]
PWR_UltraLowPowerCmd    0x00bbfd    0xe  Code  Gb  stm8l15x_pwr.o [1]
Power_CurState          0x000277    0x2  Data  Gb  stm8l15x_it.o [1]
Power_PreState          0x000279    0x2  Data  Gb  stm8l15x_it.o [1]
READ_Level              0x00bb73   0x12  Code  Gb  ETC.o [1]
RF_Pkt                  0x00021c   0x21  Data  Gb  Rfm64.o [1]
RTC_CSSLSE_IRQHandler   0x00b76e   0x22  Code  Gb  stm8l15x_it.o [1]
RTC_ClearITPendingBit   0x00bc68    0xc  Code  Gb  stm8l15x_rtc.o [1]
RTC_WakeUpCmd           0x00b13f   0x40  Code  Gb  stm8l15x_rtc.o [1]
Rcv_MasterDataParse     0x00a17b   0xc5  Code  Gb  data.o [1]
ReadCount               0x00a636   0x82  Code  Lc  HX712.o [1]
ReadVoltage             0x00a5b3   0x83  Code  Lc  HX712.o [1]
ReceiveRfFrame          0x00a7b7   0x7c  Code  Gb  Rfm64.o [1]
Region$$Table$$Base     0x00b7d2          --   Gb  - Linker created -
Region$$Table$$Limit    0x00b7e4          --   Gb  - Linker created -
RegistersCfg            0x00b5d2   0x28  Data  Lc  Rfm64.o [1]
Rfm_Timer               0x00027f    0x2  Data  Gb  timer.o [1]
SPI1_IRQHandler         0x00be8c    0x1  Code  Gb  stm8l15x_it.o [1]
SWITCH_CSS_BREAK_DAC_IRQHandler
                        0x00be84    0x1  Code  Gb  stm8l15x_it.o [1]
SYSDivFactor            0x00be09    0x5  Data  Gb  stm8l15x_clk.o [1]
SendRfFrame             0x00a8a6   0x6a  Code  Gb  Rfm64.o [1]
SetRFMode               0x0097bc  0x1c3  Code  Gb  Rfm64.o [1]
SetRFMode::pre_mode     0x000014    0x1  Data  Lc  Rfm64.o [1]
SlaveGasCTRL            0x000275    0x2  Data  Gb  Extdata.o [1]
SlaveSendSetIdResult    0x000273    0x2  Data  Gb  Extdata.o [1]
Slave_BackupId          0x00023d   0x20  Data  Lc  Extdata.o [1]
Slave_Load              0x009d93  0x127  Code  Gb  data.o [1]
Slave_Send_BatState     0x00b9d2   0x19  Code  Gb  data.o [1]
Slave_Send_GasState     0x00b843   0x1f  Code  Gb  data.o [1]
Slave_Service           0x00b4fc   0x2c  Code  Gb  program.o [1]
Slave_WirelessSendLoad  0x00b824   0x1f  Code  Gb  data.o [1]
SpiInOut                0x00ac34   0x5f  Code  Lc  Rfm64.o [1]
TEV_CTRL_INIT           0x00bc34    0xd  Code  Gb  ETC.o [1]
TEV_GPIO_INIT           0x00b57e   0x2a  Code  Gb  ETC.o [1]
TIM1_CC_IRQHandler      0x00be8a    0x1  Code  Gb  stm8l15x_it.o [1]
TIM1_UPD_OVF_TRG_COM_IRQHandler
                        0x00be89    0x1  Code  Gb  stm8l15x_it.o [1]
TIM2_CC_USART2_RX_IRQHandler
                        0x00be87    0x1  Code  Gb  stm8l15x_it.o [1]
TIM2_UPD_OVF_TRG_BRK_USART2_TX_IRQHandler
                        0x00be86    0x1  Code  Gb  stm8l15x_it.o [1]
TIM3_ARRPreloadConfig   0x00bc0b    0xe  Code  Gb  stm8l15x_tim3.o [1]
TIM3_CC_USART3_RX_IRQHandler
                        0x00be88    0x1  Code  Gb  stm8l15x_it.o [1]
TIM3_ClearITPendingBit  0x00bcdd    0x9  Code  Gb  stm8l15x_tim3.o [1]
TIM3_Cmd                0x00bc19    0xe  Code  Gb  stm8l15x_tim3.o [1]
TIM3_DeInit             0x00aa44   0x65  Code  Gb  stm8l15x_tim3.o [1]
TIM3_Handle             0x00b553   0x2b  Code  Gb  timer.o [1]
TIM3_ITConfig           0x00b9b8   0x1a  Code  Gb  stm8l15x_tim3.o [1]
TIM3_Init               0x00b5a8   0x2a  Code  Gb  timer.o [1]
TIM3_TimeBaseInit       0x00b706   0x24  Code  Gb  stm8l15x_tim3.o [1]
TIM3_UPD_OVF_TRG_BRK_USART3_TX_IRQHandler
                        0x00b94d   0x1b  Code  Gb  stm8l15x_it.o [1]
TIM4_UPD_OVF_TRG_IRQHandler
                        0x00be8b    0x1  Code  Gb  stm8l15x_it.o [1]
TRAP_IRQHandler         0x00be75    0x1  Code  Gb  stm8l15x_it.o [1]
Timer_times             0x000015    0x2  Data  Gb  timer.o [1]
USART1_RX_TIM5_CC_IRQHandler
                        0x00b26c   0x37  Code  Gb  stm8l15x_it.o [1]
USART1_TX_TIM5_UPD_OVF_TRG_BRK_IRQHandler
                        0x00be8d    0x1  Code  Gb  stm8l15x_it.o [1]
USART_ClearITPendingBit
                        0x00b8a0   0x1e  Code  Gb  stm8l15x_usart.o [1]
USART_Cmd               0x00b528   0x2b  Code  Gb  stm8l15x_usart.o [1]
USART_DeInit            0x00b64a   0x27  Code  Gb  stm8l15x_usart.o [1]
USART_GetFlagStatus     0x00b30e   0x35  Code  Gb  stm8l15x_usart.o [1]
USART_ITConfig          0x00a2e0   0x94  Code  Gb  stm8l15x_usart.o [1]
USART_Init              0x00a0ac   0xcf  Code  Gb  stm8l15x_usart.o [1]
USART_ReceiveData8      0x00be60    0x3  Code  Gb  stm8l15x_usart.o [1]
USART_SendData8         0x00bdc2    0x6  Code  Gb  stm8l15x_usart.o [1]
Updata_Awaken_Config    0x00b6bc   0x25  Code  Lc  data.o [1]
Updata_Normal_Config    0x00b6e1   0x25  Code  Lc  data.o [1]
Usart1_clear_init       0x00b968   0x1b  Code  Gb  USART.o [1]
Usart_Init              0x00acf1   0x5e  Code  Gb  USART.o [1]
_EncodingSb_Mbtowc      0x00b411   0x32  Code  Gb  xencoding_sb.o [4]
_EncodingSb_Mbtowc::initial
                        0x00bd34    0x8  Data  Lc  xencoding_sb.o [4]
_EncodingSb_Wctomb      0x00ba93   0x17  Code  Gb  xencoding_sb.o [4]
_EncodingSb_Wctomb::initial
                        0x00bd2c    0x8  Data  Lc  xencoding_sb.o [4]
_GenldFull              0x008dea  0x37a  Code  Lc  xprintffull.o [4]
_LdtobFull              0x0089db  0x40f  Code  Lc  xprintffull.o [4]
_LitobFull              0x00997f  0x171  Code  Lc  xprintffull.o [4]
_LocaleEncoding         0x00bc80    0xc  Code  Gb  setlocale.o [4]
_Locale_Profile         0x00025d    0xe  Data  Gb  setlocale.o [4]
_Locale_lconv           0x000017   0x2e  Data  Gb  localeconv.o [4]
_Mbtowc                 0x00b790   0x21  Code  Gb  xmbtowc.o [4]
_PrintfFull             0x008080  0x4fb  Code  Gb  xprintffull.o [4]
_Prout                  0x00b983   0x1b  Code  Gb  xprout.o [4]
_PutcharFull            0x00b473   0x2f  Code  Lc  xprintffull.o [4]
_PutcharsFull           0x00b3ac   0x33  Code  Lc  xprintffull.o [4]
_PutstrFull             0x009164  0x234  Code  Lc  xprintffull.o [4]
_SpiConfig              0x00ab0d   0x63  Code  Gb  Rfm64.o [1]
_Wctomb                 0x00b916   0x1c  Code  Gb  xwctomb.o [4]
__DebugBreak            0x00be8f    0x1  Code  Gb  __dbg_break.o [3]
__exit                  0x00bb26   0x14  Code  Gb  __dbg_xxexit.o [3]
__iar_Dnorm             0x009af0         Code  Gb  float_libsup.o [4]
__iar_Dscale            0x009b7e         Code  Gb  float_libsup.o [4]
__iar_Dunscale          0x009b2c         Code  Gb  float_libsup.o [4]
__iar_Mbcurmax          0x00bdfe    0x6  Code  Gb  xmbcurmax.o [4]
__iar_Memchr            0x00b7b1   0x21  Code  Gb  memchr.o [4]
__iar_Strchr            0x00bad5   0x15  Code  Gb  strchr.o [4]
__iar_Tls_setup__Locale_Profile
                        0x000285    0x2  Data  Gb  setlocale.o [4]
__iar_Tls_setup__Locale_lconv
                        0x000283    0x2  Data  Gb  localeconv.o [4]
__iar_copy_init2        0x00b622         Code  Gb  init_small.o [4]
__iar_data_init2        0x00baea   0x14  Code  Gb  init.o [4]
__iar_program_start     0x00bb60         Code  Gb  cstartup.o [4]
__iar_unhandled_exception
                        0x00be6c         Code  Gb  unhandled_exception.o [4]
__iar_zero_init2        0x00b8be         Code  Gb  init_small.o [4]
__intvec                0x008000         Data  Gb  interrupt.o [4]
__low_level_init        0x00be66    0x3  Code  Gb  low_level_init.o [4]
__near_Aldata           0x00026b    0x4  Data  Gb  xxmemxmalloc.o [4]
__near_GetMemChunk      0x00ba04   0x19  Code  Gb  xgetmemchunk.o [4]
__near_GetMemChunk::start
                        0x000287    0x2  Data  Lc  xgetmemchunk.o [4]
__near_findmem          0x00ab70   0x63  Code  Lc  xxmemxmalloc.o [4]
_exit                   0x00be27         Code  Gb  cexit.o [4]
_interrupt_1            0x00be75         Code  Gb  stm8l15x_it.o [1]
_interrupt_10           0x00be7c         Code  Gb  stm8l15x_it.o [1]
_interrupt_11           0x00afb6         Code  Gb  stm8l15x_it.o [1]
_interrupt_12           0x00be7d         Code  Gb  stm8l15x_it.o [1]
_interrupt_13           0x00be7e         Code  Gb  stm8l15x_it.o [1]
_interrupt_14           0x00be7f         Code  Gb  stm8l15x_it.o [1]
_interrupt_15           0x00be80         Code  Gb  stm8l15x_it.o [1]
_interrupt_16           0x00be81         Code  Gb  stm8l15x_it.o [1]
_interrupt_17           0x00be82         Code  Gb  stm8l15x_it.o [1]
_interrupt_18           0x00be83         Code  Gb  stm8l15x_it.o [1]
_interrupt_19           0x00be84         Code  Gb  stm8l15x_it.o [1]
_interrupt_20           0x00be85         Code  Gb  stm8l15x_it.o [1]
_interrupt_21           0x00be86         Code  Gb  stm8l15x_it.o [1]
_interrupt_22           0x00be87         Code  Gb  stm8l15x_it.o [1]
_interrupt_23           0x00b94d         Code  Gb  stm8l15x_it.o [1]
_interrupt_24           0x00be88         Code  Gb  stm8l15x_it.o [1]
_interrupt_25           0x00be89         Code  Gb  stm8l15x_it.o [1]
_interrupt_26           0x00be8a         Code  Gb  stm8l15x_it.o [1]
_interrupt_27           0x00be8b         Code  Gb  stm8l15x_it.o [1]
_interrupt_28           0x00be8c         Code  Gb  stm8l15x_it.o [1]
_interrupt_29           0x00be8d         Code  Gb  stm8l15x_it.o [1]
_interrupt_3            0x00be76         Code  Gb  stm8l15x_it.o [1]
_interrupt_30           0x00b26c         Code  Gb  stm8l15x_it.o [1]
_interrupt_31           0x00be8e         Code  Gb  stm8l15x_it.o [1]
_interrupt_4            0x00be77         Code  Gb  stm8l15x_it.o [1]
_interrupt_5            0x00be78         Code  Gb  stm8l15x_it.o [1]
_interrupt_6            0x00b76e         Code  Gb  stm8l15x_it.o [1]
_interrupt_7            0x00be79         Code  Gb  stm8l15x_it.o [1]
_interrupt_8            0x00be7a         Code  Gb  stm8l15x_it.o [1]
_interrupt_9            0x00be7b         Code  Gb  stm8l15x_it.o [1]
a_pfnCooker_Parse       0x00bbc5    0xe  Data  Lc  data.o [1]
cmp_buf                 0x00b235   0x37  Code  Gb  Crc.o [1]
crc16_ccitt_byte        0x00b4a2   0x2d  Code  Gb  Crc.o [1]
crc16_ccitt_table       0x0095bc  0x200  Data  Lc  Crc.o [1]
delay_ms                0x00b5fa   0x28  Code  Gb  delay.o [1]
delay_us                0x00bba7    0xf  Code  Gb  delay.o [1]
div                     0x00b443   0x30  Code  Gb  div.o [4]
exit                    0x00be69    0x3  Code  Gb  exit.o [4]
free                    0x009fd9   0xc9  Code  Gb  xxmemxfree.o [4]
localeconv              0x00bc4e    0xd  Code  Gb  localeconv.o [4]
mPARSE_State            0x000289    0x1  Data  Lc  data.o [1]
main                    0x00a240   0xa0  Code  Gb  main.o [1]
malloc                  0x00a374   0x92  Code  Gb  xxmemxmalloc.o [4]
memcpy                  0x00b862   0x1f  Code  Gb  memcpy.o [4]
memset                  0x00baaa   0x16  Code  Gb  memset.o [4]
pad                     0x00b2a3   0x36  Code  Lc  xprintffull.o [4]
printf                  0x00b8dc   0x1d  Code  Gb  printf.o [4]
putchar                 0x00b1bd   0x3c  Code  Gb  USART.o [1]
scale                   0x00aff9   0x43  Code  Lc  xprintffull.o [4]
strlen                  0x00bc5b    0xd  Code  Gb  strlen.o [4]
tCooker_Entity          0x0001f0   0x2c  Data  Lc  data.o [1]
tx_ReadCount            0x00b3df   0x32  Code  Gb  HX712.o [1]
tx_ReadVoltage          0x00b7e4   0x20  Code  Gb  HX712.o [1]
usCooker_ParseCheck     0x000010    0x4  Data  Lc  data.o [1]
usCooker_ParseLength    0x00026f    0x2  Data  Lc  data.o [1]
usSystemTick            0x000281    0x2  Data  Lc  timer.o [1]
usart1                  0x000145   0xab  Data  Gb  USART.o [1]


[1] = E:\PROJECT\gas\client_stm8\SENSOR_send\SENSORMDK\Debug\Obj
[2] = command line
[3] = dbgstm8smd.a
[4] = dlstm8smf.a

  15 014 bytes of readonly  code memory
   1 002 bytes of readonly  data memory
     913 bytes of readwrite data memory

Errors: none
Warnings: none
