###############################################################################
#
# IAR ELF Linker V3.10.1.201 for STM8                     11/Aug/2023  17:59:56
# Copyright 2010-2017 IAR Systems AB.
#
#    Output file  =  
#        E:\PROJECT\gas\client_stm8\SENSOR_send\SENSORMDK\Debug\Exe\templproj.out
#    Map file     =  
#        E:\PROJECT\gas\client_stm8\SENSOR_send\SENSORMDK\Debug\List\templproj.map
#    Command line =  
#        -f C:\Users\admin\AppData\Local\Temp\EWC3E1.tmp
#        (E:\PROJECT\gas\client_stm8\SENSOR_send\SENSORMDK\Debug\Obj\ActiveHalt.o
#        E:\PROJECT\gas\client_stm8\SENSOR_send\SENSORMDK\Debug\Obj\adc.o
#        E:\PROJECT\gas\client_stm8\SENSOR_send\SENSORMDK\Debug\Obj\Crc.o
#        E:\PROJECT\gas\client_stm8\SENSOR_send\SENSORMDK\Debug\Obj\data.o
#        E:\PROJECT\gas\client_stm8\SENSOR_send\SENSORMDK\Debug\Obj\delay.o
#        E:\PROJECT\gas\client_stm8\SENSOR_send\SENSORMDK\Debug\Obj\ETC.o
#        E:\PROJECT\gas\client_stm8\SENSOR_send\SENSORMDK\Debug\Obj\Extdata.o
#        E:\PROJECT\gas\client_stm8\SENSOR_send\SENSORMDK\Debug\Obj\HX712.o
#        E:\PROJECT\gas\client_stm8\SENSOR_send\SENSORMDK\Debug\Obj\main.o
#        E:\PROJECT\gas\client_stm8\SENSOR_send\SENSORMDK\Debug\Obj\program.o
#        E:\PROJECT\gas\client_stm8\SENSOR_send\SENSORMDK\Debug\Obj\Rfm64.o
#        E:\PROJECT\gas\client_stm8\SENSOR_send\SENSORMDK\Debug\Obj\rtc.o
#        E:\PROJECT\gas\client_stm8\SENSOR_send\SENSORMDK\Debug\Obj\SPI.o
#        E:\PROJECT\gas\client_stm8\SENSOR_send\SENSORMDK\Debug\Obj\sprintf.o
#        E:\PROJECT\gas\client_stm8\SENSOR_send\SENSORMDK\Debug\Obj\stm8l15x_adc.o
#        E:\PROJECT\gas\client_stm8\SENSOR_send\SENSORMDK\Debug\Obj\stm8l15x_clk.o
#        E:\PROJECT\gas\client_stm8\SENSOR_send\SENSORMDK\Debug\Obj\stm8l15x_exti.o
#        E:\PROJECT\gas\client_stm8\SENSOR_send\SENSORMDK\Debug\Obj\stm8l15x_flash.o
#        E:\PROJECT\gas\client_stm8\SENSOR_send\SENSORMDK\Debug\Obj\stm8l15x_gpio.o
#        E:\PROJECT\gas\client_stm8\SENSOR_send\SENSORMDK\Debug\Obj\stm8l15x_i2c.o
#        E:\PROJECT\gas\client_stm8\SENSOR_send\SENSORMDK\Debug\Obj\stm8l15x_it.o
#        E:\PROJECT\gas\client_stm8\SENSOR_send\SENSORMDK\Debug\Obj\stm8l15x_itc.o
#        E:\PROJECT\gas\client_stm8\SENSOR_send\SENSORMDK\Debug\Obj\stm8l15x_pwr.o
#        E:\PROJECT\gas\client_stm8\SENSOR_send\SENSORMDK\Debug\Obj\stm8l15x_rtc.o
#        E:\PROJECT\gas\client_stm8\SENSOR_send\SENSORMDK\Debug\Obj\stm8l15x_spi.o
#        E:\PROJECT\gas\client_stm8\SENSOR_send\SENSORMDK\Debug\Obj\stm8l15x_tim1.o
#        E:\PROJECT\gas\client_stm8\SENSOR_send\SENSORMDK\Debug\Obj\stm8l15x_tim2.o
#        E:\PROJECT\gas\client_stm8\SENSOR_send\SENSORMDK\Debug\Obj\stm8l15x_tim3.o
#        E:\PROJECT\gas\client_stm8\SENSOR_send\SENSORMDK\Debug\Obj\stm8l15x_tim4.o
#        E:\PROJECT\gas\client_stm8\SENSOR_send\SENSORMDK\Debug\Obj\stm8l15x_tim5.o
#        E:\PROJECT\gas\client_stm8\SENSOR_send\SENSORMDK\Debug\Obj\stm8l15x_usart.o
#        E:\PROJECT\gas\client_stm8\SENSOR_send\SENSORMDK\Debug\Obj\timer.o
#        E:\PROJECT\gas\client_stm8\SENSOR_send\SENSORMDK\Debug\Obj\USART.o
#        --redirect _Printf=_PrintfFull --redirect _Scanf=_ScanfFull -o
#        E:\PROJECT\gas\client_stm8\SENSOR_send\SENSORMDK\Debug\Exe\templproj.out
#        --map
#        E:\PROJECT\gas\client_stm8\SENSOR_send\SENSORMDK\Debug\List\templproj.map
#        --config "D:\IAR Systems\Embedded Workbench
#        8.0\stm8\config\lnkstm8l151g6.icf" --config_def _CSTACK_SIZE=0x100
#        --config_def _HEAP_SIZE=0x100 --entry __iar_program_start --debug_lib)
#
###############################################################################

*******************************************************************************
*** RUNTIME MODEL ATTRIBUTES
***

__Heap_Handler             = Basic
__SystemLibrary            = DLib
__code_model               = small
__core                     = stm8
__data_model               = medium
__dlib_file_descriptor     = 1
__dlib_full_locale_support = 1
__rt_version               = 4


*******************************************************************************
*** PLACEMENT SUMMARY
***

"A0":  place at start of [0x000000-0x0000ff] { rw section .vregs };
"A1":  place at end of [0x000000-0x0007ff] { block CSTACK };
"P2":  place in [from 0x000000 to 0x0007ff] {
          block HEAP, rw section __DLIB_PERTHREAD, rw section .far.bss,
          rw section .far.data, rw section .far.noinit,
          rw section .far_func.textrw, rw section .huge.bss,
          rw section .huge.data, rw section .huge.noinit,
          rw section .huge_func.textrw, rw section .iar.dynexit,
          rw section .near.bss, rw section .near.data, rw section .near.noinit,
          rw section .near_func.textrw };
"A2":  place at start of [0x008000-0x00ffff] { block INTVEC };
"P3":  place in [from 0x008000 to 0x00ffff] {
          ro section __DLIB_PERTHREAD_init, ro section .far.data_init,
          ro section .far_func.textrw_init, ro section .huge.data_init,
          ro section .huge_func.textrw_init, ro section .iar.init_table,
          ro section .init_array, ro section .near.data_init,
          ro section .near.rodata, ro section .near_func.text,
          ro section .near_func.textrw_init, ro section .tiny.data_init,
          ro section .tiny.rodata_init };
"P4":  place in [from 0x008000 to 0x00ffff] {
          ro section .far.rodata, ro section .far_func.text };
"P5":  place in [from 0x008000 to 0x00ffff] {
          ro section .huge.rodata, ro section .huge_func.text };
do not initialize {
   rw section .eeprom.noinit, rw section .far.noinit, rw section .huge.noinit,
   rw section .near.noinit, rw section .tiny.noinit, rw section .vregs };
initialize by copy {
   rw section .far.bss, rw section .far.data, rw section .far_func.textrw,
   rw section .huge.bss, rw section .huge.data, rw section .huge_func.textrw,
   rw section .iar.dynexit, rw section .near.bss, rw section .near.data,
   rw section .near_func.textrw, rw section .tiny.bss, rw section .tiny.data,
   ro section .tiny.rodata };

  Section            Kind      Address    Size  Object
  -------            ----      -------    ----  ------
"A0":                                     0x10
  .vregs             uninit   0x000000    0x10  vregs.o [4]
                            - 0x000010    0x10

"P2", part 1 of 2:                        0x10
  P2-1                        0x000010    0x10  <Init block>
    .near.data       inited   0x000010     0x4  data.o [1]
    .near.data       inited   0x000014     0x2  main.o [1]
    .near.data       inited   0x000016     0x1  program.o [1]
    .near.data       inited   0x000017     0x1  Rfm64.o [1]
    .near.data       inited   0x000018     0x2  stm8l15x_it.o [1]
    .near.data       inited   0x00001a     0x2  stm8l15x_it.o [1]
    .near.data       inited   0x00001c     0x4  rand.o [4]
                            - 0x000020    0x10

"P2", part 2 of 2:                       0x118
  .near.bss          zero     0x000020    0x80  rand.o [4]
  .near.bss          zero     0x0000a0    0x2c  data.o [1]
  .near.bss          zero     0x0000cc    0x21  Rfm64.o [1]
  .near.bss          zero     0x0000ed    0x20  Extdata.o [1]
  .near.bss          zero     0x00010d     0x4  rand.o [4]
  .near.bss          zero     0x000111     0x3  Extdata.o [1]
  .near.bss          zero     0x000114     0x3  main.o [1]
  .near.bss          zero     0x000117     0x2  data.o [1]
  .near.bss          zero     0x000119     0x2  data.o [1]
  .near.bss          zero     0x00011b     0x2  Extdata.o [1]
  .near.bss          zero     0x00011d     0x2  Extdata.o [1]
  .near.bss          zero     0x00011f     0x2  stm8l15x_it.o [1]
  .near.bss          zero     0x000121     0x2  stm8l15x_it.o [1]
  .near.bss          zero     0x000123     0x2  timer.o [1]
  .near.bss          zero     0x000125     0x2  rand.o [4]
  .near.bss          zero     0x000127     0x2  rand.o [4]
  .near.bss          zero     0x000129     0x2  rand.o [4]
  .near.bss          zero     0x00012b     0x2  rand.o [4]
  .near.bss          zero     0x00012d     0x1  data.o [1]
  .near.bss          zero     0x00012e     0x1  data.o [1]
  .near.bss          zero     0x00012f     0x1  data.o [1]
  .near.bss          zero     0x000130     0x1  data.o [1]
  .near.bss          zero     0x000131     0x1  data.o [1]
  .near.bss          zero     0x000132     0x1  main.o [1]
  .near.bss          zero     0x000133     0x1  program.o [1]
  .near.bss          zero     0x000134     0x1  program.o [1]
  .near.bss          zero     0x000135     0x1  program.o [1]
  .near.bss          zero     0x000136     0x1  Rfm64.o [1]
  .near.bss          zero     0x000137     0x1  rand.o [4]
                            - 0x000138   0x118

"A1":                                    0x100
  CSTACK                      0x000700   0x100  <Block>
    CSTACK           uninit   0x000700   0x100  <Block tail>
                            - 0x000800   0x100

"A2":                                     0x80
  INTVEC                      0x008000    0x80  <Block>
    .intvec          const    0x008000    0x80  interrupt.o [4]
                            - 0x008080    0x80

"P3-P5":                                0x1fd1
  .near.rodata       const    0x008080   0x200  Crc.o [1]
  .near_func.text    ro code  0x008280   0x1c3  Rfm64.o [1]
  .near_func.text    ro code  0x008443   0x150  main.o [1]
  .near_func.text    ro code  0x008593   0x14f  long.o [4]
  .near_func.text    ro code  0x0086e2   0x127  data.o [1]
  .near_func.text    ro code  0x008809    0xe2  program.o [1]
  .near_func.text    ro code  0x0088eb    0xd2  vreg_util.o [4]
  .near_func.text    ro code  0x0089bd    0xc2  Extdata.o [1]
  .near_func.text    ro code  0x008a7f    0xbf  data.o [1]
  .near_func.text    ro code  0x008b3e    0xbd  program.o [1]
  .near_func.text    ro code  0x008bfb    0x98  stm8l15x_clk.o [1]
  .near_func.text    ro code  0x008c93    0x95  Extdata.o [1]
  .near_func.text    ro code  0x008d28    0x94  rand.o [4]
  .near_func.text    ro code  0x008dbc    0x8e  stm8l15x_clk.o [1]
  .near_func.text    ro code  0x008e4a    0x8e  stm8l15x_gpio.o [1]
  .near_func.text    ro code  0x008ed8    0x83  HX712.o [1]
  .near_func.text    ro code  0x008f5b    0x82  HX712.o [1]
  .near_func.text    ro code  0x008fdd    0x7d  data.o [1]
  .near_func.text    ro code  0x00905a    0x7c  Rfm64.o [1]
  .near_func.text    ro code  0x0090d6    0x77  data.o [1]
  .near_func.text    ro code  0x00914d    0x6d  data.o [1]
  .near_func.text    ro code  0x0091ba    0x6a  Rfm64.o [1]
  .near_func.text    ro code  0x009224    0x65  data.o [1]
  .near_func.text    ro code  0x009289    0x65  program.o [1]
  .near_func.text    ro code  0x0092ee    0x65  stm8l15x_tim3.o [1]
  .near_func.text    ro code  0x009353    0x64  Rfm64.o [1]
  .near_func.text    ro code  0x0093b7    0x63  Rfm64.o [1]
  .near_func.text    ro code  0x00941a    0x61  stm8l15x_flash.o [1]
  .near_func.text    ro code  0x00947b    0x5f  Rfm64.o [1]
  .near_func.text    ro code  0x0094da    0x5e  HX712.o [1]
  .near_func.text    ro code  0x009538    0x55  stm8l15x_adc.o [1]
  .near_func.text    ro code  0x00958d    0x52  program.o [1]
  .near_func.text    ro code  0x0095df    0x4a  stm8l15x_it.o [1]
  .near_func.text    ro code  0x009629    0x49  ActiveHalt.o [1]
  .near_func.text    ro code  0x009672    0x46  Extdata.o [1]
  .near_func.text    ro code  0x0096b8    0x43  Rfm64.o [1]
  .near_func.text    ro code  0x0096fb    0x43  rtc.o [1]
  .near_func.text    ro code  0x00973e    0x43  SPI.o [1]
  .near_func.text    ro code  0x009781    0x41  stm8l15x_clk.o [1]
  .near_func.text    ro code  0x0097c2    0x40  ActiveHalt.o [1]
  .near_func.text    ro code  0x009802    0x40  Extdata.o [1]
  .near_func.text    ro code  0x009842    0x40  stm8l15x_rtc.o [1]
  .near_func.text    ro code  0x009882    0x3d  Extdata.o [1]
  .near_func.text    ro code  0x0098bf    0x3b  stm8l15x_rtc.o [1]
  .near_func.text    ro code  0x0098fa    0x37  Crc.o [1]
  .near_func.text    ro code  0x009931    0x37  stm8l15x_it.o [1]
  .near_func.text    ro code  0x009968    0x35  stm8l15x_usart.o [1]
  .near_func.text    ro code  0x00999d    0x34  data.o [1]
  .near_func.text    ro code  0x0099d1    0x34  long_util.o [4]
  .near_func.text    ro code  0x009a05    0x32  HX712.o [1]
  .near_func.text    ro code  0x009a37    0x32  HX712.o [1]
  .near_func.text    ro code  0x009a69    0x2f  ETC.o [1]
  .near_func.text    ro code  0x009a98    0x2d  Crc.o [1]
  .near_func.text    ro code  0x009ac5    0x2d  program.o [1]
  .near.rodata       const    0x009af2    0x28  Rfm64.o [1]
  .near_func.text    ro code  0x009b1a    0x28  delay.o [1]
  .near_func.text    ro code  0x009b42    0x28  program.o [1]
  .near_func.text    ro code  0x009b6a    0x28  init_small.o [4]
  .near_func.text    ro code  0x009b92    0x27  program.o [1]
  .near_func.text    ro code  0x009bb9    0x27  stm8l15x_usart.o [1]
  .near_func.text    ro code  0x009be0    0x26  rtc.o [1]
  .near_func.text    ro code  0x009c06    0x25  data.o [1]
  .near_func.text    ro code  0x009c2b    0x25  data.o [1]
  .near_func.text    ro code  0x009c50    0x23  stm8l15x_rtc.o [1]
  .near_func.text    ro code  0x009c73    0x22  data.o [1]
  .near_func.text    ro code  0x009c95    0x21  ETC.o [1]
  .iar.init_table    const    0x009cb6    0x12  - Linker created -
  .near.rodata       const    0x009cc8    0x20  program.o [1]
  .near_func.text    ro code  0x009ce8    0x1f  data.o [1]
  .near_func.text    ro code  0x009d07    0x1f  memcpy.o [4]
  .near_func.text    ro code  0x009d26    0x1e  init_small.o [4]
  .near_func.text    ro code  0x009d44    0x1d  data.o [1]
  .near_func.text    ro code  0x009d61    0x1d  data.o [1]
  .near_func.text    ro code  0x009d7e    0x1d  short.o [4]
  .near_func.text    ro code  0x009d9b    0x1b  stm8l15x_it.o [1]
  .near_func.text    ro code  0x009db6    0x1a  rand.o [4]
  .near_func.text    ro code  0x009dd0    0x19  stm8l15x_flash.o [1]
  .near_func.text    ro code  0x009de9    0x18  stm8l15x_flash.o [1]
  .near_func.text    ro code  0x009e01    0x17  data.o [1]
  .near_func.text    ro code  0x009e18    0x17  HX712.o [1]
  .near_func.text    ro code  0x009e2f    0x16  memset.o [4]
  .near_func.text    ro code  0x009e45    0x15  data.o [1]
  .near_func.text    ro code  0x009e5a    0x15  stm8l15x_rtc.o [1]
  .near_func.text    ro code  0x009e6f    0x14  init.o [4]
  .near_func.text    ro code  0x009e83    0x14  __dbg_xxexit.o [3]
  .near_func.text    ro code  0x009e97    0x13  stm8l15x_gpio.o [1]
  .near_func.text    ro code  0x009eaa    0x13  stm8l15x_gpio.o [1]
  .near_func.text    ro code  0x009ebd    0x13  cstartup.o [4]
  .near_func.text    ro code  0x009ed0    0x12  program.o [1]
  .near_func.text    ro code  0x009ee2    0x12  stm8l15x_gpio.o [1]
  .near_func.text    ro code  0x009ef4    0x10  data.o [1]
  Initializer bytes  const    0x009f04    0x10  <for P2-1>
  .near_func.text    ro code  0x009f14     0xf  delay.o [1]
  .near_func.text    ro code  0x009f23     0xf  stm8l15x_flash.o [1]
  .near.rodata       const    0x009f32     0xe  data.o [1]
  .near_func.text    ro code  0x009f40     0xe  stm8l15x_clk.o [1]
  .near_func.text    ro code  0x009f4e     0xe  stm8l15x_clk.o [1]
  .near_func.text    ro code  0x009f5c     0xe  stm8l15x_clk.o [1]
  .near_func.text    ro code  0x009f6a     0xe  stm8l15x_pwr.o [1]
  .near_func.text    ro code  0x009f78     0xe  stm8l15x_pwr.o [1]
  .near_func.text    ro code  0x009f86     0xd  ActiveHalt.o [1]
  .near_func.text    ro code  0x009f93     0xd  move.o [4]
  .near_func.text    ro code  0x009fa0     0xc  stm8l15x_rtc.o [1]
  .near_func.text    ro code  0x009fac     0xb  ETC.o [1]
  .near_func.text    ro code  0x009fb7     0xb  stm8l15x_flash.o [1]
  .near_func.text    ro code  0x009fc2     0xb  dc_util.o [4]
  .near_func.text    ro code  0x009fcd     0xa  stm8l15x_clk.o [1]
  .near_func.text    ro code  0x009fd7     0x9  data.o [1]
  .near_func.text    ro code  0x009fe0     0x9  stm8l15x_tim3.o [1]
  .near_func.text    ro code  0x009fe9     0x9  rand.o [4]
  .near_func.text    ro code  0x009ff2     0x8  stm8l15x_gpio.o [1]
  .near_func.text    ro code  0x009ffa     0x7  stm8l15x_gpio.o [1]
  .near_func.text    ro code  0x00a001     0x6  stm8l15x_usart.o [1]
  .near_func.text    ro code  0x00a007     0x5  cexit.o [4]
  .near_func.text    ro code  0x00a00c     0x4  stm8l15x_clk.o [1]
  .near_func.text    ro code  0x00a010     0x4  stm8l15x_clk.o [1]
  .near_func.text    ro code  0x00a014     0x4  stm8l15x_clk.o [1]
  .near_func.text    ro code  0x00a018     0x4  stm8l15x_flash.o [1]
  .near_func.text    ro code  0x00a01c     0x4  stm8l15x_flash.o [1]
  .near_func.text    ro code  0x00a020     0x4  timer.o [1]
  .near_func.text    ro code  0x00a024     0x3  stm8l15x_usart.o [1]
  .near_func.text    ro code  0x00a027     0x3  interrupt.o [4]
  .near_func.text    ro code  0x00a02a     0x3  low_level_init.o [4]
  .near_func.text    ro code  0x00a02d     0x3  exit.o [4]
  .near_func.text    ro code  0x00a030     0x3  unhandled_exception.o [4]
  .near_func.text    ro code  0x00a033     0x1  data.o [1]
  .near_func.text    ro code  0x00a034     0x1  stm8l15x_it.o [1]
  .near_func.text    ro code  0x00a035     0x1  stm8l15x_it.o [1]
  .near_func.text    ro code  0x00a036     0x1  stm8l15x_it.o [1]
  .near_func.text    ro code  0x00a037     0x1  stm8l15x_it.o [1]
  .near_func.text    ro code  0x00a038     0x1  stm8l15x_it.o [1]
  .near_func.text    ro code  0x00a039     0x1  stm8l15x_it.o [1]
  .near_func.text    ro code  0x00a03a     0x1  stm8l15x_it.o [1]
  .near_func.text    ro code  0x00a03b     0x1  stm8l15x_it.o [1]
  .near_func.text    ro code  0x00a03c     0x1  stm8l15x_it.o [1]
  .near_func.text    ro code  0x00a03d     0x1  stm8l15x_it.o [1]
  .near_func.text    ro code  0x00a03e     0x1  stm8l15x_it.o [1]
  .near_func.text    ro code  0x00a03f     0x1  stm8l15x_it.o [1]
  .near_func.text    ro code  0x00a040     0x1  stm8l15x_it.o [1]
  .near_func.text    ro code  0x00a041     0x1  stm8l15x_it.o [1]
  .near_func.text    ro code  0x00a042     0x1  stm8l15x_it.o [1]
  .near_func.text    ro code  0x00a043     0x1  stm8l15x_it.o [1]
  .near_func.text    ro code  0x00a044     0x1  stm8l15x_it.o [1]
  .near_func.text    ro code  0x00a045     0x1  stm8l15x_it.o [1]
  .near_func.text    ro code  0x00a046     0x1  stm8l15x_it.o [1]
  .near_func.text    ro code  0x00a047     0x1  stm8l15x_it.o [1]
  .near_func.text    ro code  0x00a048     0x1  stm8l15x_it.o [1]
  .near_func.text    ro code  0x00a049     0x1  stm8l15x_it.o [1]
  .near_func.text    ro code  0x00a04a     0x1  stm8l15x_it.o [1]
  .near_func.text    ro code  0x00a04b     0x1  stm8l15x_it.o [1]
  .near_func.text    ro code  0x00a04c     0x1  stm8l15x_it.o [1]
  .near_func.text    ro code  0x00a04d     0x1  stm8l15x_it.o [1]
  .near_func.text    ro code  0x00a04e     0x1  stm8l15x_it.o [1]
  .near_func.text    ro code  0x00a04f     0x1  timer.o [1]
  .near_func.text    ro code  0x00a050     0x1  __dbg_break.o [3]
                            - 0x00a051  0x1fd1


*******************************************************************************
*** INIT TABLE
***

          Address   Size
          -------   ----
Zero (__iar_zero_init2)
    1 destination range, total size 0x118:
          0x000020  0x118

Copy (__iar_copy_init2)
    1 source range, total size 0x10:
          0x009f04   0x10
    1 destination range, total size 0x10:
          0x000010   0x10



*******************************************************************************
*** MODULE SUMMARY
***

    Module                 ro code  ro data  rw data
    ------                 -------  -------  -------
E:\PROJECT\gas\client_stm8\SENSOR_send\SENSORMDK\Debug\Obj: [1]
    ActiveHalt.o               150
    Crc.o                      100      512
    ETC.o                       91
    Extdata.o                  538                39
    HX712.o                    478
    Rfm64.o                  1 042       41       35
    SPI.o                       67
    data.o                   1 259       18       57
    delay.o                     55
    main.o                     336        2        6
    program.o                  740       33        4
    rtc.o                      105
    stm8l15x_adc.o              85
    stm8l15x_clk.o             423
    stm8l15x_flash.o           180
    stm8l15x_gpio.o            213
    stm8l15x_it.o              183        4        8
    stm8l15x_pwr.o              28
    stm8l15x_rtc.o             191
    stm8l15x_tim3.o            110
    stm8l15x_usart.o           101
    timer.o                      5                 2
    ------------------------------------------------
    Total:                   6 480      610      151

command line: [2]
    ------------------------------------------------
    Total:

dbgstm8smd.a: [3]
    __dbg_break.o                1
    __dbg_xxexit.o              20
    ------------------------------------------------
    Total:                      21

dlstm8smf.a: [4]
    cexit.o                      5
    cstartup.o                  19
    dc_util.o                   11
    exit.o                       3
    init.o                      20
    init_small.o                70
    interrupt.o                  3      128
    long.o                     335
    long_util.o                 52
    low_level_init.o             3
    memcpy.o                    31
    memset.o                    22
    move.o                      13
    rand.o                     183        4      145
    short.o                     29
    unhandled_exception.o        3
    vreg_util.o                210
    vregs.o                                       16
    ------------------------------------------------
    Total:                   1 012      132      161

    Linker created                       18      256
----------------------------------------------------
    Grand Total:             7 513      760      568


*******************************************************************************
*** ENTRY LIST
***

Entry                    Address   Size  Type      Object
-----                    -------   ----  ----      ------
.iar.init_table$$Base   0x009cb6          --   Gb  - Linker created -
.iar.init_table$$Limit  0x009cc8          --   Gb  - Linker created -
?add32_l0_l0_0x         0x0085d3         Code  Gb  long.o [4]
?add32_l0_l0_dl         0x0085ce         Code  Gb  long.o [4]
?and32_l0_l0_0x         0x008683         Code  Gb  long.o [4]
?and32_l0_l0_l1         0x008680         Code  Gb  long.o [4]
?b0                     0x000000         Data  Gb  vregs.o [4]
?b1                     0x000001         Data  Gb  vregs.o [4]
?b10                    0x00000a         Data  Gb  vregs.o [4]
?b11                    0x00000b         Data  Gb  vregs.o [4]
?b12                    0x00000c         Data  Gb  vregs.o [4]
?b13                    0x00000d         Data  Gb  vregs.o [4]
?b14                    0x00000e         Data  Gb  vregs.o [4]
?b15                    0x00000f         Data  Gb  vregs.o [4]
?b2                     0x000002         Data  Gb  vregs.o [4]
?b3                     0x000003         Data  Gb  vregs.o [4]
?b4                     0x000004         Data  Gb  vregs.o [4]
?b5                     0x000005         Data  Gb  vregs.o [4]
?b6                     0x000006         Data  Gb  vregs.o [4]
?b7                     0x000007         Data  Gb  vregs.o [4]
?b8                     0x000008         Data  Gb  vregs.o [4]
?b9                     0x000009         Data  Gb  vregs.o [4]
?dc32_px                0x009fc2         Code  Gb  dc_util.o [4]
?dec32_0x_0x            0x0085ba         Code  Gb  long.o [4]
?dec32_l1_l1            0x0085ab         Code  Gb  long.o [4]
?dec32_l2_l2            0x0085b0         Code  Gb  long.o [4]
?dec32_l3_l3            0x0085b5         Code  Gb  long.o [4]
?e0                     0x000001         Data  Gb  vregs.o [4]
?e1                     0x000005         Data  Gb  vregs.o [4]
?e2                     0x000009         Data  Gb  vregs.o [4]
?e3                     0x00000d         Data  Gb  vregs.o [4]
?epilogue_l2            0x00897a         Code  Gb  vreg_util.o [4]
?epilogue_l2_l3         0x008977         Code  Gb  vreg_util.o [4]
?epilogue_w4            0x00897e         Code  Gb  vreg_util.o [4]
?inc32_0x_0x            0x00859d         Code  Gb  long.o [4]
?inc32_l0_l0            0x008593         Code  Gb  long.o [4]
?inc32_l2_l2            0x008598         Code  Gb  long.o [4]
?l0                     0x000000         Data  Gb  vregs.o [4]
?l1                     0x000004         Data  Gb  vregs.o [4]
?l2                     0x000008         Data  Gb  vregs.o [4]
?l3                     0x00000c         Data  Gb  vregs.o [4]
?load32_0x_l0           0x0099e9         Code  Gb  long_util.o [4]
?load32_0x_l1           0x0099f7         Code  Gb  long_util.o [4]
?load32_l0_0x           0x0099d1         Code  Gb  long_util.o [4]
?load32_l1_0x           0x0099dd         Code  Gb  long_util.o [4]
?mov_e0_e2              0x00898c         Code  Gb  vreg_util.o [4]
?mov_e1_e0              0x008999         Code  Gb  vreg_util.o [4]
?mov_e1_e2              0x0089a6         Code  Gb  vreg_util.o [4]
?mov_e2_e0              0x0089b3         Code  Gb  vreg_util.o [4]
?mov_l0_l2              0x008989         Code  Gb  vreg_util.o [4]
?mov_l1_l0              0x008996         Code  Gb  vreg_util.o [4]
?mov_l1_l2              0x0089a3         Code  Gb  vreg_util.o [4]
?mov_l2_l0              0x0089b0         Code  Gb  vreg_util.o [4]
?mov_w1_w5              0x00898f         Code  Gb  vreg_util.o [4]
?mov_w2_w1              0x008982         Code  Gb  vreg_util.o [4]
?mov_w3_w1              0x00899c         Code  Gb  vreg_util.o [4]
?mov_w3_w5              0x0089a9         Code  Gb  vreg_util.o [4]
?mov_w5_w1              0x0089b6         Code  Gb  vreg_util.o [4]
?move1616_v_x_y_a       0x009f93         Code  Gb  move.o [4]
?mul32_l0_l0_0x         0x0085ee         Code  Gb  long.o [4]
?mul32_l0_l0_dl         0x0085eb         Code  Gb  long.o [4]
?mul32_l0_l0_l1         0x0085f7         Code  Gb  long.o [4]
?or32_l0_l0_0x          0x00869e         Code  Gb  long.o [4]
?or32_l0_l0_l1          0x00869b         Code  Gb  long.o [4]
?pop_l0                 0x008943         Code  Gb  vreg_util.o [4]
?pop_l1                 0x00894e         Code  Gb  vreg_util.o [4]
?pop_l2                 0x008959         Code  Gb  vreg_util.o [4]
?pop_l3                 0x008964         Code  Gb  vreg_util.o [4]
?pop_w4                 0x008903         Code  Gb  vreg_util.o [4]
?push_l0                0x008912         Code  Gb  vreg_util.o [4]
?push_l1                0x008917         Code  Gb  vreg_util.o [4]
?push_l2                0x00891c         Code  Gb  vreg_util.o [4]
?push_l3                0x008921         Code  Gb  vreg_util.o [4]
?push_w4                0x0088eb         Code  Gb  vreg_util.o [4]
?sll16_x_x_a            0x009d8e         Code  Gb  short.o [4]
?sll32_0x_0x_a          0x0086d4         Code  Gb  long.o [4]
?sll32_l0_l0_a          0x0086d1         Code  Gb  long.o [4]
?smod16_y_x_y           0x009d7e         Code  Gb  short.o [4]
?srl16_x_x_4            0x009d96         Code  Gb  short.o [4]
?ucmp32_c_l0_l1         0x008675         Code  Gb  long.o [4]
?w0                     0x000000         Data  Gb  vregs.o [4]
?w1                     0x000002         Data  Gb  vregs.o [4]
?w2                     0x000004         Data  Gb  vregs.o [4]
?w3                     0x000006         Data  Gb  vregs.o [4]
?w4                     0x000008         Data  Gb  vregs.o [4]
?w5                     0x00000a         Data  Gb  vregs.o [4]
?w6                     0x00000c         Data  Gb  vregs.o [4]
?w7                     0x00000e         Data  Gb  vregs.o [4]
?xor32_l0_l0_0x         0x0086b9         Code  Gb  long.o [4]
?xor32_l0_l0_l1         0x0086b6         Code  Gb  long.o [4]
ADC1_COMP_IRQHandler    0x00a045    0x1  Code  Gb  stm8l15x_it.o [1]
ADC_DeInit              0x009538   0x55  Code  Gb  stm8l15x_adc.o [1]
Active_Halt_Colse       0x0097c2   0x40  Code  Gb  ActiveHalt.o [1]
Active_Halt_Open        0x009f86    0xd  Code  Gb  ActiveHalt.o [1]
Awaken                  0x000130    0x1  Data  Gb  data.o [1]
Bat_Check               0x00958d   0x52  Code  Lc  program.o [1]
Bat_Check_Prestate      0x000134    0x1  Data  Gb  program.o [1]
Bat_Check_state         0x00012f    0x1  Data  Gb  data.o [1]
Bat_Checktimes          0x00001a    0x2  Data  Gb  stm8l15x_it.o [1]
Bat_CtrlValve           0x000014    0x2  Data  Gb  main.o [1]
BuildPacket             0x0096b8   0x43  Code  Gb  Rfm64.o [1]
BuildPacket::counter    0x000136    0x1  Data  Lc  Rfm64.o [1]
CLK_Config              0x009be0   0x26  Code  Gb  rtc.o [1]
CLK_DeInit              0x009781   0x41  Code  Gb  stm8l15x_clk.o [1]
CLK_GetFlagStatus       0x008bfb   0x98  Code  Gb  stm8l15x_clk.o [1]
CLK_GetSYSCLKSource     0x00a010    0x4  Code  Gb  stm8l15x_clk.o [1]
CLK_HSICmd              0x009f40    0xe  Code  Gb  stm8l15x_clk.o [1]
CLK_LSICmd              0x009f4e    0xe  Code  Gb  stm8l15x_clk.o [1]
CLK_PeripheralClockConfig
                        0x008dbc   0x8e  Code  Gb  stm8l15x_clk.o [1]
CLK_RTCClockConfig      0x009fcd    0xa  Code  Gb  stm8l15x_clk.o [1]
CLK_SYSCLKDivConfig     0x00a014    0x4  Code  Gb  stm8l15x_clk.o [1]
CLK_SYSCLKSourceConfig  0x00a00c    0x4  Code  Gb  stm8l15x_clk.o [1]
CLK_SYSCLKSourceSwitchCmd
                        0x009f5c    0xe  Code  Gb  stm8l15x_clk.o [1]
CSTACK$$Base            0x000700          --   Gb  - Linker created -
CSTACK$$Limit           0x000800          --   Gb  - Linker created -
CheckID                 0x000131    0x1  Data  Gb  data.o [1]
Cooker_AFN_Handle       0x0089bd   0xc2  Code  Gb  Extdata.o [1]
Cooker_SendGas_CTRL     0x009672   0x46  Code  Gb  Extdata.o [1]
Cooker_SendSetIdResult  0x009882   0x3d  Code  Gb  Extdata.o [1]
Cooker_TimeGet          0x00a020    0x4  Code  Gb  timer.o [1]
DMA1_CHANNEL0_1_IRQHandler
                        0x00a036    0x1  Code  Gb  stm8l15x_it.o [1]
DMA1_CHANNEL2_3_IRQHandler
                        0x00a037    0x1  Code  Gb  stm8l15x_it.o [1]
EXTI0_IRQHandler        0x00a03b    0x1  Code  Gb  stm8l15x_it.o [1]
EXTI1_IRQHandler        0x00a03c    0x1  Code  Gb  stm8l15x_it.o [1]
EXTI2_IRQHandler        0x00a03d    0x1  Code  Gb  stm8l15x_it.o [1]
EXTI3_IRQHandler        0x00a03e    0x1  Code  Gb  stm8l15x_it.o [1]
EXTI4_IRQHandler        0x00a03f    0x1  Code  Gb  stm8l15x_it.o [1]
EXTI5_IRQHandler        0x00a040    0x1  Code  Gb  stm8l15x_it.o [1]
EXTI6_IRQHandler        0x00a041    0x1  Code  Gb  stm8l15x_it.o [1]
EXTI7_IRQHandler        0x00a042    0x1  Code  Gb  stm8l15x_it.o [1]
EXTIB_G_IRQHandler      0x00a039    0x1  Code  Gb  stm8l15x_it.o [1]
EXTID_H_IRQHandler      0x00a03a    0x1  Code  Gb  stm8l15x_it.o [1]
EXTIE_F_PVD_IRQHandler  0x00a038    0x1  Code  Gb  stm8l15x_it.o [1]
FLASH_GetFlagStatus     0x009de9   0x18  Code  Gb  stm8l15x_flash.o [1]
FLASH_IRQHandler        0x00a035    0x1  Code  Gb  stm8l15x_it.o [1]
FLASH_Lock              0x009fb7    0xb  Code  Gb  stm8l15x_flash.o [1]
FLASH_ProgramByte       0x00a018    0x4  Code  Gb  stm8l15x_flash.o [1]
FLASH_ReadByte          0x00a01c    0x4  Code  Gb  stm8l15x_flash.o [1]
FLASH_ReadNByte         0x009802   0x40  Code  Gb  Extdata.o [1]
FLASH_SetProgrammingTime
                        0x009f23    0xf  Code  Gb  stm8l15x_flash.o [1]
FLASH_Unlock            0x009dd0   0x19  Code  Gb  stm8l15x_flash.o [1]
FLASH_WaitForLastOperation
                        0x00941a   0x61  Code  Gb  stm8l15x_flash.o [1]
FLASH_WriteNByte        0x008c93   0x95  Code  Gb  Extdata.o [1]
FirstPower_CheckService
                        0x008809   0xe2  Code  Gb  program.o [1]
GPIO_DeInit             0x009e97   0x13  Code  Gb  stm8l15x_gpio.o [1]
GPIO_Init               0x008e4a   0x8e  Code  Gb  stm8l15x_gpio.o [1]
GPIO_Init_Colse         0x009629   0x49  Code  Gb  ActiveHalt.o [1]
GPIO_Initial            0x00973e   0x43  Code  Gb  SPI.o [1]
GPIO_ReadInputDataBit   0x009eaa   0x13  Code  Gb  stm8l15x_gpio.o [1]
GPIO_ResetBits          0x009ff2    0x8  Code  Gb  stm8l15x_gpio.o [1]
GPIO_SetBits            0x009ffa    0x7  Code  Gb  stm8l15x_gpio.o [1]
GPIO_WriteBit           0x009ee2   0x12  Code  Gb  stm8l15x_gpio.o [1]
GasValue_Charge         0x000132    0x1  Data  Gb  main.o [1]
Gas_Check               0x009289   0x65  Code  Lc  program.o [1]
Gas_Check_Prestate      0x000135    0x1  Data  Gb  program.o [1]
Gas_Pressure_state      0x00012e    0x1  Data  Gb  data.o [1]
Gas_check_Times         0x000133    0x1  Data  Gb  program.o [1]
Gas_check_flag          0x000016    0x1  Data  Gb  program.o [1]
GetMasterId             0x009e01   0x17  Code  Gb  data.o [1]
HX712_GPIO_INIT         0x009e18   0x17  Code  Gb  HX712.o [1]
HX712_Init_Mode         0x0094da   0x5e  Code  Gb  HX712.o [1]
HardWare_Init           0x009b92   0x27  Code  Gb  program.o [1]
I2C1_SPI2_IRQHandler    0x00a04e    0x1  Code  Gb  stm8l15x_it.o [1]
INTVEC$$Base            0x008000          --   Gb  - Linker created -
INTVEC$$Limit           0x008080          --   Gb  - Linker created -
InitSX1212              0x009353   0x64  Code  Gb  Rfm64.o [1]
LCD_AES_IRQHandler      0x00a043    0x1  Code  Gb  stm8l15x_it.o [1]
LowPowerStart           0x009b42   0x28  Code  Gb  program.o [1]
LowPowerStop            0x009ed0   0x12  Code  Gb  program.o [1]
MasterParse_Addr        0x009c73   0x22  Code  Lc  data.o [1]
MasterParse_Check       0x00914d   0x6d  Code  Lc  data.o [1]
MasterParse_Cmd         0x009e45   0x15  Code  Lc  data.o [1]
MasterParse_Header      0x009ef4   0x10  Code  Lc  data.o [1]
MasterParse_Length      0x009fd7    0x9  Code  Lc  data.o [1]
MasterParse_Nop         0x00a033    0x1  Code  Lc  data.o [1]
MasterParse_Payload     0x00999d   0x34  Code  Lc  data.o [1]
Master_Ack              0x000111    0x3  Data  Gb  Extdata.o [1]
Master_data_Prase       0x008fdd   0x7d  Code  Gb  data.o [1]
Master_data_Prase::delay
                        0x000119    0x2  Data  Lc  data.o [1]
PWR_FastWakeUpCmd       0x009f6a    0xe  Code  Gb  stm8l15x_pwr.o [1]
PWR_UltraLowPowerCmd    0x009f78    0xe  Code  Gb  stm8l15x_pwr.o [1]
Power_CurState          0x00011f    0x2  Data  Gb  stm8l15x_it.o [1]
Power_PreState          0x000121    0x2  Data  Gb  stm8l15x_it.o [1]
READ_Level              0x009a69   0x2f  Code  Gb  ETC.o [1]
RF_Pkt                  0x0000cc   0x21  Data  Gb  Rfm64.o [1]
RTC_CSSLSE_IRQHandler   0x0095df   0x4a  Code  Gb  stm8l15x_it.o [1]
RTC_ClearITPendingBit   0x009fa0    0xc  Code  Gb  stm8l15x_rtc.o [1]
RTC_Config              0x0096fb   0x43  Code  Gb  rtc.o [1]
RTC_ITConfig            0x0098bf   0x3b  Code  Gb  stm8l15x_rtc.o [1]
RTC_SetWakeUpCounter    0x009e5a   0x15  Code  Gb  stm8l15x_rtc.o [1]
RTC_WakeUpClockConfig   0x009c50   0x23  Code  Gb  stm8l15x_rtc.o [1]
RTC_WakeUpCmd           0x009842   0x40  Code  Gb  stm8l15x_rtc.o [1]
Rcv_MasterAck           0x009224   0x65  Code  Gb  data.o [1]
Rcv_MasterDataParse     0x008a7f   0xbf  Code  Gb  data.o [1]
ReadCount               0x008f5b   0x82  Code  Lc  HX712.o [1]
ReadVoltage             0x008ed8   0x83  Code  Lc  HX712.o [1]
ReceiveRfFrame          0x00905a   0x7c  Code  Gb  Rfm64.o [1]
Region$$Table$$Base     0x009cb6          --   Gb  - Linker created -
Region$$Table$$Limit    0x009cc8          --   Gb  - Linker created -
RegistersCfg            0x009af2   0x28  Data  Lc  Rfm64.o [1]
SPI1_IRQHandler         0x00a04c    0x1  Code  Gb  stm8l15x_it.o [1]
SWITCH_CSS_BREAK_DAC_IRQHandler
                        0x00a044    0x1  Code  Gb  stm8l15x_it.o [1]
SendRfFrame             0x0091ba   0x6a  Code  Gb  Rfm64.o [1]
SetRFMode               0x008280  0x1c3  Code  Gb  Rfm64.o [1]
SetRFMode::pre_mode     0x000017    0x1  Data  Lc  Rfm64.o [1]
SlaveGasCTRL            0x00011d    0x2  Data  Gb  Extdata.o [1]
SlaveSendSetIdResult    0x00011b    0x2  Data  Gb  Extdata.o [1]
Slave_BackupId          0x0000ed   0x20  Data  Lc  Extdata.o [1]
Slave_GasBat_SendService
                        0x008b3e   0xbd  Code  Gb  program.o [1]
Slave_Load              0x0086e2  0x127  Code  Gb  data.o [1]
Slave_Send_BatState     0x009d61   0x1d  Code  Gb  data.o [1]
Slave_Send_GasCtrl      0x0090d6   0x77  Code  Gb  data.o [1]
Slave_Send_GasState     0x009d44   0x1d  Code  Gb  data.o [1]
Slave_Service           0x009ac5   0x2d  Code  Gb  program.o [1]
Slave_WirelessSendLoad  0x009ce8   0x1f  Code  Gb  data.o [1]
Sleep_times             0x000018    0x2  Data  Gb  stm8l15x_it.o [1]
SpiInOut                0x00947b   0x5f  Code  Lc  Rfm64.o [1]
TEV_CTRL_INIT           0x009c95   0x21  Code  Gb  ETC.o [1]
TEV_GPIO_INIT           0x009fac    0xb  Code  Gb  ETC.o [1]
TIM1_CC_IRQHandler      0x00a04a    0x1  Code  Gb  stm8l15x_it.o [1]
TIM1_UPD_OVF_TRG_COM_IRQHandler
                        0x00a049    0x1  Code  Gb  stm8l15x_it.o [1]
TIM2_CC_USART2_RX_IRQHandler
                        0x00a047    0x1  Code  Gb  stm8l15x_it.o [1]
TIM2_UPD_OVF_TRG_BRK_USART2_TX_IRQHandler
                        0x00a046    0x1  Code  Gb  stm8l15x_it.o [1]
TIM3_CC_USART3_RX_IRQHandler
                        0x00a048    0x1  Code  Gb  stm8l15x_it.o [1]
TIM3_ClearITPendingBit  0x009fe0    0x9  Code  Gb  stm8l15x_tim3.o [1]
TIM3_DeInit             0x0092ee   0x65  Code  Gb  stm8l15x_tim3.o [1]
TIM3_Handle             0x00a04f    0x1  Code  Gb  timer.o [1]
TIM3_UPD_OVF_TRG_BRK_USART3_TX_IRQHandler
                        0x009d9b   0x1b  Code  Gb  stm8l15x_it.o [1]
TIM4_UPD_OVF_TRG_IRQHandler
                        0x00a04b    0x1  Code  Gb  stm8l15x_it.o [1]
TRAP_IRQHandler         0x00a034    0x1  Code  Gb  stm8l15x_it.o [1]
USART1_RX_TIM5_CC_IRQHandler
                        0x009931   0x37  Code  Gb  stm8l15x_it.o [1]
USART1_TX_TIM5_UPD_OVF_TRG_BRK_IRQHandler
                        0x00a04d    0x1  Code  Gb  stm8l15x_it.o [1]
USART_DeInit            0x009bb9   0x27  Code  Gb  stm8l15x_usart.o [1]
USART_GetFlagStatus     0x009968   0x35  Code  Gb  stm8l15x_usart.o [1]
USART_ReceiveData8      0x00a024    0x3  Code  Gb  stm8l15x_usart.o [1]
USART_SendData8         0x00a001    0x6  Code  Gb  stm8l15x_usart.o [1]
Updata_Awaken_Config    0x009c06   0x25  Code  Lc  data.o [1]
Updata_Normal_Config    0x009c2b   0x25  Code  Lc  data.o [1]
_Rand_idx               0x00010d    0x4  Data  Lc  rand.o [4]
_Rand_rv                0x000020   0x80  Data  Lc  rand.o [4]
_Randinit               0x000137    0x1  Data  Gb  rand.o [4]
_Randseed               0x00001c    0x4  Data  Gb  rand.o [4]
_SpiConfig              0x0093b7   0x63  Code  Gb  Rfm64.o [1]
__DebugBreak            0x00a050    0x1  Code  Gb  __dbg_break.o [3]
__exit                  0x009e83   0x14  Code  Gb  __dbg_xxexit.o [3]
__iar_Tls_setup__Rand_idx
                        0x000129    0x2  Data  Lc  rand.o [4]
__iar_Tls_setup__Rand_rv
                        0x00012b    0x2  Data  Lc  rand.o [4]
__iar_Tls_setup__Randinit
                        0x000125    0x2  Data  Gb  rand.o [4]
__iar_Tls_setup__Randseed
                        0x000127    0x2  Data  Gb  rand.o [4]
__iar_copy_init2        0x009b6a         Code  Gb  init_small.o [4]
__iar_data_init2        0x009e6f   0x14  Code  Gb  init.o [4]
__iar_program_start     0x009ebd         Code  Gb  cstartup.o [4]
__iar_unhandled_exception
                        0x00a030         Code  Gb  unhandled_exception.o [4]
__iar_zero_init2        0x009d26         Code  Gb  init_small.o [4]
__intvec                0x008000         Data  Gb  interrupt.o [4]
__low_level_init        0x00a02a    0x3  Code  Gb  low_level_init.o [4]
_exit                   0x00a007         Code  Gb  cexit.o [4]
_interrupt_1            0x00a034         Code  Gb  stm8l15x_it.o [1]
_interrupt_10           0x00a03b         Code  Gb  stm8l15x_it.o [1]
_interrupt_11           0x00a03c         Code  Gb  stm8l15x_it.o [1]
_interrupt_12           0x00a03d         Code  Gb  stm8l15x_it.o [1]
_interrupt_13           0x00a03e         Code  Gb  stm8l15x_it.o [1]
_interrupt_14           0x00a03f         Code  Gb  stm8l15x_it.o [1]
_interrupt_15           0x00a040         Code  Gb  stm8l15x_it.o [1]
_interrupt_16           0x00a041         Code  Gb  stm8l15x_it.o [1]
_interrupt_17           0x00a042         Code  Gb  stm8l15x_it.o [1]
_interrupt_18           0x00a043         Code  Gb  stm8l15x_it.o [1]
_interrupt_19           0x00a044         Code  Gb  stm8l15x_it.o [1]
_interrupt_20           0x00a045         Code  Gb  stm8l15x_it.o [1]
_interrupt_21           0x00a046         Code  Gb  stm8l15x_it.o [1]
_interrupt_22           0x00a047         Code  Gb  stm8l15x_it.o [1]
_interrupt_23           0x009d9b         Code  Gb  stm8l15x_it.o [1]
_interrupt_24           0x00a048         Code  Gb  stm8l15x_it.o [1]
_interrupt_25           0x00a049         Code  Gb  stm8l15x_it.o [1]
_interrupt_26           0x00a04a         Code  Gb  stm8l15x_it.o [1]
_interrupt_27           0x00a04b         Code  Gb  stm8l15x_it.o [1]
_interrupt_28           0x00a04c         Code  Gb  stm8l15x_it.o [1]
_interrupt_29           0x00a04d         Code  Gb  stm8l15x_it.o [1]
_interrupt_3            0x00a035         Code  Gb  stm8l15x_it.o [1]
_interrupt_30           0x009931         Code  Gb  stm8l15x_it.o [1]
_interrupt_31           0x00a04e         Code  Gb  stm8l15x_it.o [1]
_interrupt_4            0x00a036         Code  Gb  stm8l15x_it.o [1]
_interrupt_5            0x00a037         Code  Gb  stm8l15x_it.o [1]
_interrupt_6            0x0095df         Code  Gb  stm8l15x_it.o [1]
_interrupt_7            0x00a038         Code  Gb  stm8l15x_it.o [1]
_interrupt_8            0x00a039         Code  Gb  stm8l15x_it.o [1]
_interrupt_9            0x00a03a         Code  Gb  stm8l15x_it.o [1]
a_pfnCooker_Parse       0x009f32    0xe  Data  Lc  data.o [1]
cmp_buf                 0x0098fa   0x37  Code  Gb  Crc.o [1]
crc16_ccitt_byte        0x009a98   0x2d  Code  Gb  Crc.o [1]
crc16_ccitt_table       0x008080  0x200  Data  Lc  Crc.o [1]
delay_ms                0x009b1a   0x28  Code  Gb  delay.o [1]
delay_us                0x009f14    0xf  Code  Gb  delay.o [1]
exit                    0x00a02d    0x3  Code  Gb  exit.o [4]
fun_status              0x000114    0x3  Data  Gb  main.o [1]
mPARSE_State            0x00012d    0x1  Data  Lc  data.o [1]
main                    0x008443  0x150  Code  Gb  main.o [1]
memcpy                  0x009d07   0x1f  Code  Gb  memcpy.o [4]
memset                  0x009e2f   0x16  Code  Gb  memset.o [4]
rand                    0x008d28   0x94  Code  Gb  rand.o [4]
tCooker_Entity          0x0000a0   0x2c  Data  Lc  data.o [1]
tx_ReadCount            0x009a05   0x32  Code  Gb  HX712.o [1]
tx_ReadVoltage          0x009a37   0x32  Code  Gb  HX712.o [1]
usCooker_ParseCheck     0x000010    0x4  Data  Lc  data.o [1]
usCooker_ParseLength    0x000117    0x2  Data  Lc  data.o [1]
usSystemTick            0x000123    0x2  Data  Lc  timer.o [1]


[1] = E:\PROJECT\gas\client_stm8\SENSOR_send\SENSORMDK\Debug\Obj
[2] = command line
[3] = dbgstm8smd.a
[4] = dlstm8smf.a

  7 513 bytes of readonly  code memory
    760 bytes of readonly  data memory
    568 bytes of readwrite data memory

Errors: none
Warnings: none
